Component: ARM Compiler 5.06 update 7 (build 960) Tool: armlink [4d3601]

==============================================================================

Section Cross References

    application.o(i.application_init) refers to system_status.o(i.system_status_module_init) for system_status_module_init
    application.o(i.application_init) refers to date_time.o(i.date_time_module_init) for date_time_module_init
    application.o(i.application_init) refers to spi_device.o(i.spi_device_module_init) for spi_device_module_init
    application.o(i.application_init) refers to ext_flash.o(i.ext_flash_module_init) for ext_flash_module_init
    application.o(i.application_init) refers to errors.o(i.errors_module_init) for errors_module_init
    application.o(i.application_init) refers to log.o(i.log_module_init) for log_module_init
    application.o(i.application_init) refers to adc12.o(i.adc12_module_init) for adc12_module_init
    application.o(i.application_init) refers to leds.o(i.leds_module_init) for leds_module_init
    application.o(i.application_init) refers to parameters.o(i.parameters_module_init) for parameters_module_init
    application.o(i.application_init) refers to serial.o(i.serial_module_init) for serial_module_init
    application.o(i.application_init) refers to trace.o(i.trace_module_init) for trace_module_init
    application.o(i.application_init) refers to terminal.o(i.terminal_module_init) for terminal_module_init
    application.o(i.application_init) refers to meter.o(i.meter_module_init) for meter_module_init
    application.o(i.application_start) refers to leds.o(i.led_blink_repetitions) for led_blink_repetitions
    meter.o(i.meter_module_init) refers to rtx_thread.o(.text.osThreadNew) for osThreadNew
    meter.o(i.meter_module_init) refers to errors.o(i.__handle_error) for __handle_error
    meter.o(i.meter_module_init) refers to meter.o(.constdata) for Meter_Thread_Attributes
    meter.o(i.meter_module_init) refers to meter.o(i.meter_task) for meter_task
    meter.o(i.meter_module_init) refers to meter.o(.data) for Meter_Thread_Id
    meter.o(i.meter_task) refers to adc12.o(i.adc12_set_thread) for adc12_set_thread
    meter.o(i.meter_task) refers to adc12.o(i.adc12_start) for adc12_start
    meter.o(i.meter_task) refers to rtx_thread.o(.text.osThreadFlagsWait) for osThreadFlagsWait
    meter.o(i.meter_task) refers to adc12.o(i.adc12_get) for adc12_get
    meter.o(i.meter_task) refers to memmovea.o(.text) for __aeabi_memcpy
    meter.o(i.meter_task) refers to meter.o(.data) for Meter_Thread_Id
    parameters_app.o(.constdata) refers to parameters_app.o(.data) for Socket_Trace_Level
    parameters_app.o(.constdata) refers to parameters_app.o(.conststring) for .conststring
    serial_app.o(i.serial_app_module_init) refers to errors.o(i.__handle_error) for __handle_error
    serial_app.o(i.serial_app_module_init) refers to serial_app.o(.constdata) for Serial_Handle
    serial_app.o(.constdata) refers to usart.o(.bss) for huart2
    serial_app.o(.constdata) refers to serial_app.o(.bss) for Serial_Data_Uart_2
    serial_app.o(.constdata) refers to usart.o(i.MX_USART2_UART_Init) for MX_USART2_UART_Init
    serial_app.o(.constdata) refers to stm32g0xx_hal_uart.o(i.HAL_UART_DeInit) for HAL_UART_DeInit
    serial_app.o(.constdata) refers to usart.o(i.MX_USART3_UART_Init) for MX_USART3_UART_Init
    version.o(.constdata) refers to version.o(.conststring) for .conststring
    adc12.o(i.HAL_ADC_ConvCpltCallback) refers to rtx_thread.o(.text.osThreadFlagsSet) for osThreadFlagsSet
    adc12.o(i.HAL_ADC_ConvCpltCallback) refers to adc12.o(.bss) for Adc_Dma_Buffer
    adc12.o(i.HAL_ADC_ConvCpltCallback) refers to adc12.o(.data) for Adc_Buffer_Pointer
    adc12.o(i.HAL_ADC_ConvHalfCpltCallback) refers to rtx_thread.o(.text.osThreadFlagsSet) for osThreadFlagsSet
    adc12.o(i.HAL_ADC_ConvHalfCpltCallback) refers to adc12.o(.bss) for Adc_Dma_Buffer
    adc12.o(i.HAL_ADC_ConvHalfCpltCallback) refers to adc12.o(.data) for Adc_Buffer_Pointer
    adc12.o(i.adc12_get) refers to errors.o(i.__handle_error) for __handle_error
    adc12.o(i.adc12_get) refers to adc12.o(.data) for Adc_Buffer_Pointer
    adc12.o(i.adc12_module_init) refers to adc12_app.o(i.adc12_app_module_init) for adc12_app_module_init
    adc12.o(i.adc12_module_init) refers to stm32g0xx_hal_adc_ex.o(i.HAL_ADCEx_Calibration_Start) for HAL_ADCEx_Calibration_Start
    adc12.o(i.adc12_module_init) refers to errors.o(i.__handle_error) for __handle_error
    adc12.o(i.adc12_module_init) refers to adc.o(.bss) for hadc1
    adc12.o(i.adc12_module_init) refers to adc12.o(.data) for Adc_Buffer_Pointer
    adc12.o(i.adc12_set_thread) refers to errors.o(i.__handle_error) for __handle_error
    adc12.o(i.adc12_set_thread) refers to adc12.o(.data) for Adc_Post_Processing_Thread_Id
    adc12.o(i.adc12_start) refers to errors.o(i.__handle_error) for __handle_error
[...]
    HAL_UARTEx_DisableFifoMode               0x08004bc5   Thumb Code    66  stm32g0xx_hal_uart_ex.o(i.HAL_UARTEx_DisableFifoMode)
    HAL_UARTEx_SetRxFifoThreshold            0x08004c07   Thumb Code    78  stm32g0xx_hal_uart_ex.o(i.HAL_UARTEx_SetRxFifoThreshold)
    HAL_UARTEx_SetTxFifoThreshold            0x08004c55   Thumb Code    76  stm32g0xx_hal_uart_ex.o(i.HAL_UARTEx_SetTxFifoThreshold)
    HAL_UART_DeInit                          0x08004ca1   Thumb Code    64  stm32g0xx_hal_uart.o(i.HAL_UART_DeInit)
    HAL_UART_Init                            0x08004ce1   Thumb Code   112  stm32g0xx_hal_uart.o(i.HAL_UART_Init)
    HAL_UART_MspDeInit                       0x08004d51   Thumb Code    70  usart.o(i.HAL_UART_MspDeInit)
    HAL_UART_MspInit                         0x08004da9   Thumb Code   164  usart.o(i.HAL_UART_MspInit)
    HardFault_Handler                        0x08004e5d   Thumb Code    18  errors.o(i.HardFault_Handler)
    MX_ADC1_Init                             0x08004ec1   Thumb Code   332  adc.o(i.MX_ADC1_Init)
    MX_DMA_Init                              0x0800503d   Thumb Code    52  dma.o(i.MX_DMA_Init)
    MX_GPIO_Init                             0x08005075   Thumb Code   126  gpio.o(i.MX_GPIO_Init)
    MX_SPI1_Init                             0x080050fd   Thumb Code    72  spi.o(i.MX_SPI1_Init)
    MX_TIM15_Init                            0x08005155   Thumb Code   118  tim.o(i.MX_TIM15_Init)
    MX_USART2_UART_Init                      0x080051e1   Thumb Code   120  usart.o(i.MX_USART2_UART_Init)
    MX_USART3_UART_Init                      0x08005269   Thumb Code    56  usart.o(i.MX_USART3_UART_Init)
    SystemClock_Config                       0x080055f1   Thumb Code   154  main.o(i.SystemClock_Config)
    SystemCoreClockUpdate                    0x08005699   Thumb Code   126  system_stm32g0xx.o(i.SystemCoreClockUpdate)
    SystemInit                               0x08005729   Thumb Code    10  system_stm32g0xx.o(i.SystemInit)
    TIM14_IRQHandler                         0x08005739   Thumb Code    50  kernel.o(i.TIM14_IRQHandler)
    TIM_Base_SetConfig                       0x08005775   Thumb Code   112  stm32g0xx_hal_tim.o(i.TIM_Base_SetConfig)
    TIM_ETR_SetConfig                        0x080057fd   Thumb Code    22  stm32g0xx_hal_tim.o(i.TIM_ETR_SetConfig)
    UART_AdvFeatureConfig                    0x080058d1   Thumb Code   202  stm32g0xx_hal_uart.o(i.UART_AdvFeatureConfig)
    UART_CheckIdleState                      0x0800599d   Thumb Code    94  stm32g0xx_hal_uart.o(i.UART_CheckIdleState)
    UART_SetConfig                           0x08005a01   Thumb Code   744  stm32g0xx_hal_uart.o(i.UART_SetConfig)
    UART_WaitOnFlagUntilTimeout              0x08005d0d   Thumb Code   102  stm32g0xx_hal_uart.o(i.UART_WaitOnFlagUntilTimeout)
    USART2_IRQHandler                        0x08005d75   Thumb Code    10  stm32g0xx_it.o(i.USART2_IRQHandler)
    USART3_4_IRQHandler                      0x08005d85   Thumb Code    10  stm32g0xx_it.o(i.USART3_4_IRQHandler)
    __0snprintf                              0x08005d95   Thumb Code    50  printfa.o(i.__0snprintf)
    __1snprintf                              0x08005d95   Thumb Code     0  printfa.o(i.__0snprintf)
    __2snprintf                              0x08005d95   Thumb Code     0  printfa.o(i.__0snprintf)
    __c89snprintf                            0x08005d95   Thumb Code     0  printfa.o(i.__0snprintf)
    snprintf                                 0x08005d95   Thumb Code     0  printfa.o(i.__0snprintf)
    __0sprintf                               0x08005dcd   Thumb Code    36  printfa.o(i.__0sprintf)
    __1sprintf                               0x08005dcd   Thumb Code     0  printfa.o(i.__0sprintf)
    __2sprintf                               0x08005dcd   Thumb Code     0  printfa.o(i.__0sprintf)
    __c89sprintf                             0x08005dcd   Thumb Code     0  printfa.o(i.__0sprintf)
    sprintf                                  0x08005dcd   Thumb Code     0  printfa.o(i.__0sprintf)
    __ARM_clz                                0x08005df5   Thumb Code    46  depilogue.o(i.__ARM_clz)
    __ARM_common_switch8                     0x08005e23   Thumb Code    26  stm32g0xx_hal_dma.o(i.__ARM_common_switch8)
    __aeabi_errno_addr                       0x08005eb5   Thumb Code     4  errno.o(i.__aeabi_errno_addr)
    __rt_errno_addr                          0x08005eb5   Thumb Code     0  errno.o(i.__aeabi_errno_addr)
    __handle_error                           0x08005ebd   Thumb Code    20  errors.o(i.__handle_error)
    __read_errno                             0x08005ed1   Thumb Code     6  errno.o(i.__read_errno)
    __scatterload_copy                       0x08005edd   Thumb Code    14  handlers.o(i.__scatterload_copy)
    __scatterload_null                       0x08005eeb   Thumb Code     2  handlers.o(i.__scatterload_null)
    __scatterload_zeroinit                   0x08005eed   Thumb Code    14  handlers.o(i.__scatterload_zeroinit)
    __set_errno                              0x08005efd   Thumb Code     6  errno.o(i.__set_errno)
    _is_digit                                0x08005f09   Thumb Code    14  scanf_fp.o(i._is_digit)
    adc12_app_module_init                    0x08005f83   Thumb Code     2  adc12_app.o(i.adc12_app_module_init)
    adc12_get                                0x08005f85   Thumb Code    30  adc12.o(i.adc12_get)
    adc12_module_init                        0x08005fb1   Thumb Code    42  adc12.o(i.adc12_module_init)
    date_time_get_active_time                0x08005ff1   Thumb Code     6  date_time.o(i.date_time_get_active_time)
    Application_Crc                          0x08006000   Data           4  version.o(.ARM.__AT_0x08006000)
    Application_Name                         0x08006004   Data          16  version.o(.ARM.__AT_0x08006004)
    Application_Version                      0x08006014   Data          10  version.o(.ARM.__AT_0x08006014)
    adc12_set_thread                         0x08006885   Thumb Code    28  adc12.o(i.adc12_set_thread)
    adc12_start                              0x080068ad   Thumb Code   104  adc12.o(i.adc12_start)
    application_init                         0x0800692d   Thumb Code    56  application.o(i.application_init)
    application_start                        0x08006965   Thumb Code    22  application.o(i.application_start)
    atof                                     0x08006b65   Thumb Code    42  atof.o(i.atof)
    crc_16_1021                              0x08006b91   Thumb Code    40  crc_16.o(i.crc_16_1021)
    crc_16_c0c1                              0x08006bbd   Thumb Code    36  crc_16.o(i.crc_16_c0c1)
    date_time_from_seconds                   0x08006e21   Thumb Code   404  date_time.o(i.date_time_from_seconds)
    date_time_get                            0x08006fd9   Thumb Code    36  date_time.o(i.date_time_get)
    date_time_module_init                    0x08007005   Thumb Code    20  date_time.o(i.date_time_module_init)
    date_time_set                            0x08007029   Thumb Code    56  date_time.o(i.date_time_set)
    date_time_set_active_time                0x08007071   Thumb Code    18  date_time.o(i.date_time_set_active_time)
    date_time_tick                           0x08007089   Thumb Code    70  date_time.o(i.date_time_tick)
    errors_delete                            0x080070e9   Thumb Code    14  errors.o(i.errors_delete)
    errors_module_init                       0x080070f9   Thumb Code   138  errors.o(i.errors_module_init)
    errors_read_record                       0x0800718d   Thumb Code   128  errors.o(i.errors_read_record)
    ext_flash_module_init                    0x080072e5   Thumb Code   160  ext_flash.o(i.ext_flash_module_init)
    ext_flash_page_32k_erase                 0x080073a9   Thumb Code   166  ext_flash.o(i.ext_flash_page_32k_erase)
    ext_flash_program                        0x0800746d   Thumb Code   200  ext_flash.o(i.ext_flash_program)
    ext_flash_read                           0x08007549   Thumb Code   118  ext_flash.o(i.ext_flash_read)
    ext_flash_sector_64k_erase               0x080075d5   Thumb Code   138  ext_flash.o(i.ext_flash_sector_64k_erase)
    kernel                                   0x080077dd   Thumb Code   240  kernel.o(i.kernel)
    kernel_disable_statistics                0x080078f9   Thumb Code    44  kernel.o(i.kernel_disable_statistics)
    kernel_disable_timer_interrupt           0x08007939   Thumb Code    14  kernel.o(i.kernel_disable_timer_interrupt)
    kernel_enable_statistics                 0x0800794d   Thumb Code    44  kernel.o(i.kernel_enable_statistics)
    kernel_enable_timer_interrupt            0x0800798d   Thumb Code    14  kernel.o(i.kernel_enable_timer_interrupt)
    kernel_task                              0x080079a1   Thumb Code   238  kernel.o(i.kernel_task)
    led_blink_repetitions                    0x08007ab5   Thumb Code   212  leds.o(i.led_blink_repetitions)
    leds_app_module_init                     0x08007b99   Thumb Code     6  leds_app.o(i.leds_app_module_init)
    leds_module_init                         0x08007ba1   Thumb Code   128  leds.o(i.leds_module_init)
    leds_task                                0x08007c41   Thumb Code   694  leds.o(i.leds_task)
    log_append                               0x08007f0d   Thumb Code    64  log.o(i.log_append)
    log_delete                               0x08007f55   Thumb Code   102  log.o(i.log_delete)
    log_module_init                          0x08007fe9   Thumb Code   518  log.o(i.log_module_init)
    log_print                                0x0800822d   Thumb Code    96  log.o(i.log_print)
    log_task                                 0x08008299   Thumb Code   346  log.o(i.log_task)
    main                                     0x08008415   Thumb Code    40  main.o(i.main)
    mem_filled                               0x0800843d   Thumb Code    34  tools.o(i.mem_filled)
    meter_module_init                        0x08008461   Thumb Code    40  meter.o(i.meter_module_init)
    meter_task                               0x0800849d   Thumb Code    68  meter.o(i.meter_task)
    osRtxErrorNotify                         0x08008541   Thumb Code    34  kernel.o(i.osRtxErrorNotify)
    osRtxIdleThread                          0x08008565   Thumb Code    52  kernel.o(i.osRtxIdleThread)
    parameters_module_init                   0x08008675   Thumb Code  1572  parameters.o(i.parameters_module_init)
    queue_flush                              0x08008e2d   Thumb Code     8  queue.o(i.queue_flush)
    queue_length                             0x08008e35   Thumb Code    44  queue.o(i.queue_length)
    queue_os_setup                           0x08008e69   Thumb Code    50  queue.o(i.queue_os_setup)
    queue_pop                                0x08008ea5   Thumb Code   270  queue.o(i.queue_pop)
    queue_push                               0x08008fbd   Thumb Code   302  queue.o(i.queue_push)
    queue_setup                              0x080090f9   Thumb Code    22  queue.o(i.queue_setup)
    read_parameter_by_field                  0x0800924d   Thumb Code   296  parameters.o(i.read_parameter_by_field)
    save_parameters_to_flash                 0x08009439   Thumb Code   294  parameters.o(i.save_parameters_to_flash)
    serial_app_module_init                   0x08009571   Thumb Code    86  serial_app.o(i.serial_app_module_init)
    serial_clear_rx_buffer                   0x080095dd   Thumb Code    66  serial.o(i.serial_clear_rx_buffer)
    serial_irq_handle                        0x0800962d   Thumb Code   934  serial.o(i.serial_irq_handle)
    serial_module_init                       0x080099e1   Thumb Code    60  serial.o(i.serial_module_init)
    serial_open                              0x08009a35   Thumb Code   310  serial.o(i.serial_open)
    serial_rx_buffer_length                  0x08009b7d   Thumb Code    78  serial.o(i.serial_rx_buffer_length)
    serial_rx_byte                           0x08009bd9   Thumb Code   158  serial.o(i.serial_rx_byte)
    serial_tx_byte                           0x08009c85   Thumb Code   280  serial.o(i.serial_tx_byte)
    serial_tx_data                           0x08009da9   Thumb Code   386  serial.o(i.serial_tx_data)
    set_boot_selection                       0x08009f3d   Thumb Code    74  main.o(i.set_boot_selection)
    set_parameters_to_default                0x08009f89   Thumb Code   242  parameters.o(i.set_parameters_to_default)
    spi_device_done                          0x0800a09d   Thumb Code    58  spi_device.o(i.spi_device_done)
    spi_device_error                         0x0800a0e1   Thumb Code    58  spi_device.o(i.spi_device_error)
    spi_device_handle_init                   0x0800a125   Thumb Code    50  spi_device.o(i.spi_device_handle_init)
    spi_device_lock                          0x0800a16d   Thumb Code   104  spi_device.o(i.spi_device_lock)
    spi_device_module_init                   0x0800a1e5   Thumb Code    70  spi_device.o(i.spi_device_module_init)
    spi_device_rx                            0x0800a241   Thumb Code   156  spi_device.o(i.spi_device_rx)
    spi_device_tx                            0x0800a2ed   Thumb Code   156  spi_device.o(i.spi_device_tx)
    spi_device_unlock                        0x0800a399   Thumb Code   124  spi_device.o(i.spi_device_unlock)
    stm32_format_uid                         0x0800a425   Thumb Code    74  tools.o(i.stm32_format_uid)
    stm32_uid                                0x0800a47d   Thumb Code    38  tools.o(i.stm32_uid)
    str_begin                                0x0800a4b1   Thumb Code    46  tools.o(i.str_begin)
    str_fill                                 0x0800a4df   Thumb Code    36  tools.o(i.str_fill)
    str_left_trim                            0x0800a503   Thumb Code    50  tools.o(i.str_left_trim)
    str_right_trim                           0x0800a535   Thumb Code    40  tools.o(i.str_right_trim)
    system_get_status                        0x0800a55d   Thumb Code     6  system_status.o(i.system_get_status)
    system_reset_status                      0x0800a569   Thumb Code    72  system_status.o(i.system_reset_status)
    system_set_status                        0x0800a5c9   Thumb Code    72  system_status.o(i.system_set_status)
    system_status_module_init                0x0800a629   Thumb Code   120  system_status.o(i.system_status_module_init)
    system_test_status                       0x0800a6c9   Thumb Code    26  system_status.o(i.system_test_status)
    terminal_clear_rx_buffer                 0x0800a6e3   Thumb Code    20  terminal.o(i.terminal_clear_rx_buffer)
    terminal_connected                       0x0800a6f7   Thumb Code     6  terminal.o(i.terminal_connected)
    terminal_data_ready                      0x0800a6fd   Thumb Code    22  terminal.o(i.terminal_data_ready)
    terminal_get_identifier                  0x0800ab05   Thumb Code    58  terminal.o(i.terminal_get_identifier)
    terminal_get_screen_size                 0x0800ab41   Thumb Code   298  terminal.o(i.terminal_get_screen_size)
    terminal_get_separator                   0x0800ac81   Thumb Code    18  terminal.o(i.terminal_get_separator)
    terminal_module_init                     0x0800ae49   Thumb Code    40  terminal.o(i.terminal_module_init)
    terminal_read_byte                       0x0800ae8d   Thumb Code   162  terminal.o(i.terminal_read_byte)
    terminal_send_byte                       0x0800afe9   Thumb Code    28  terminal.o(i.terminal_send_byte)
    terminal_send_string                     0x0800b005   Thumb Code    38  terminal.o(i.terminal_send_string)
    terminal_task                            0x0800b129   Thumb Code   454  terminal.o(i.terminal_task)
    trace_disable                            0x0800b3c5   Thumb Code    66  trace.o(i.trace_disable)
    trace_enable                             0x0800b419   Thumb Code   102  trace.o(i.trace_enable)
    trace_module_init                        0x0800b49d   Thumb Code    56  trace.o(i.trace_module_init)
    trace_read                               0x0800b4ed   Thumb Code   134  trace.o(i.trace_read)
    uint8_to_hex                             0x0800b5a9   Thumb Code    62  tools.o(i.uint8_to_hex)
    write_parameter_by_field                 0x0800b6d9   Thumb Code   254  parameters.o(i.write_parameter_by_field)
    Led_Table                                0x0800b7ec   Data           8  leds_app.o(.constdata)
    Parameters                               0x0800b818   Data        2128  parameters_app.o(.constdata)
    Parameters_Number                        0x0800c068   Data           4  parameters_app.o(.constdata)
    Serial_Handle                            0x0800c06c   Data          56  serial_app.o(.constdata)
    Application_Build                        0x0800c0a4   Data           4  version.o(.constdata)
    Parameters_Version                       0x0800c0a8   Data          10  version.o(.constdata)
    Terminal_Command                         0x0800ca80   Data          88  terminal.o(.constdata)
    Terminal_Command_Number                  0x0800cad8   Data           4  terminal.o(.constdata)
    VT100_Delete_Left_Char                   0x0800cadc   Data           4  vt100.o(.constdata)
    VT100_Reset_Attributes                   0x0800cae0   Data           4  vt100.o(.constdata)
    VT100_Save_Attributes                    0x0800cae4   Data           4  vt100.o(.constdata)
    VT100_Restore_Attributes                 0x0800cae8   Data           4  vt100.o(.constdata)
    VT100_Erase_Screen_Down                  0x0800caec   Data           4  vt100.o(.constdata)
    VT100_Erase_Screen_Up                    0x0800caf0   Data           4  vt100.o(.constdata)
    VT100_Erase_Screen                       0x0800caf4   Data           4  vt100.o(.constdata)
    VT100_Erase_Line_From_Right              0x0800caf8   Data           4  vt100.o(.constdata)
    VT100_Erase_Line_From_Left               0x0800cafc   Data           4  vt100.o(.constdata)
    VT100_Erase_Line                         0x0800cb00   Data           4  vt100.o(.constdata)
    VT100_Hide_Cursor                        0x0800cb04   Data           4  vt100.o(.constdata)
    VT100_Show_Cursor                        0x0800cb08   Data           4  vt100.o(.constdata)
    VT100_Go_To_Begin                        0x0800cb0c   Data           4  vt100.o(.constdata)
    VT100_Char_Attribute_Off                 0x0800cb10   Data           4  vt100.o(.constdata)
    VT100_Char_Bold                          0x0800cb14   Data           4  vt100.o(.constdata)
    VT100_Char_Low_Intensity                 0x0800cb18   Data           4  vt100.o(.constdata)
    VT100_Char_Underline                     0x0800cb1c   Data           4  vt100.o(.constdata)
    VT100_Char_Blink                         0x0800cb20   Data           4  vt100.o(.constdata)
    VT100_Char_Reverse                       0x0800cb24   Data           4  vt100.o(.constdata)
    VT100_Char_Hidden                        0x0800cb28   Data           4  vt100.o(.constdata)
    VT100_Fore_Color_Black                   0x0800cb2c   Data           4  vt100.o(.constdata)
    VT100_Fore_Color_Red                     0x0800cb30   Data           4  vt100.o(.constdata)
    VT100_Fore_Color_Green                   0x0800cb34   Data           4  vt100.o(.constdata)
    VT100_Fore_Color_Yellow                  0x0800cb38   Data           4  vt100.o(.constdata)
    VT100_Fore_Color_Blue                    0x0800cb3c   Data           4  vt100.o(.constdata)
    VT100_Fore_Color_Magenta                 0x0800cb40   Data           4  vt100.o(.constdata)
    VT100_Fore_Color_Cyan                    0x0800cb44   Data           4  vt100.o(.constdata)
    VT100_Fore_Color_White                   0x0800cb48   Data           4  vt100.o(.constdata)
    VT100_Back_Color_Black                   0x0800cb4c   Data           4  vt100.o(.constdata)
    VT100_Back_Color_Red                     0x0800cb50   Data           4  vt100.o(.constdata)
    VT100_Back_Color_Green                   0x0800cb54   Data           4  vt100.o(.constdata)
    VT100_Back_Color_Yellow                  0x0800cb58   Data           4  vt100.o(.constdata)
    VT100_Back_Color_Blue                    0x0800cb5c   Data           4  vt100.o(.constdata)
    VT100_Back_Color_Magenta                 0x0800cb60   Data           4  vt100.o(.constdata)
    VT100_Back_Color_Cyan                    0x0800cb64   Data           4  vt100.o(.constdata)
    VT100_Back_Color_White                   0x0800cb68   Data           4  vt100.o(.constdata)
    VT100_Get_Screen_Size                    0x0800cb6c   Data           4  vt100.o(.constdata)
    AHBPrescTable                            0x0800cb70   Data          64  system_stm32g0xx.o(.constdata)
    APBPrescTable                            0x0800cbb0   Data          32  system_stm32g0xx.o(.constdata)
    osRtxUserSVC                             0x0800cc30   Data           4  rtx_lib.o(.constdata)
    __ctype_table                            0x0800cc34   Data         129  ctype_o.o(.constdata)
    osRtxConfig                              0x0800d3bc   Data         104  rtx_lib.o(.rodata)
    os_cb_sections                           0x0800d424   Data          56  rtx_lib.o(.rodata)
    Region$$Table$$Base                      0x0800d468   Number         0  anon$$obj.o(Region$$Table)
    Region$$Table$$Limit                     0x0800d488   Number         0  anon$$obj.o(Region$$Table)
    .bss.os.msgqueue.cb$$Base                0x20000210   Number         0  rtx_lib.o(.bss.os.msgqueue.cb)
    .bss.os.msgqueue.cb$$Limit               0x20000244   Number         0  rtx_lib.o(.bss.os.msgqueue.cb)
    .bss.os.thread.cb$$Base                  0x20000294   Number         0  rtx_lib.o(.bss.os.thread.cb)
    .bss.os.thread.cb$$Limit                 0x2000064c   Number         0  rtx_lib.o(.bss.os.thread.cb)
    Socket_Trace_Level                       0x20002704   Data           1  parameters_app.o(.data)
    Evse_Trace_Level                         0x20002705   Data           1  parameters_app.o(.data)
    I2C_Device_Trace_Level                   0x20002706   Data           1  parameters_app.o(.data)
    Diagnostic_Trace_Level                   0x20002707   Data           1  parameters_app.o(.data)
    Socket_Type_2_Control_Pilot_Connect_Filter_Time 0x20002708   Data           4  parameters_app.o(.data)
    Socket_Type_2_Control_Pilot_Settling_Time 0x2000270c   Data           4  parameters_app.o(.data)
    Socket_Type_2_Control_Pilot_Short_Settling_Time 0x20002710   Data           4  parameters_app.o(.data)
    Socket_Type_2_Control_Pilot_Wake_Up_Enable 0x20002714   Data           1  parameters_app.o(.data)
    Socket_Type_2_Control_Pilot_Sleep_Detection_Time 0x20002718   Data           4  parameters_app.o(.data)
    Socket_Type_2_Control_Pilot_Wake_Up_Gnd_Time 0x2000271c   Data           4  parameters_app.o(.data)
    Socket_Type_2_Control_Pilot_Wake_Up_High_Time 0x20002720   Data           4  parameters_app.o(.data)
    Socket_Type_2_Control_Pilot_Ventilation_Enable 0x20002724   Data           1  parameters_app.o(.data)
    Socket_Type_2_Control_Pilot_Stop_Timeout 0x20002728   Data           4  parameters_app.o(.data)
    Socket_Type_2_Control_Pilot_Simplified_Max_Current 0x2000272c   Data           4  parameters_app.o(.data)
    Socket_Type_2_Proximity_Connect_Filter_Time 0x20002730   Data           4  parameters_app.o(.data)
    Socket_Type_2_Proximity_Disconnect_Filter_Time 0x20002734   Data           4  parameters_app.o(.data)
    Socket_Type_2_Min_Current                0x20002738   Data           4  parameters_app.o(.data)
    Socket_Type_2_Max_Current                0x2000273c   Data           4  parameters_app.o(.data)
    Socket_Type_3_Control_Pilot_Connect_Filter_Time 0x20002740   Data           4  parameters_app.o(.data)
    Socket_Type_3_Control_Pilot_Settling_Time 0x20002744   Data           4  parameters_app.o(.data)
    Socket_Type_3_Control_Pilot_Short_Settling_Time 0x20002748   Data           4  parameters_app.o(.data)
    Socket_Type_3_Control_Pilot_Wake_Up_Enable 0x2000274c   Data           1  parameters_app.o(.data)
    Socket_Type_3_Control_Pilot_Sleep_Detection_Time 0x20002750   Data           4  parameters_app.o(.data)
    Socket_Type_3_Control_Pilot_Wake_Up_Gnd_Time 0x20002754   Data           4  parameters_app.o(.data)
    Socket_Type_3_Control_Pilot_Wake_Up_High_Time 0x20002758   Data           4  parameters_app.o(.data)
    Socket_Type_3_Control_Pilot_Ventilation_Enable 0x2000275c   Data           1  parameters_app.o(.data)
    Socket_Type_3_Control_Pilot_Stop_Timeout 0x20002760   Data           4  parameters_app.o(.data)
    Socket_Type_3_Control_Pilot_Simplified_Max_Current 0x20002764   Data           4  parameters_app.o(.data)
    Socket_Type_3_Proximity_Connect_Filter_Time 0x20002768   Data           4  parameters_app.o(.data)
    Socket_Type_3_Proximity_Disconnect_Filter_Time 0x2000276c   Data           4  parameters_app.o(.data)
    Socket_Type_3_Plug_Switch_Connect_Filter_Time 0x20002770   Data           4  parameters_app.o(.data)
    Socket_Type_3_Plug_Switch_Disconnect_Filter_Time 0x20002774   Data           4  parameters_app.o(.data)
    Socket_Type_3_Min_Current                0x20002778   Data           4  parameters_app.o(.data)
    Socket_Type_3_Max_Current                0x2000277c   Data           4  parameters_app.o(.data)
    Evse_Plug_In_Timeout                     0x20002780   Data           4  parameters_app.o(.data)
    Evse_Fault_Signal_Time                   0x20002784   Data           4  parameters_app.o(.data)
    Evse_Plug_Out_Timeout                    0x20002788   Data           4  parameters_app.o(.data)
    Evse_Max_Current                         0x2000278c   Data           4  parameters_app.o(.data)
    Errors_Date_Time_Seconds                 0x200027a8   Data           4  errors.o(.data)
    Trace_Enable                             0x20002810   Data           1  trace.o(.data)
    uwTickPrio                               0x20002830   Data           4  stm32g0xx_hal.o(.data)
    uwTickFreq                               0x20002834   Data           4  stm32g0xx_hal.o(.data)
    uwTick                                   0x20002838   Data           4  stm32g0xx_hal.o(.data)
    SystemCoreClock                          0x2000283c   Data           4  system_stm32g0xx.o(.data)
    osRtxInfo                                0x20002844   Data         164  rtx_kernel.o(.data.os)
    pFlash                                   0x2000583c   Data          24  stm32g0xx_hal_flash.o(.bss)
    hadc1                                    0x20005854   Data         100  adc.o(.bss)
    hdma_adc1                                0x200058b8   Data          92  adc.o(.bss)
    hspi1                                    0x20005914   Data         100  spi.o(.bss)
    hdma_spi1_rx                             0x20005978   Data          92  spi.o(.bss)
    hdma_spi1_tx                             0x200059d4   Data          92  spi.o(.bss)
    htim15                                   0x20005a30   Data          64  tim.o(.bss)
    huart2                                   0x20005a70   Data         140  usart.o(.bss)
    huart3                                   0x20005afc   Data         140  usart.o(.bss)
    __initial_sp                             0x20005f90   Data           0  startup_stm32g070xx.o(STACK)



==============================================================================

Memory Map of the image

  Image Entry point : 0x080000b9

  Load Region LR_IROM1 (Base: 0x08000000, Size: 0x0000fd48, Max: 0x00020000, ABSOLUTE, COMPRESSED[0x0000d4f4])

    Execution Region ER_IROM1 (Exec base: 0x08000000, Load base: 0x08000000, Size: 0x0000d488, Max: 0x00020000, ABSOLUTE)

    Exec Addr    Load Addr    Size         Type   Attr      Idx    E Section Name        Object

    0x08000000   0x08000000   0x000000b8   Data   RO         1937    RESET               startup_stm32g070xx.o
    0x080000b8   0x080000b8   0x00000000   Code   RO         5993  * .ARM.Collect$$$$00000000  mc_p.l(entry.o)
    0x080000b8   0x080000b8   0x00000004   Code   RO         6317    .ARM.Collect$$$$00000001  mc_p.l(entry2.o)
    0x080000bc   0x080000bc   0x00000004   Code   RO         6320    .ARM.Collect$$$$00000004  mc_p.l(entry5.o)
    0x080000c0   0x080000c0   0x00000000   Code   RO         6322    .ARM.Collect$$$$00000008  mc_p.l(entry7b.o)
    0x080000c0   0x080000c0   0x00000000   Code   RO         6324    .ARM.Collect$$$$0000000A  mc_p.l(entry8b.o)
    0x080000c0   0x080000c0   0x00000008   Code   RO         6325    .ARM.Collect$$$$0000000B  mc_p.l(entry9a.o)
    0x080000c8   0x080000c8   0x00000004   Code   RO         6332    .ARM.Collect$$$$0000000E  mc_p.l(entry12b.o)
    0x080000cc   0x080000cc   0x00000000   Code   RO         6327    .ARM.Collect$$$$0000000F  mc_p.l(entry10a.o)
    0x080000cc   0x080000cc   0x00000000   Code   RO         6329    .ARM.Collect$$$$00000011  mc_p.l(entry11a.o)
    0x080000cc   0x080000cc   0x00000004   Code   RO         6318    .ARM.Collect$$$$00002712  mc_p.l(entry2.o)
    0x080000d0   0x080000d0   0x0000001c   Code   RO         1938    .text               startup_stm32g070xx.o
    0x080000ec   0x080000ec   0x000000a4   Code   RO         5776    .text               RTX_CM0.lib(irq_cm0.o)
    0x08000190   0x08000190   0x0000002c   Code   RO         5996    .text               mc_p.l(uidiv.o)
    0x080001bc   0x080001bc   0x00000040   Code   RO         6002    .text               mc_p.l(memmovea.o)
    0x080001fc   0x080001fc   0x00000024   Code   RO         6004    .text               mc_p.l(memseta.o)
    0x08000220   0x08000220   0x00000018   Code   RO         6006    .text               mc_p.l(strcat.o)
    0x08000238   0x08000238   0x00000028   Code   RO         6008    .text               mc_p.l(strstr.o)
    0x08000260   0x08000260   0x0000001a   Code   RO         6010    .text               mc_p.l(strncpy.o)
    0x0800027a   0x0800027a   0x0000000e   Code   RO         6012    .text               mc_p.l(strlen.o)
    0x08000288   0x08000288   0x0000001c   Code   RO         6014    .text               mc_p.l(strcmp.o)
    0x080002a4   0x080002a4   0x0000001a   Code   RO         6016    .text               mc_p.l(memcmp.o)
    0x080002be   0x080002be   0x00000012   Code   RO         6018    .text               mc_p.l(strcpy.o)
    0x080002d0   0x080002d0   0x00000014   Code   RO         6285    .text               mc_p.l(uread4.o)
    0x080002e4   0x080002e4   0x00000012   Code   RO         6287    .text               mc_p.l(uwrite4.o)
    0x080002f6   0x080002f6   0x0000001a   Code   RO         6289    .text               mc_p.l(atoi.o)
    0x08000310   0x08000310   0x0000001a   Code   RO         6291    .text               mc_p.l(atol.o)
    0x0800032a   0x0800032a   0x0000001a   Code   RO         6293    .text               mc_p.l(atoll.o)
    0x08000344   0x08000344   0x00000050   Code   RO         6301    .text               mf_p.l(dfixl.o)
    0x08000394   0x08000394   0x00000040   Code   RO         6303    .text               mf_p.l(dfixul.o)
    0x080003d4   0x080003d4   0x00000028   Code   RO         6305    .text               mf_p.l(f2d.o)
    0x080003fc   0x080003fc   0x00000028   Code   RO         6307    .text               mf_p.l(cdcmple.o)
    0x08000424   0x08000424   0x00000028   Code   RO         6309    .text               mf_p.l(cdrcmple.o)
    0x0800044c   0x0800044c   0x00000038   Code   RO         6311    .text               mf_p.l(d2f.o)
    0x08000484   0x08000484   0x00000014   Code   RO         6313    .text               mf_p.l(cfcmple.o)
    0x08000498   0x08000498   0x00000014   Code   RO         6315    .text               mf_p.l(cfrcmple.o)
    0x080004ac   0x080004ac   0x00000060   Code   RO         6336    .text               mc_p.l(uldiv.o)
    0x0800050c   0x0800050c   0x00000020   Code   RO         6338    .text               mc_p.l(llshl.o)
    0x0800052c   0x0800052c   0x00000022   Code   RO         6340    .text               mc_p.l(llushr.o)
    0x0800054e   0x0800054e   0x00000002   PAD
    0x08000550   0x08000550   0x000000a4   Code   RO         6349    .text               mc_p.l(strtod.o)
    0x080005f4   0x080005f4   0x00000070   Code   RO         6351    .text               mc_p.l(strtol.o)
    0x08000664   0x08000664   0x0000008a   Code   RO         6353    .text               mc_p.l(__strtoll.o)
    0x080006ee   0x080006ee   0x00000000   Code   RO         6355    .text               mc_p.l(iusefp.o)
    0x080006ee   0x080006ee   0x00000082   Code   RO         6356    .text               mf_p.l(fepilogue.o)
    0x08000770   0x08000770   0x00000168   Code   RO         6358    .text               mf_p.l(dadd.o)
    0x080008d8   0x080008d8   0x000000d0   Code   RO         6360    .text               mf_p.l(dmul.o)
    0x080009a8   0x080009a8   0x000000f0   Code   RO         6362    .text               mf_p.l(ddiv.o)
    0x08000a98   0x08000a98   0x00000024   Code   RO         6364    .text               mc_p.l(init.o)
    0x08000abc   0x08000abc   0x00000026   Code   RO         6367    .text               mc_p.l(llsshr.o)
    0x08000ae2   0x08000ae2   0x00000002   PAD
    0x08000ae4   0x08000ae4   0x00000008   Code   RO         6371    .text               mc_p.l(ctype_o.o)
    0x08000aec   0x08000aec   0x00000012   Code   RO         6393    .text               mc_p.l(isspace_o.o)
    0x08000afe   0x08000afe   0x00000002   PAD
    0x08000b00   0x08000b00   0x00000374   Code   RO         6399    .text               mc_p.l(scanf_fp.o)
    0x08000e74   0x08000e74   0x00000044   Code   RO         6403    .text               mc_p.l(_sgetc.o)
    0x08000eb8   0x08000eb8   0x000000a6   Code   RO         6405    .text               mc_p.l(_strtoul.o)
    0x08000f5e   0x08000f5e   0x000000d6   Code   RO         6407    .text               mc_p.l(_strtoull.o)
    0x08001034   0x08001034   0x000000be   Code   RO         6410    .text               mf_p.l(depilogue.o)
    0x080010f2   0x080010f2   0x0000007a   Code   RO         6414    .text               mc_p.l(llmul.o)
    0x0800116c   0x0800116c   0x0000001e   Code   RO         6419    .text               mc_p.l(_chval.o)
    0x0800118a   0x0800118a   0x00000002   PAD
    0x0800118c   0x0800118c   0x0000001c   Code   RO         6421    .text               mf_p.l(dfltul.o)
    0x080011a8   0x080011a8   0x0000003a   Code   RO         6430    .text               mc_p.l(__dczerorl.o)
    0x080011e2   0x080011e2   0x0000004a   Code   RO         5973    .text.MessageQueueGet  RTX_CM0.lib(rtx_msgqueue.o)
    0x0800122c   0x0800122c   0x00000062   Code   RO         5967    .text.MessageQueuePut  RTX_CM0.lib(rtx_msgqueue.o)
    0x0800128e   0x0800128e   0x0000001e   Code   RO         5965    .text.MessageQueueRemove  RTX_CM0.lib(rtx_msgqueue.o)
    0x080012ac   0x080012ac   0x0000000c   Code   RO         5911    .text.OS_Tick_AcknowledgeIRQ  RTX_CM0.lib(os_systick.o)
    0x080012b8   0x080012b8   0x0000002c   Code   RO         5907    .text.OS_Tick_Enable  RTX_CM0.lib(os_systick.o)
    0x080012e4   0x080012e4   0x00000006   Code   RO         5913    .text.OS_Tick_GetIRQn  RTX_CM0.lib(os_systick.o)
    0x080012ea   0x080012ea   0x00000002   PAD
    0x080012ec   0x080012ec   0x0000004c   Code   RO         5905    .text.OS_Tick_Setup  RTX_CM0.lib(os_systick.o)
    0x08001338   0x08001338   0x0000005c   Code   RO         5669    .text.ThreadFlagsCheck  RTX_CM0.lib(rtx_thread.o)
    0x08001394   0x08001394   0x0000004c   Code   RO         5797    .text.TimerInsert   RTX_CM0.lib(rtx_timer.o)
    0x080013e0   0x080013e0   0x00000028   Code   RO         5722    .text.osDelay       RTX_CM0.lib(rtx_delay.o)
    0x08001408   0x08001408   0x00000028   Code   RO         5724    .text.osDelayUntil  RTX_CM0.lib(rtx_delay.o)
    0x08001430   0x08001430   0x00000028   Code   RO         5546    .text.osKernelGetTickCount  RTX_CM0.lib(rtx_kernel.o)
    0x08001458   0x08001458   0x00000028   Code   RO         5524    .text.osKernelInitialize  RTX_CM0.lib(rtx_kernel.o)
    0x08001480   0x08001480   0x00000024   Code   RO         5534    .text.osKernelStart  RTX_CM0.lib(rtx_kernel.o)
    0x080014a4   0x080014a4   0x00000074   Code   RO         5939    .text.osMessageQueueGet  RTX_CM0.lib(rtx_msgqueue.o)
    0x08001518   0x08001518   0x00000024   Code   RO         5933    .text.osMessageQueueNew  RTX_CM0.lib(rtx_msgqueue.o)
    0x0800153c   0x0800153c   0x00000074   Code   RO         5937    .text.osMessageQueuePut  RTX_CM0.lib(rtx_msgqueue.o)
    0x080015b0   0x080015b0   0x00000028   Code   RO         5747    .text.osMutexAcquire  RTX_CM0.lib(rtx_mutex.o)
    0x080015d8   0x080015d8   0x00000024   Code   RO         5743    .text.osMutexNew    RTX_CM0.lib(rtx_mutex.o)
    0x080015fc   0x080015fc   0x00000028   Code   RO         5749    .text.osMutexRelease  RTX_CM0.lib(rtx_mutex.o)
    0x08001624   0x08001624   0x00000002   Code   RO         5522    .text.osRtxKernelPreInit  RTX_CM0.lib(rtx_kernel.o)
    0x08001626   0x08001626   0x0000007a   Code   RO         5824    .text.osRtxMemoryAlloc  RTX_CM0.lib(rtx_memory.o)
    0x080016a0   0x080016a0   0x0000004e   Code   RO         5826    .text.osRtxMemoryFree  RTX_CM0.lib(rtx_memory.o)
    0x080016ee   0x080016ee   0x00000030   Code   RO         5822    .text.osRtxMemoryInit  RTX_CM0.lib(rtx_memory.o)
    0x0800171e   0x0800171e   0x0000002e   Code   RO         5839    .text.osRtxMemoryPoolAlloc  RTX_CM0.lib(rtx_mempool.o)
    0x0800174c   0x0800174c   0x0000003a   Code   RO         5841    .text.osRtxMemoryPoolFree  RTX_CM0.lib(rtx_mempool.o)
    0x08001786   0x08001786   0x0000003c   Code   RO         5837    .text.osRtxMemoryPoolInit  RTX_CM0.lib(rtx_mempool.o)
    0x080017c2   0x080017c2   0x000000bc   Code   RO         5963    .text.osRtxMessageQueuePostProcess  RTX_CM0.lib(rtx_msgqueue.o)
    0x0800187e   0x0800187e   0x00000044   Code   RO         5739    .text.osRtxMutexOwnerRelease  RTX_CM0.lib(rtx_mutex.o)
    0x080018c2   0x080018c2   0x00000040   Code   RO         5741    .text.osRtxMutexOwnerRestore  RTX_CM0.lib(rtx_mutex.o)
    0x08001902   0x08001902   0x00000002   PAD
    0x08001904   0x08001904   0x00000084   Code   RO         5892    .text.osRtxPendSV_Handler  RTX_CM0.lib(rtx_system.o)
    0x08001988   0x08001988   0x00000070   Code   RO         5894    .text.osRtxPostProcess  RTX_CM0.lib(rtx_system.o)
    0x080019f8   0x080019f8   0x00000038   Code   RO         5609    .text.osRtxThreadBlock  RTX_CM0.lib(rtx_thread.o)
    0x08001a30   0x08001a30   0x0000007c   Code   RO         5617    .text.osRtxThreadDelayInsert  RTX_CM0.lib(rtx_thread.o)
    0x08001aac   0x08001aac   0x00000044   Code   RO         5613    .text.osRtxThreadDelayRemove  RTX_CM0.lib(rtx_thread.o)
    0x08001af0   0x08001af0   0x00000054   Code   RO         5597    .text.osRtxThreadDelayTick  RTX_CM0.lib(rtx_thread.o)
    0x08001b44   0x08001b44   0x00000050   Code   RO         5607    .text.osRtxThreadDispatch  RTX_CM0.lib(rtx_thread.o)
    0x08001b94   0x08001b94   0x00000054   Code   RO         5693    .text.osRtxThreadFree  RTX_CM0.lib(rtx_thread.o)
    0x08001be8   0x08001be8   0x00000014   Code   RO         5589    .text.osRtxThreadListGet  RTX_CM0.lib(rtx_thread.o)
    0x08001bfc   0x08001bfc   0x0000002c   Code   RO         5587    .text.osRtxThreadListPut  RTX_CM0.lib(rtx_thread.o)
    0x08001c28   0x08001c28   0x00000018   Code   RO         5593    .text.osRtxThreadListRemove  RTX_CM0.lib(rtx_thread.o)
    0x08001c40   0x08001c40   0x0000000c   Code   RO         5599    .text.osRtxThreadListRoot  RTX_CM0.lib(rtx_thread.o)
    0x08001c4c   0x08001c4c   0x00000024   Code   RO         5591    .text.osRtxThreadListSort  RTX_CM0.lib(rtx_thread.o)
    0x08001c70   0x08001c70   0x00000026   Code   RO         5667    .text.osRtxThreadPostProcess  RTX_CM0.lib(rtx_thread.o)
    0x08001c96   0x08001c96   0x00000002   PAD
    0x08001c98   0x08001c98   0x00000018   Code   RO         5595    .text.osRtxThreadReadyPut  RTX_CM0.lib(rtx_thread.o)
    0x08001cb0   0x08001cb0   0x00000006   Code   RO         5601    .text.osRtxThreadRegPtr  RTX_CM0.lib(rtx_thread.o)
    0x08001cb6   0x08001cb6   0x00000002   PAD
    0x08001cb8   0x08001cb8   0x0000002c   Code   RO         5605    .text.osRtxThreadStackCheck  RTX_CM0.lib(rtx_thread.o)
    0x08001ce4   0x08001ce4   0x00000040   Code   RO         5619    .text.osRtxThreadStartup  RTX_CM0.lib(rtx_thread.o)
    0x08001d24   0x08001d24   0x00000014   Code   RO         5603    .text.osRtxThreadSwitch  RTX_CM0.lib(rtx_thread.o)
    0x08001d38   0x08001d38   0x0000003c   Code   RO         5615    .text.osRtxThreadWaitEnter  RTX_CM0.lib(rtx_thread.o)
    0x08001d74   0x08001d74   0x00000022   Code   RO         5611    .text.osRtxThreadWaitExit  RTX_CM0.lib(rtx_thread.o)
    0x08001d96   0x08001d96   0x00000002   PAD
    0x08001d98   0x08001d98   0x00000074   Code   RO         5890    .text.osRtxTick_Handler  RTX_CM0.lib(rtx_system.o)
    0x08001e0c   0x08001e0c   0x0000003c   Code   RO         5781    .text.osRtxTimerThread  RTX_CM0.lib(rtx_timer.o)
    0x08001e48   0x08001e48   0x00000060   Code   RO         5783    .text.osRtxTimerTick  RTX_CM0.lib(rtx_timer.o)
    0x08001ea8   0x08001ea8   0x0000000c   Code   RO         5651    .text.osThreadExit  RTX_CM0.lib(rtx_thread.o)
    0x08001eb4   0x08001eb4   0x00000058   Code   RO         5659    .text.osThreadFlagsSet  RTX_CM0.lib(rtx_thread.o)
    0x08001f0c   0x08001f0c   0x00000028   Code   RO         5665    .text.osThreadFlagsWait  RTX_CM0.lib(rtx_thread.o)
    0x08001f34   0x08001f34   0x00000028   Code   RO         5627    .text.osThreadGetId  RTX_CM0.lib(rtx_thread.o)
    0x08001f5c   0x08001f5c   0x00000024   Code   RO         5623    .text.osThreadNew   RTX_CM0.lib(rtx_thread.o)
    0x08001f80   0x08001f80   0x00000028   Code   RO         5637    .text.osThreadSetPriority  RTX_CM0.lib(rtx_thread.o)
    0x08001fa8   0x08001fa8   0x00000024   Code   RO         5641    .text.osThreadYield  RTX_CM0.lib(rtx_thread.o)
    0x08001fcc   0x08001fcc   0x00000012   Code   RO         5726    .text.svcRtxDelay   RTX_CM0.lib(rtx_delay.o)
    0x08001fde   0x08001fde   0x00000002   PAD
    0x08001fe0   0x08001fe0   0x00000020   Code   RO         5728    .text.svcRtxDelayUntil  RTX_CM0.lib(rtx_delay.o)
    0x08002000   0x08002000   0x0000000c   Code   RO         5548    .text.svcRtxKernelGetTickCount  RTX_CM0.lib(rtx_kernel.o)
    0x0800200c   0x0800200c   0x0000014c   Code   RO         5562    .text.svcRtxKernelInitialize  RTX_CM0.lib(rtx_kernel.o)
    0x08002158   0x08002158   0x00000080   Code   RO         5564    .text.svcRtxKernelStart  RTX_CM0.lib(rtx_kernel.o)
    0x080021d8   0x080021d8   0x000000e4   Code   RO         5975    .text.svcRtxMessageQueueGet  RTX_CM0.lib(rtx_msgqueue.o)
    0x080022bc   0x080022bc   0x000001e4   Code   RO         5961    .text.svcRtxMessageQueueNew  RTX_CM0.lib(rtx_msgqueue.o)
    0x080024a0   0x080024a0   0x000000b8   Code   RO         5971    .text.svcRtxMessageQueuePut  RTX_CM0.lib(rtx_msgqueue.o)
    0x08002558   0x08002558   0x00000098   Code   RO         5759    .text.svcRtxMutexAcquire  RTX_CM0.lib(rtx_mutex.o)
    0x080025f0   0x080025f0   0x00000070   Code   RO         5755    .text.svcRtxMutexNew  RTX_CM0.lib(rtx_mutex.o)
    0x08002660   0x08002660   0x000000bc   Code   RO         5761    .text.svcRtxMutexRelease  RTX_CM0.lib(rtx_mutex.o)
    0x0800271c   0x0800271c   0x0000006c   Code   RO         5697    .text.svcRtxThreadExit  RTX_CM0.lib(rtx_thread.o)
    0x08002788   0x08002788   0x0000006c   Code   RO         5705    .text.svcRtxThreadFlagsSet  RTX_CM0.lib(rtx_thread.o)
    0x080027f4   0x080027f4   0x00000050   Code   RO         5711    .text.svcRtxThreadFlagsWait  RTX_CM0.lib(rtx_thread.o)
    0x08002844   0x08002844   0x0000000c   Code   RO         5629    .text.svcRtxThreadGetId  RTX_CM0.lib(rtx_thread.o)
    0x08002850   0x08002850   0x00000204   Code   RO         5621    .text.svcRtxThreadNew  RTX_CM0.lib(rtx_thread.o)
    0x08002a54   0x08002a54   0x00000046   Code   RO         5679    .text.svcRtxThreadSetPriority  RTX_CM0.lib(rtx_thread.o)
    0x08002a9a   0x08002a9a   0x00000002   PAD
    0x08002a9c   0x08002a9c   0x00000038   Code   RO         5683    .text.svcRtxThreadYield  RTX_CM0.lib(rtx_thread.o)
    0x08002ad4   0x08002ad4   0x00000080   Code   RO         2013    i.ADC_DMAConvCplt   stm32g0xx_hal_adc.o
    0x08002b54   0x08002b54   0x0000001a   Code   RO         2014    i.ADC_DMAError      stm32g0xx_hal_adc.o
    0x08002b6e   0x08002b6e   0x0000000a   Code   RO         2015    i.ADC_DMAHalfConvCplt  stm32g0xx_hal_adc.o
    0x08002b78   0x08002b78   0x0000006c   Code   RO         2016    i.ADC_Disable       stm32g0xx_hal_adc.o
    0x08002be4   0x08002be4   0x00000074   Code   RO         2017    i.ADC_Enable        stm32g0xx_hal_adc.o
    0x08002c58   0x08002c58   0x00000010   Code   RO         5402    i.DMA1_Channel1_IRQHandler  stm32g0xx_it.o
    0x08002c68   0x08002c68   0x00000018   Code   RO         5403    i.DMA1_Channel2_3_IRQHandler  stm32g0xx_it.o
    0x08002c80   0x08002c80   0x00000030   Code   RO         2633    i.DMA_CalcDMAMUXChannelBaseAndMask  stm32g0xx_hal_dma.o
    0x08002cb0   0x08002cb0   0x00000024   Code   RO         2634    i.DMA_CalcDMAMUXRequestGenBaseAndMask  stm32g0xx_hal_dma.o
    0x08002cd4   0x08002cd4   0x00000048   Code   RO         2635    i.DMA_SetConfig     stm32g0xx_hal_dma.o
    0x08002d1c   0x08002d1c   0x00000018   Code   RO         2553    i.FLASH_OB_GetRDP   stm32g0xx_hal_flash_ex.o
    0x08002d34   0x08002d34   0x00000014   Code   RO         2554    i.FLASH_OB_GetUser  stm32g0xx_hal_flash_ex.o
    0x08002d48   0x08002d48   0x00000018   Code   RO         2555    i.FLASH_OB_OptrConfig  stm32g0xx_hal_flash_ex.o
    0x08002d60   0x08002d60   0x00000074   Code   RO         2448    i.FLASH_WaitForLastOperation  stm32g0xx_hal_flash.o
    0x08002dd4   0x08002dd4   0x000000a0   Code   RO         2226    i.HAL_ADCEx_Calibration_Start  stm32g0xx_hal_adc_ex.o
    0x08002e74   0x08002e74   0x0000021c   Code   RO         2019    i.HAL_ADC_ConfigChannel  stm32g0xx_hal_adc.o
    0x08003090   0x08003090   0x00000024   Code   RO          415    i.HAL_ADC_ConvCpltCallback  adc12.o
    0x080030b4   0x080030b4   0x00000024   Code   RO          416    i.HAL_ADC_ConvHalfCpltCallback  adc12.o
    0x080030d8   0x080030d8   0x00000002   Code   RO         2023    i.HAL_ADC_ErrorCallback  stm32g0xx_hal_adc.o
    0x080030da   0x080030da   0x00000002   PAD
    0x080030dc   0x080030dc   0x00000250   Code   RO         2028    i.HAL_ADC_Init      stm32g0xx_hal_adc.o
    0x0800332c   0x0800332c   0x000000c4   Code   RO         5225    i.HAL_ADC_MspInit   adc.o
    0x080033f0   0x080033f0   0x000000b4   Code   RO         2035    i.HAL_ADC_Start_DMA  stm32g0xx_hal_adc.o
    0x080034a4   0x080034a4   0x000000b8   Code   RO         2641    i.HAL_DMA_IRQHandler  stm32g0xx_hal_dma.o
    0x0800355c   0x0800355c   0x000000a0   Code   RO         2642    i.HAL_DMA_Init      stm32g0xx_hal_dma.o
    0x080035fc   0x080035fc   0x00000090   Code   RO         2646    i.HAL_DMA_Start_IT  stm32g0xx_hal_dma.o
    0x0800368c   0x0800368c   0x00000048   Code   RO         2561    i.HAL_FLASHEx_OBGetConfig  stm32g0xx_hal_flash_ex.o
    0x080036d4   0x080036d4   0x00000098   Code   RO         2562    i.HAL_FLASHEx_OBProgram  stm32g0xx_hal_flash_ex.o
    0x0800376c   0x0800376c   0x0000001c   Code   RO         2452    i.HAL_FLASH_Lock    stm32g0xx_hal_flash.o
    0x08003788   0x08003788   0x00000014   Code   RO         2453    i.HAL_FLASH_OB_Launch  stm32g0xx_hal_flash.o
    0x0800379c   0x0800379c   0x0000001c   Code   RO         2454    i.HAL_FLASH_OB_Lock  stm32g0xx_hal_flash.o
    0x080037b8   0x080037b8   0x00000028   Code   RO         2455    i.HAL_FLASH_OB_Unlock  stm32g0xx_hal_flash.o
    0x080037e0   0x080037e0   0x00000028   Code   RO         2459    i.HAL_FLASH_Unlock  stm32g0xx_hal_flash.o
    0x08003808   0x08003808   0x000000d4   Code   RO         1944    i.HAL_GPIO_DeInit   stm32g0xx_hal_gpio.o
    0x080038dc   0x080038dc   0x00000134   Code   RO         1948    i.HAL_GPIO_Init     stm32g0xx_hal_gpio.o
    0x08003a10   0x08003a10   0x0000000c   Code   RO         1952    i.HAL_GPIO_WritePin  stm32g0xx_hal_gpio.o
    0x08003a1c   0x08003a1c   0x00000050   Code   RO          843    i.HAL_GetTick       kernel.o
    0x08003a6c   0x08003a6c   0x00000028   Code   RO         3108    i.HAL_Init          stm32g0xx_hal.o
    0x08003a94   0x08003a94   0x00000048   Code   RO         3109    i.HAL_InitTick      stm32g0xx_hal.o
    0x08003adc   0x08003adc   0x00000034   Code   RO         5444    i.HAL_MspInit       stm32g0xx_hal_msp.o
    0x08003b10   0x08003b10   0x00000020   Code   RO         2984    i.HAL_NVIC_DisableIRQ  stm32g0xx_hal_cortex.o
    0x08003b30   0x08003b30   0x00000018   Code   RO         2985    i.HAL_NVIC_EnableIRQ  stm32g0xx_hal_cortex.o
    0x08003b48   0x08003b48   0x00000008   Code   RO         2989    i.HAL_NVIC_SetPriority  stm32g0xx_hal_cortex.o
    0x08003b50   0x08003b50   0x0000004c   Code   RO         2870    i.HAL_PWREx_ControlVoltageScaling  stm32g0xx_hal_pwr_ex.o
    0x08003b9c   0x08003b9c   0x00000160   Code   RO         2403    i.HAL_RCCEx_PeriphCLKConfig  stm32g0xx_hal_rcc_ex.o
    0x08003cfc   0x08003cfc   0x00000158   Code   RO         2293    i.HAL_RCC_ClockConfig  stm32g0xx_hal_rcc.o
    0x08003e54   0x08003e54   0x00000028   Code   RO         2301    i.HAL_RCC_GetPCLK1Freq  stm32g0xx_hal_rcc.o
    0x08003e7c   0x08003e7c   0x0000008c   Code   RO         2302    i.HAL_RCC_GetSysClockFreq  stm32g0xx_hal_rcc.o
    0x08003f08   0x08003f08   0x000003e0   Code   RO         2306    i.HAL_RCC_OscConfig  stm32g0xx_hal_rcc.o
    0x080042e8   0x080042e8   0x0000003c   Code   RO         1295    i.HAL_SPI_ErrorCallback  spi_device.o
    0x08004324   0x08004324   0x000000b8   Code   RO         3359    i.HAL_SPI_Init      stm32g0xx_hal_spi.o
    0x080043dc   0x080043dc   0x000000fc   Code   RO         5283    i.HAL_SPI_MspInit   spi.o
    0x080044d8   0x080044d8   0x00000140   Code   RO         3363    i.HAL_SPI_Receive_DMA  stm32g0xx_hal_spi.o
    0x08004618   0x08004618   0x0000003c   Code   RO         1296    i.HAL_SPI_RxCpltCallback  spi_device.o
    0x08004654   0x08004654   0x00000002   Code   RO         3366    i.HAL_SPI_RxHalfCpltCallback  stm32g0xx_hal_spi.o
    0x08004656   0x08004656   0x00000002   PAD
    0x08004658   0x08004658   0x000001bc   Code   RO         3369    i.HAL_SPI_TransmitReceive_DMA  stm32g0xx_hal_spi.o
    0x08004814   0x08004814   0x00000108   Code   RO         3371    i.HAL_SPI_Transmit_DMA  stm32g0xx_hal_spi.o
    0x0800491c   0x0800491c   0x0000003c   Code   RO         1297    i.HAL_SPI_TxCpltCallback  spi_device.o
    0x08004958   0x08004958   0x00000002   Code   RO         3374    i.HAL_SPI_TxHalfCpltCallback  stm32g0xx_hal_spi.o
    0x0800495a   0x0800495a   0x00000002   PAD
    0x0800495c   0x0800495c   0x0000003c   Code   RO         1298    i.HAL_SPI_TxRxCpltCallback  spi_device.o
    0x08004998   0x08004998   0x00000002   Code   RO         3376    i.HAL_SPI_TxRxHalfCpltCallback  stm32g0xx_hal_spi.o
    0x0800499a   0x0800499a   0x00000002   PAD
    0x0800499c   0x0800499c   0x00000014   Code   RO         3117    i.HAL_SYSCFG_StrobeDBattpinsConfig  stm32g0xx_hal.o
    0x080049b0   0x080049b0   0x00000030   Code   RO         2993    i.HAL_SYSTICK_Config  stm32g0xx_hal_cortex.o
    0x080049e0   0x080049e0   0x00000054   Code   RO         4396    i.HAL_TIMEx_MasterConfigSynchronization  stm32g0xx_hal_tim_ex.o
    0x08004a34   0x08004a34   0x00000034   Code   RO         3693    i.HAL_TIM_Base_Init  stm32g0xx_hal_tim.o
    0x08004a68   0x08004a68   0x00000028   Code   RO         5321    i.HAL_TIM_Base_MspInit  tim.o
    0x08004a90   0x08004a90   0x00000030   Code   RO         3696    i.HAL_TIM_Base_Start  stm32g0xx_hal_tim.o
    0x08004ac0   0x08004ac0   0x0000002c   Code   RO         3698    i.HAL_TIM_Base_Start_IT  stm32g0xx_hal_tim.o
    0x08004aec   0x08004aec   0x000000d8   Code   RO         3702    i.HAL_TIM_ConfigClockSource  stm32g0xx_hal_tim.o
    0x08004bc4   0x08004bc4   0x00000042   Code   RO         5031    i.HAL_UARTEx_DisableFifoMode  stm32g0xx_hal_uart_ex.o
    0x08004c06   0x08004c06   0x0000004e   Code   RO         5036    i.HAL_UARTEx_SetRxFifoThreshold  stm32g0xx_hal_uart_ex.o
    0x08004c54   0x08004c54   0x0000004c   Code   RO         5037    i.HAL_UARTEx_SetTxFifoThreshold  stm32g0xx_hal_uart_ex.o
    0x08004ca0   0x08004ca0   0x00000040   Code   RO         4678    i.HAL_UART_DeInit   stm32g0xx_hal_uart.o
    0x08004ce0   0x08004ce0   0x00000070   Code   RO         4683    i.HAL_UART_Init     stm32g0xx_hal_uart.o
    0x08004d50   0x08004d50   0x00000058   Code   RO         5358    i.HAL_UART_MspDeInit  usart.o
    0x08004da8   0x08004da8   0x000000b4   Code   RO         5359    i.HAL_UART_MspInit  usart.o
    0x08004e5c   0x08004e5c   0x00000020   Code   RO          607    i.HardFault_Handler  errors.o
    0x08004e7c   0x08004e7c   0x00000008   Code   RO         2040    i.LL_ADC_IsEnabled  stm32g0xx_hal_adc.o
    0x08004e84   0x08004e84   0x00000008   Code   RO         2041    i.LL_ADC_REG_IsConversionOngoing  stm32g0xx_hal_adc.o
    0x08004e8c   0x08004e8c   0x00000010   Code   RO         2042    i.LL_ADC_REG_IsTriggerSourceSWStart  stm32g0xx_hal_adc.o
    0x08004e9c   0x08004e9c   0x0000000e   Code   RO         2044    i.LL_ADC_SetCommonPathInternalCh  stm32g0xx_hal_adc.o
    0x08004eaa   0x08004eaa   0x00000016   Code   RO         2045    i.LL_ADC_SetSamplingTimeCommonChannels  stm32g0xx_hal_adc.o
    0x08004ec0   0x08004ec0   0x0000017c   Code   RO         5226    i.MX_ADC1_Init      adc.o
    0x0800503c   0x0800503c   0x00000038   Code   RO         5262    i.MX_DMA_Init       dma.o
    0x08005074   0x08005074   0x00000088   Code   RO         5204    i.MX_GPIO_Init      gpio.o
    0x080050fc   0x080050fc   0x00000058   Code   RO         5284    i.MX_SPI1_Init      spi.o
    0x08005154   0x08005154   0x0000008c   Code   RO         5322    i.MX_TIM15_Init     tim.o
    0x080051e0   0x080051e0   0x00000088   Code   RO         5360    i.MX_USART2_UART_Init  usart.o
    0x08005268   0x08005268   0x00000048   Code   RO         5361    i.MX_USART3_UART_Init  usart.o
    0x080052b0   0x080052b0   0x00000022   Code   RO         3387    i.SPI_DMAError      stm32g0xx_hal_spi.o
    0x080052d2   0x080052d2   0x0000000a   Code   RO         3388    i.SPI_DMAHalfReceiveCplt  stm32g0xx_hal_spi.o
    0x080052dc   0x080052dc   0x0000000a   Code   RO         3389    i.SPI_DMAHalfTransmitCplt  stm32g0xx_hal_spi.o
    0x080052e6   0x080052e6   0x0000000a   Code   RO         3390    i.SPI_DMAHalfTransmitReceiveCplt  stm32g0xx_hal_spi.o
    0x080052f0   0x080052f0   0x00000058   Code   RO         3391    i.SPI_DMAReceiveCplt  stm32g0xx_hal_spi.o
    0x08005348   0x08005348   0x00000068   Code   RO         3393    i.SPI_DMATransmitCplt  stm32g0xx_hal_spi.o
    0x080053b0   0x080053b0   0x0000005e   Code   RO         3394    i.SPI_DMATransmitReceiveCplt  stm32g0xx_hal_spi.o
    0x0800540e   0x0800540e   0x00000078   Code   RO         3396    i.SPI_EndRxTransaction  stm32g0xx_hal_spi.o
    0x08005486   0x08005486   0x0000004c   Code   RO         3397    i.SPI_EndRxTxTransaction  stm32g0xx_hal_spi.o
    0x080054d2   0x080054d2   0x00000090   Code   RO         3402    i.SPI_WaitFifoStateUntilTimeout  stm32g0xx_hal_spi.o
    0x08005562   0x08005562   0x0000008c   Code   RO         3403    i.SPI_WaitFlagStateUntilTimeout  stm32g0xx_hal_spi.o
    0x080055ee   0x080055ee   0x00000002   PAD
    0x080055f0   0x080055f0   0x000000a8   Code   RO         5154    i.SystemClock_Config  main.o
    0x08005698   0x08005698   0x00000090   Code   RO         5120    i.SystemCoreClockUpdate  system_stm32g0xx.o
    0x08005728   0x08005728   0x00000010   Code   RO         5121    i.SystemInit        system_stm32g0xx.o
    0x08005738   0x08005738   0x0000003c   Code   RO          844    i.TIM14_IRQHandler  kernel.o
    0x08005774   0x08005774   0x00000088   Code   RO         3781    i.TIM_Base_SetConfig  stm32g0xx_hal_tim.o
    0x080057fc   0x080057fc   0x00000016   Code   RO         3792    i.TIM_ETR_SetConfig  stm32g0xx_hal_tim.o
    0x08005812   0x08005812   0x00000002   PAD
    0x08005814   0x08005814   0x00000014   Code   RO         3793    i.TIM_ITRx_SetConfig  stm32g0xx_hal_tim.o
    0x08005828   0x08005828   0x00000022   Code   RO         3801    i.TIM_TI1_ConfigInputStage  stm32g0xx_hal_tim.o
    0x0800584a   0x0800584a   0x00000026   Code   RO         3803    i.TIM_TI2_ConfigInputStage  stm32g0xx_hal_tim.o
    0x08005870   0x08005870   0x00000060   Code   RO         5041    i.UARTEx_SetNbDataToProcess  stm32g0xx_hal_uart_ex.o
    0x080058d0   0x080058d0   0x000000ca   Code   RO         4696    i.UART_AdvFeatureConfig  stm32g0xx_hal_uart.o
    0x0800599a   0x0800599a   0x00000002   PAD
    0x0800599c   0x0800599c   0x00000064   Code   RO         4697    i.UART_CheckIdleState  stm32g0xx_hal_uart.o
    0x08005a00   0x08005a00   0x0000030c   Code   RO         4714    i.UART_SetConfig    stm32g0xx_hal_uart.o
    0x08005d0c   0x08005d0c   0x00000066   Code   RO         4719    i.UART_WaitOnFlagUntilTimeout  stm32g0xx_hal_uart.o
    0x08005d72   0x08005d72   0x00000002   PAD
    0x08005d74   0x08005d74   0x00000010   Code   RO         5404    i.USART2_IRQHandler  stm32g0xx_it.o
    0x08005d84   0x08005d84   0x00000010   Code   RO         5405    i.USART3_4_IRQHandler  stm32g0xx_it.o
    0x08005d94   0x08005d94   0x00000038   Code   RO         6258    i.__0snprintf       mc_p.l(printfa.o)
    0x08005dcc   0x08005dcc   0x00000028   Code   RO         6259    i.__0sprintf        mc_p.l(printfa.o)
    0x08005df4   0x08005df4   0x0000002e   Code   RO         6412    i.__ARM_clz         mf_p.l(depilogue.o)
    0x08005e22   0x08005e22   0x0000001a   Code   RO         2730    i.__ARM_common_switch8  stm32g0xx_hal_dma.o
    0x08005e3c   0x08005e3c   0x00000044   Code   RO         2995    i.__NVIC_SetPriority  stm32g0xx_hal_cortex.o
    0x08005e80   0x08005e80   0x00000034   Code   RO          610    i.__NVIC_SystemReset  errors.o
    0x08005eb4   0x08005eb4   0x00000008   Code   RO         6342    i.__aeabi_errno_addr  mc_p.l(errno.o)
    0x08005ebc   0x08005ebc   0x00000014   Code   RO          612    i.__handle_error    errors.o
    0x08005ed0   0x08005ed0   0x0000000c   Code   RO         6343    i.__read_errno      mc_p.l(errno.o)
    0x08005edc   0x08005edc   0x0000000e   Code   RO         6424    i.__scatterload_copy  mc_p.l(handlers.o)
    0x08005eea   0x08005eea   0x00000002   Code   RO         6425    i.__scatterload_null  mc_p.l(handlers.o)
    0x08005eec   0x08005eec   0x0000000e   Code   RO         6426    i.__scatterload_zeroinit  mc_p.l(handlers.o)
    0x08005efa   0x08005efa   0x00000002   PAD
    0x08005efc   0x08005efc   0x0000000c   Code   RO         6344    i.__set_errno       mc_p.l(errno.o)
    0x08005f08   0x08005f08   0x0000000e   Code   RO         6401    i._is_digit         mc_p.l(scanf_fp.o)
    0x08005f16   0x08005f16   0x00000020   Code   RO         6266    i._printf_post_padding  mc_p.l(printfa.o)
    0x08005f36   0x08005f36   0x0000002c   Code   RO         6267    i._printf_pre_padding  mc_p.l(printfa.o)
    0x08005f62   0x08005f62   0x00000016   Code   RO         6268    i._snputc           mc_p.l(printfa.o)
    0x08005f78   0x08005f78   0x0000000a   Code   RO         6269    i._sputc            mc_p.l(printfa.o)
    0x08005f82   0x08005f82   0x00000002   Code   RO            3    i.adc12_app_module_init  adc12_app.o
    0x08005f84   0x08005f84   0x0000002c   Code   RO          417    i.adc12_get         adc12.o
    0x08005fb0   0x08005fb0   0x00000040   Code   RO          418    i.adc12_module_init  adc12.o
    0x08005ff0   0x08005ff0   0x0000000c   Code   RO          519    i.date_time_get_active_time  date_time.o
    0x08005ffc   0x08005ffc   0x00000004   Data   RO         6373    .constdata          mc_p.l(ctype_o.o)
    0x08006000   0x08006000   0x00000004   Data   RO          391    .ARM.__AT_0x08006000  version.o
    0x08006004   0x08006004   0x00000010   Data   RO          392    .ARM.__AT_0x08006004  version.o
    0x08006014   0x08006014   0x0000000a   Data   RO          393    .ARM.__AT_0x08006014  version.o
    0x0800601e   0x0800601e   0x00000002   PAD
    0x08006020   0x08006020   0x00000174   Code   RO         6264    i._fp_digits        mc_p.l(printfa.o)
    0x08006194   0x08006194   0x000006f0   Code   RO         6265    i._printf_core      mc_p.l(printfa.o)
    0x08006884   0x08006884   0x00000028   Code   RO          419    i.adc12_set_thread  adc12.o
    0x080068ac   0x080068ac   0x00000080   Code   RO          420    i.adc12_start       adc12.o
    0x0800692c   0x0800692c   0x00000038   Code   RO          208    i.application_init  application.o
    0x08006964   0x08006964   0x00000016   Code   RO          209    i.application_start  application.o
    0x0800697a   0x0800697a   0x00000002   PAD
    0x0800697c   0x0800697c   0x000001e8   Code   RO         1073    i.assign_parameter  parameters.o
    0x08006b64   0x08006b64   0x0000002a   Code   RO         5990    i.atof              m_ps.l(atof.o)
    0x08006b8e   0x08006b8e   0x00000002   PAD
    0x08006b90   0x08006b90   0x0000002c   Code   RO          480    i.crc_16_1021       crc_16.o
    0x08006bbc   0x08006bbc   0x00000028   Code   RO          482    i.crc_16_c0c1       crc_16.o
    0x08006be4   0x08006be4   0x0000023c   Code   RO          613    i.create_record     errors.o
    0x08006e20   0x08006e20   0x000001b8   Code   RO          517    i.date_time_from_seconds  date_time.o
    0x08006fd8   0x08006fd8   0x0000002c   Code   RO          518    i.date_time_get     date_time.o
    0x08007004   0x08007004   0x00000024   Code   RO          521    i.date_time_module_init  date_time.o
    0x08007028   0x08007028   0x00000048   Code   RO          522    i.date_time_set     date_time.o
    0x08007070   0x08007070   0x00000018   Code   RO          523    i.date_time_set_active_time  date_time.o
    0x08007088   0x08007088   0x00000060   Code   RO          524    i.date_time_tick    date_time.o
    0x080070e8   0x080070e8   0x0000000e   Code   RO          614    i.errors_delete     errors.o
    0x080070f6   0x080070f6   0x00000002   PAD
    0x080070f8   0x080070f8   0x00000094   Code   RO          615    i.errors_module_init  errors.o
    0x0800718c   0x0800718c   0x000000b0   Code   RO          616    i.errors_read_record  errors.o
    0x0800723c   0x0800723c   0x000000a8   Code   RO         1492    i.execute           terminal.o
    0x080072e4   0x080072e4   0x000000c4   Code   RO          699    i.ext_flash_module_init  ext_flash.o
    0x080073a8   0x080073a8   0x000000c4   Code   RO          701    i.ext_flash_page_32k_erase  ext_flash.o
    0x0800746c   0x0800746c   0x000000dc   Code   RO          703    i.ext_flash_program  ext_flash.o
    0x08007548   0x08007548   0x0000008c   Code   RO          704    i.ext_flash_read    ext_flash.o
    0x080075d4   0x080075d4   0x000000a8   Code   RO          706    i.ext_flash_sector_64k_erase  ext_flash.o
    0x0800767c   0x0800767c   0x000000c0   Code   RO         1002    i.format_log        log.o
    0x0800773c   0x0800773c   0x0000003c   Code   RO         1074    i.get_field_by_name  parameters.o
    0x08007778   0x08007778   0x00000064   Code   RO          422    i.get_ticks         adc12.o
    0x080077dc   0x080077dc   0x0000011c   Code   RO          845    i.kernel            kernel.o
    0x080078f8   0x080078f8   0x00000040   Code   RO          847    i.kernel_disable_statistics  kernel.o
    0x08007938   0x08007938   0x00000014   Code   RO          848    i.kernel_disable_timer_interrupt  kernel.o
    0x0800794c   0x0800794c   0x00000040   Code   RO          849    i.kernel_enable_statistics  kernel.o
    0x0800798c   0x0800798c   0x00000014   Code   RO          850    i.kernel_enable_timer_interrupt  kernel.o
    0x080079a0   0x080079a0   0x00000114   Code   RO          851    i.kernel_task       kernel.o
    0x08007ab4   0x08007ab4   0x000000e4   Code   RO          936    i.led_blink_repetitions  leds.o
    0x08007b98   0x08007b98   0x00000006   Code   RO          276    i.leds_app_module_init  leds_app.o
    0x08007b9e   0x08007b9e   0x00000002   PAD
    0x08007ba0   0x08007ba0   0x000000a0   Code   RO          941    i.leds_module_init  leds.o
    0x08007c40   0x08007c40   0x000002cc   Code   RO          942    i.leds_task         leds.o
    0x08007f0c   0x08007f0c   0x00000048   Code   RO         1003    i.log_append        log.o
    0x08007f54   0x08007f54   0x00000094   Code   RO         1004    i.log_delete        log.o
    0x08007fe8   0x08007fe8   0x00000244   Code   RO         1005    i.log_module_init   log.o
    0x0800822c   0x0800822c   0x0000006c   Code   RO         1006    i.log_print         log.o
    0x08008298   0x08008298   0x0000017c   Code   RO         1007    i.log_task          log.o
    0x08008414   0x08008414   0x00000028   Code   RO         5155    i.main              main.o
    0x0800843c   0x0800843c   0x00000022   Code   RO         1707    i.mem_filled        tools.o
    0x0800845e   0x0800845e   0x00000002   PAD
    0x08008460   0x08008460   0x0000003c   Code   RO          299    i.meter_module_init  meter.o
    0x0800849c   0x0800849c   0x00000048   Code   RO          300    i.meter_task        meter.o
    0x080084e4   0x080084e4   0x0000005c   Code   RO         1008    i.next_record       log.o
    0x08008540   0x08008540   0x00000022   Code   RO          852    i.osRtxErrorNotify  kernel.o
    0x08008562   0x08008562   0x00000002   PAD
    0x08008564   0x08008564   0x0000003c   Code   RO          853    i.osRtxIdleThread   kernel.o
    0x080085a0   0x080085a0   0x000000d4   Code   RO         1493    i.parameter         terminal.o
    0x08008674   0x08008674   0x00000638   Code   RO         1075    i.parameters_module_init  parameters.o
    0x08008cac   0x08008cac   0x000000ac   Code   RO         1494    i.print_cursor      terminal.o
    0x08008d58   0x08008d58   0x000000d4   Code   RO         1495    i.print_welcome_message  terminal.o
    0x08008e2c   0x08008e2c   0x00000008   Code   RO         1143    i.queue_flush       queue.o
    0x08008e34   0x08008e34   0x00000034   Code   RO         1144    i.queue_length      queue.o
    0x08008e68   0x08008e68   0x0000003c   Code   RO         1145    i.queue_os_setup    queue.o
    0x08008ea4   0x08008ea4   0x00000118   Code   RO         1146    i.queue_pop         queue.o
    0x08008fbc   0x08008fbc   0x0000013c   Code   RO         1147    i.queue_push        queue.o
    0x080090f8   0x080090f8   0x00000016   Code   RO         1149    i.queue_setup       queue.o
    0x0800910e   0x0800910e   0x00000002   PAD
    0x08009110   0x08009110   0x0000013c   Code   RO         1009    i.read              log.o
    0x0800924c   0x0800924c   0x00000198   Code   RO         1076    i.read_parameter_by_field  parameters.o
    0x080093e4   0x080093e4   0x00000054   Code   RO         1010    i.record_empty      log.o
    0x08009438   0x08009438   0x00000138   Code   RO         1078    i.save_parameters_to_flash  parameters.o
    0x08009570   0x08009570   0x0000006c   Code   RO          347    i.serial_app_module_init  serial_app.o
    0x080095dc   0x080095dc   0x00000050   Code   RO         1199    i.serial_clear_rx_buffer  serial.o
    0x0800962c   0x0800962c   0x000003b4   Code   RO         1201    i.serial_irq_handle  serial.o
    0x080099e0   0x080099e0   0x00000054   Code   RO         1202    i.serial_module_init  serial.o
    0x08009a34   0x08009a34   0x00000148   Code   RO         1203    i.serial_open       serial.o
    0x08009b7c   0x08009b7c   0x0000005c   Code   RO         1204    i.serial_rx_buffer_length  serial.o
    0x08009bd8   0x08009bd8   0x000000ac   Code   RO         1205    i.serial_rx_byte    serial.o
    0x08009c84   0x08009c84   0x00000124   Code   RO         1209    i.serial_tx_byte    serial.o
    0x08009da8   0x08009da8   0x00000194   Code   RO         1210    i.serial_tx_data    serial.o
    0x08009f3c   0x08009f3c   0x0000004a   Code   RO         5156    i.set_boot_selection  main.o
    0x08009f86   0x08009f86   0x00000002   PAD
    0x08009f88   0x08009f88   0x00000114   Code   RO         1079    i.set_parameters_to_default  parameters.o
    0x0800a09c   0x0800a09c   0x00000044   Code   RO         1380    i.spi_device_done   spi_device.o
    0x0800a0e0   0x0800a0e0   0x00000044   Code   RO         1386    i.spi_device_error  spi_device.o
    0x0800a124   0x0800a124   0x00000048   Code   RO         1300    i.spi_device_handle_init  spi_device.o
    0x0800a16c   0x0800a16c   0x00000078   Code   RO         1301    i.spi_device_lock   spi_device.o
    0x0800a1e4   0x0800a1e4   0x0000005c   Code   RO         1302    i.spi_device_module_init  spi_device.o
    0x0800a240   0x0800a240   0x000000ac   Code   RO         1303    i.spi_device_rx     spi_device.o
    0x0800a2ec   0x0800a2ec   0x000000ac   Code   RO         1304    i.spi_device_tx     spi_device.o
    0x0800a398   0x0800a398   0x0000008c   Code   RO         1306    i.spi_device_unlock  spi_device.o
    0x0800a424   0x0800a424   0x00000058   Code   RO         1710    i.stm32_format_uid  tools.o
    0x0800a47c   0x0800a47c   0x00000034   Code   RO         1711    i.stm32_uid         tools.o
    0x0800a4b0   0x0800a4b0   0x0000002e   Code   RO         1712    i.str_begin         tools.o
    0x0800a4de   0x0800a4de   0x00000024   Code   RO         1715    i.str_fill          tools.o
    0x0800a502   0x0800a502   0x00000032   Code   RO         1716    i.str_left_trim     tools.o
    0x0800a534   0x0800a534   0x00000028   Code   RO         1717    i.str_right_trim    tools.o
    0x0800a55c   0x0800a55c   0x0000000c   Code   RO         1399    i.system_get_status  system_status.o
    0x0800a568   0x0800a568   0x00000060   Code   RO         1402    i.system_reset_status  system_status.o
    0x0800a5c8   0x0800a5c8   0x00000060   Code   RO         1405    i.system_set_status  system_status.o
    0x0800a628   0x0800a628   0x000000a0   Code   RO         1407    i.system_status_module_init  system_status.o
    0x0800a6c8   0x0800a6c8   0x0000001a   Code   RO         1409    i.system_test_status  system_status.o
    0x0800a6e2   0x0800a6e2   0x00000014   Code   RO         1496    i.terminal_clear_rx_buffer  terminal.o
    0x0800a6f6   0x0800a6f6   0x00000006   Code   RO         1497    i.terminal_connected  terminal.o
    0x0800a6fc   0x0800a6fc   0x00000016   Code   RO         1498    i.terminal_data_ready  terminal.o
    0x0800a712   0x0800a712   0x00000002   PAD
    0x0800a714   0x0800a714   0x00000144   Code   RO         1499    i.terminal_date_time  terminal.o
    0x0800a858   0x0800a858   0x00000070   Code   RO         1500    i.terminal_default  terminal.o
    0x0800a8c8   0x0800a8c8   0x000000a4   Code   RO         1501    i.terminal_delete   terminal.o
    0x0800a96c   0x0800a96c   0x000000e4   Code   RO         1502    i.terminal_errors   terminal.o
    0x0800aa50   0x0800aa50   0x000000b4   Code   RO         1503    i.terminal_find_pattern  terminal.o
    0x0800ab04   0x0800ab04   0x0000003a   Code   RO         1504    i.terminal_get_identifier  terminal.o
    0x0800ab3e   0x0800ab3e   0x00000002   PAD
    0x0800ab40   0x0800ab40   0x00000140   Code   RO         1505    i.terminal_get_screen_size  terminal.o
    0x0800ac80   0x0800ac80   0x00000012   Code   RO         1506    i.terminal_get_separator  terminal.o
    0x0800ac92   0x0800ac92   0x00000002   PAD
    0x0800ac94   0x0800ac94   0x0000007c   Code   RO         1507    i.terminal_help     terminal.o
    0x0800ad10   0x0800ad10   0x000000dc   Code   RO         1508    i.terminal_list     terminal.o
    0x0800adec   0x0800adec   0x0000005c   Code   RO         1509    i.terminal_log      terminal.o
    0x0800ae48   0x0800ae48   0x00000044   Code   RO         1510    i.terminal_module_init  terminal.o
    0x0800ae8c   0x0800ae8c   0x000000a2   Code   RO         1511    i.terminal_read_byte  terminal.o
    0x0800af2e   0x0800af2e   0x00000002   PAD
    0x0800af30   0x0800af30   0x00000080   Code   RO         1512    i.terminal_reset    terminal.o
    0x0800afb0   0x0800afb0   0x00000038   Code   RO         1513    i.terminal_save     terminal.o
    0x0800afe8   0x0800afe8   0x0000001c   Code   RO         1514    i.terminal_send_byte  terminal.o
    0x0800b004   0x0800b004   0x00000026   Code   RO         1516    i.terminal_send_string  terminal.o
    0x0800b02a   0x0800b02a   0x00000002   PAD
    0x0800b02c   0x0800b02c   0x000000fc   Code   RO         1517    i.terminal_status   terminal.o
    0x0800b128   0x0800b128   0x000001e0   Code   RO         1518    i.terminal_task     terminal.o
    0x0800b308   0x0800b308   0x000000bc   Code   RO         1519    i.terminal_trace    terminal.o
    0x0800b3c4   0x0800b3c4   0x00000054   Code   RO         1857    i.trace_disable     trace.o
    0x0800b418   0x0800b418   0x00000084   Code   RO         1858    i.trace_enable      trace.o
    0x0800b49c   0x0800b49c   0x00000050   Code   RO         1859    i.trace_module_init  trace.o
    0x0800b4ec   0x0800b4ec   0x000000bc   Code   RO         1860    i.trace_read        trace.o
    0x0800b5a8   0x0800b5a8   0x0000003e   Code   RO         1720    i.uint8_to_hex      tools.o
    0x0800b5e6   0x0800b5e6   0x00000002   PAD
    0x0800b5e8   0x0800b5e8   0x00000048   Code   RO          617    i.verify_record     errors.o
    0x0800b630   0x0800b630   0x00000084   Code   RO          707    i.write_disable     ext_flash.o
    0x0800b6b4   0x0800b6b4   0x00000024   Code   RO          708    i.write_enable      ext_flash.o
    0x0800b6d8   0x0800b6d8   0x00000114   Code   RO         1080    i.write_parameter_by_field  parameters.o
    0x0800b7ec   0x0800b7ec   0x00000008   Data   RO          277    .constdata          leds_app.o
    0x0800b7f4   0x0800b7f4   0x00000024   Data   RO          301    .constdata          meter.o
    0x0800b818   0x0800b818   0x00000854   Data   RO          328    .constdata          parameters_app.o
    0x0800c06c   0x0800c06c   0x00000038   Data   RO          349    .constdata          serial_app.o
    0x0800c0a4   0x0800c0a4   0x0000000e   Data   RO          394    .constdata          version.o
    0x0800c0b2   0x0800c0b2   0x00000600   Data   RO          483    .constdata          crc_16.o
    0x0800c6b2   0x0800c6b2   0x00000002   PAD
    0x0800c6b4   0x0800c6b4   0x000002f8   Data   RO          528    .constdata          date_time.o
    0x0800c9ac   0x0800c9ac   0x0000002c   Data   RO          710    .constdata          ext_flash.o
    0x0800c9d8   0x0800c9d8   0x00000024   Data   RO          854    .constdata          kernel.o
    0x0800c9fc   0x0800c9fc   0x00000024   Data   RO          944    .constdata          leds.o
    0x0800ca20   0x0800ca20   0x00000024   Data   RO         1012    .constdata          log.o
    0x0800ca44   0x0800ca44   0x00000010   Data   RO         1308    .constdata          spi_device.o
    0x0800ca54   0x0800ca54   0x00000088   Data   RO         1520    .constdata          terminal.o
    0x0800cadc   0x0800cadc   0x00000094   Data   RO         1916    .constdata          vt100.o
    0x0800cb70   0x0800cb70   0x00000040   Data   RO         5122    .constdata          system_stm32g0xx.o
    0x0800cbb0   0x0800cbb0   0x00000020   Data   RO         5123    .constdata          system_stm32g0xx.o
    0x0800cbd0   0x0800cbd0   0x00000064   Data   RO         5469    .constdata          rtx_lib.o
    0x0800cc34   0x0800cc34   0x00000081   Data   RO         6372    .constdata          mc_p.l(ctype_o.o)
    0x0800ccb5   0x0800ccb5   0x00000003   PAD
    0x0800ccb8   0x0800ccb8   0x00000234   Data   RO          329    .conststring        parameters_app.o
    0x0800ceec   0x0800ceec   0x00000015   Data   RO          395    .conststring        version.o
    0x0800cf01   0x0800cf01   0x00000003   PAD
    0x0800cf04   0x0800cf04   0x0000000d   Data   RO         1309    .conststring        spi_device.o
    0x0800cf11   0x0800cf11   0x00000003   PAD
    0x0800cf14   0x0800cf14   0x0000038d   Data   RO         1521    .conststring        terminal.o
    0x0800d2a1   0x0800d2a1   0x00000003   PAD
    0x0800d2a4   0x0800d2a4   0x00000115   Data   RO         1917    .conststring        vt100.o
    0x0800d3b9   0x0800d3b9   0x00000003   PAD
    0x0800d3bc   0x0800d3bc   0x000000a0   Data   RO         5472    .rodata             rtx_lib.o
    0x0800d45c   0x0800d45c   0x0000000b   Data   RO         5576    .rodata.str1.4      RTX_CM0.lib(rtx_kernel.o)
    0x0800d467   0x0800d467   0x00000001   PAD
    0x0800d468   0x0800d468   0x00000020   Data   RO         6423    Region$$Table       anon$$obj.o


    Execution Region RW_IRAM1 (Exec base: 0x20000000, Load base: 0x0800d488, Size: 0x00000040, Max: 0x00000040, ABSOLUTE, UNINIT)

    Exec Addr    Load Addr    Size         Type   Attr      Idx    E Section Name        Object

    0x20000000        -       0x00000040   Zero   RW          619    Error               errors.o


    Execution Region RW_IRAM2 (Exec base: 0x20000040, Load base: 0x0800d488, Size: 0x00005f50, Max: 0x00008fc0, ABSOLUTE, COMPRESSED[0x0000006c])

    Exec Addr    Load Addr    Size         Type   Attr      Idx    E Section Name        Object

    0x20000040   COMPRESSED   0x000001d0   Data   RW         5464    .bss.os             rtx_lib.o
    0x20000210   COMPRESSED   0x00000034   Data   RW         5465    .bss.os.msgqueue.cb  rtx_lib.o
    0x20000244   COMPRESSED   0x00000050   Data   RW         5466    .bss.os.msgqueue.mem  rtx_lib.o
    0x20000294   COMPRESSED   0x000003b8   Data   RW         5467    .bss.os.thread.cb   rtx_lib.o
    0x2000064c   COMPRESSED   0x00000004   PAD
    0x20000650   COMPRESSED   0x000020b0   Data   RW         5468    .bss.os.thread.stack  rtx_lib.o
    0x20002700   COMPRESSED   0x00000004   Data   RW          302    .data               meter.o
    0x20002704   COMPRESSED   0x0000008c   Data   RW          330    .data               parameters_app.o
    0x20002790   COMPRESSED   0x00000008   Data   RW          424    .data               adc12.o
    0x20002798   COMPRESSED   0x00000010   Data   RW          529    .data               date_time.o
    0x200027a8   COMPRESSED   0x00000004   Data   RW          618    .data               errors.o
    0x200027ac   COMPRESSED   0x00000008   Data   RW          711    .data               ext_flash.o
    0x200027b4   COMPRESSED   0x00000020   Data   RW          855    .data               kernel.o
    0x200027d4   COMPRESSED   0x00000008   Data   RW          945    .data               leds.o
    0x200027dc   COMPRESSED   0x00000014   Data   RW         1013    .data               log.o
    0x200027f0   COMPRESSED   0x00000001   Data   RW         1083    .data               parameters.o
    0x200027f1   COMPRESSED   0x00000003   PAD
    0x200027f4   COMPRESSED   0x00000018   Data   RW         1411    .data               system_status.o
    0x2000280c   COMPRESSED   0x00000004   Data   RW         1522    .data               terminal.o
    0x20002810   COMPRESSED   0x00000020   Data   RW         1862    .data               trace.o
    0x20002830   COMPRESSED   0x0000000c   Data   RW         3120    .data               stm32g0xx_hal.o
    0x2000283c   COMPRESSED   0x00000004   Data   RW         5124    .data               system_stm32g0xx.o
    0x20002840   COMPRESSED   0x00000004   Data   RW         6345    .data               mc_p.l(errno.o)
    0x20002844   COMPRESSED   0x000000a4   Data   RW         5577    .data.os            RTX_CM0.lib(rtx_kernel.o)
    0x200028e8   COMPRESSED   0x00000018   Data   RW         5471    .data.os.thread.mpi  rtx_lib.o
    0x20002900        -       0x00000c98   Zero   RW          348    .bss                serial_app.o
    0x20003598        -       0x00001900   Zero   RW          423    .bss                adc12.o
    0x20004e98        -       0x0000000c   Zero   RW          709    .bss                ext_flash.o
    0x20004ea4        -       0x00000020   Zero   RW          943    .bss                leds.o
    0x20004ec4        -       0x0000041c   Zero   RW         1011    .bss                log.o
    0x200052e0        -       0x000000ee   Zero   RW         1082    .bss                parameters.o
    0x200053ce   COMPRESSED   0x00000002   PAD
    0x200053d0        -       0x0000000c   Zero   RW         1307    .bss                spi_device.o
    0x200053dc        -       0x0000045d   Zero   RW         1861    .bss                trace.o
    0x20005839   COMPRESSED   0x00000003   PAD
    0x2000583c        -       0x00000018   Zero   RW         2460    .bss                stm32g0xx_hal_flash.o
    0x20005854        -       0x000000c0   Zero   RW         5227    .bss                adc.o
    0x20005914        -       0x0000011c   Zero   RW         5285    .bss                spi.o
    0x20005a30        -       0x00000040   Zero   RW         5323    .bss                tim.o
    0x20005a70        -       0x00000118   Zero   RW         5362    .bss                usart.o
    0x20005b88        -       0x00000001   Zero   RW         5923    .bss.PendST         RTX_CM0.lib(os_systick.o)
    0x20005b89   COMPRESSED   0x00000007   PAD
    0x20005b90        -       0x00000400   Zero   RW         1935    STACK               startup_stm32g070xx.o


==============================================================================

Image component sizes


      Code (inc. data)   RO Data    RW Data    ZI Data      Debug   Object Name

       576         78          0          0        192       1815   adc.o
       448        106          0          8       6400       3914   adc12.o
         2          0          0          0          0     439129   adc12_app.o
        78          0          0          0          0      10023   application.o
        84          8       1536          0          0       1776   crc_16.o
       724        114        760         16          0       5321   date_time.o
        56          4          0          0          0        690   dma.o
      1086        100          0          4         64       5314   errors.o
      1088        150         44          8         12       5669   ext_flash.o
       136         10          0          0          0        847   gpio.o
       962        174         36         32          0       6041   kernel.o
      1104         70         36          8         32       3479   leds.o
         6          0          8          0          0        891   leds_app.o
      1972        278         36         20       1052       7707   log.o
       282         14          0          0          0       1669   main.o
       132         24         36          4          0       1725   meter.o
      3412        312          0          1        238       7395   parameters.o
         0          0       2696        140          0       4129   parameters_app.o
       738         42          0          0          0       4285   queue.o
         0          0        260       9940          0       9142   rtx_lib.o
      2400        128          0          0          0       6265   serial.o
       108         22         56          0       3224       1441   serial_app.o
       340         46          0          0        284       1727   spi.o
      1144        216         29          0         12       7446   spi_device.o
        28          8        184          0       1024        580   startup_stm32g070xx.o
       132         16          0         12          0       2720   stm32g0xx_hal.o
      1770         90          0          0          0      42678   stm32g0xx_hal_adc.o
       160          6          0          0          0      32870   stm32g0xx_hal_adc_ex.o
       180         30          0          0          0      12647   stm32g0xx_hal_cortex.o
       670         34          0          0          0       4783   stm32g0xx_hal_dma.o
       272         54          0          0         24      11898   stm32g0xx_hal_flash.o
       292         40          0          0          0       3944   stm32g0xx_hal_flash_ex.o
       532         32          0          0          0       2990   stm32g0xx_hal_gpio.o
        52          6          0          0          0        774   stm32g0xx_hal_msp.o
        76         14          0          0          0        722   stm32g0xx_hal_pwr_ex.o
      1516         88          0          0          0      19997   stm32g0xx_hal_rcc.o
       352         14          0          0          0       1600   stm32g0xx_hal_rcc_ex.o
      2048         56          0          0          0      13551   stm32g0xx_hal_spi.o
       610         46          0          0          0       6908   stm32g0xx_hal_tim.o
        84          6          0          0          0       1332   stm32g0xx_hal_tim_ex.o
      1360         42          0          0          0       5811   stm32g0xx_hal_uart.o
       316         16          0          0          0       3549   stm32g0xx_hal_uart_ex.o
        72         26          0          0          0       1758   stm32g0xx_it.o
       390         94          0         24          0       2847   system_status.o
       160         24         96          4          0       1799   system_stm32g0xx.o
      4052        704       1045          4          0      28652   terminal.o
       180         32          0          0         64       1512   tim.o
       408         28          0          0          0       5163   tools.o
       484        126          0         32       1117       4667   trace.o
       476         66          0          0        280       2684   usart.o
         0          0         65          0          0        760   version.o
         0          0        425          0          0       2367   vt100.o

    ----------------------------------------------------------------------
     33592       3594       7396      10264      14024     759403   Object Totals
         0          0         32          0          0          0   (incl. Generated)
        42          0         16          7          5          0   (incl. Padding)

    ----------------------------------------------------------------------

      Code (inc. data)   RO Data    RW Data    ZI Data      Debug   Library Member Name

       164          8          0          0          0        500   irq_cm0.o
       138         32          0          0          1       2769   os_systick.o
       130         12          0          0          0       2723   rtx_delay.o
       590         48         11        164          0      16196   rtx_kernel.o
       248          0          0          0          0       2674   rtx_memory.o
       164          0          0          0          0      14367   rtx_mempool.o
      1554         44          0          0          0      18006   rtx_msgqueue.o
       700         24          0          0          0       9526   rtx_mutex.o
       360         26          0          0          0       4670   rtx_system.o
      2256        132          0          0          0      31262   rtx_thread.o
       232         20          0          0          0      10004   rtx_timer.o
        42          0          0          0          0         76   atof.o
        58          0          0          0          0          0   __dczerorl.o
       138          0          0          0          0         80   __strtoll.o
        30          0          0          0          0         60   _chval.o
        68          0          0          0          0         76   _sgetc.o
       166          0          0          0          0         84   _strtoul.o
       214          0          0          0          0         84   _strtoull.o
        26          0          0          0          0         72   atoi.o
        26          0          0          0          0         72   atol.o
        26          0          0          0          0         72   atoll.o
         8          4        133          0          0         60   ctype_o.o
         0          0          0          0          0          0   entry.o
         0          0          0          0          0          0   entry10a.o
         0          0          0          0          0          0   entry11a.o
         4          0          0          0          0          0   entry12b.o
         8          4          0          0          0          0   entry2.o
         4          0          0          0          0          0   entry5.o
         0          0          0          0          0          0   entry7b.o
         0          0          0          0          0          0   entry8b.o
         8          4          0          0          0          0   entry9a.o
        32         16          0          4          0        180   errno.o
        30          0          0          0          0          0   handlers.o
        36          8          0          0          0         68   init.o
        18          0          0          0          0         68   isspace_o.o
         0          0          0          0          0          0   iusefp.o
       122          0          0          0          0         84   llmul.o
        32          0          0          0          0         68   llshl.o
        38          0          0          0          0         68   llsshr.o
        34          0          0          0          0         68   llushr.o
        26          0          0          0          0         72   memcmp.o
        64          0          0          0          0         68   memmovea.o
        36          0          0          0          0        100   memseta.o
      2352        100          0          0          0        624   printfa.o
       898         12          0          0          0        184   scanf_fp.o
        24          0          0          0          0         60   strcat.o
        28          0          0          0          0         68   strcmp.o
        18          0          0          0          0         60   strcpy.o
        14          0          0          0          0         60   strlen.o
        26          0          0          0          0         68   strncpy.o
        40          0          0          0          0         72   strstr.o
       164         16          0          0          0        120   strtod.o
       112          4          0          0          0         76   strtol.o
        44          0          0          0          0         72   uidiv.o
        96          0          0          0          0         84   uldiv.o
        20          0          0          0          0         60   uread4.o
        18          0          0          0          0         60   uwrite4.o
        40          2          0          0          0         68   cdcmple.o
        40          2          0          0          0         68   cdrcmple.o
        20          0          0          0          0         68   cfcmple.o
        20          0          0          0          0         68   cfrcmple.o
        56          0          0          0          0         68   d2f.o
       360          6          0          0          0        140   dadd.o
       240          6          0          0          0         84   ddiv.o
       236          0          0          0          0        216   depilogue.o
        80          8          0          0          0         72   dfixl.o
        64         10          0          0          0         68   dfixul.o
        28          6          0          0          0         68   dfltul.o
       208          6          0          0          0         88   dmul.o
        40          0          0          0          0         60   f2d.o
       130          0          0          0          0        144   fepilogue.o

    ----------------------------------------------------------------------
     13272        560        148        168          8     117225   Library Totals
        26          0          4          0          7          0   (incl. Padding)

    ----------------------------------------------------------------------

      Code (inc. data)   RO Data    RW Data    ZI Data      Debug   Library Name

      6536        346         11        164          1     112697   RTX_CM0.lib
        42          0          0          0          0         76   m_ps.l
      5106        168        133          4          0       3172   mc_p.l
      1562         46          0          0          0       1280   mf_p.l

    ----------------------------------------------------------------------
     13272        560        148        168          8     117225   Library Totals

    ----------------------------------------------------------------------

==============================================================================


      Code (inc. data)   RO Data    RW Data    ZI Data      Debug   

     46864       4154       7544      10432      14032     863600   Grand Totals
     46864       4154       7544        108      14032     863600   ELF Image Totals (compressed)
     46864       4154       7544        108          0          0   ROM Totals

==============================================================================

    Total RO  Size (Code + RO Data)                54408 (  53.13kB)
    Total RW  Size (RW Data + ZI Data)             24464 (  23.89kB)
    Total ROM Size (Code + RO Data + RW Data)      54516 (  53.24kB)

==============================================================================

