Component: ARM Compiler 5.06 update 6 (build 750) Tool: armlink [4d35ed]

==============================================================================

Section Cross References

    adc12_app.o(.constdata) refers to socket_control_pilot.o(i.socket_control_pilot_update_event) for socket_control_pilot_update_event
    adc12_app.o(.constdata) refers to socket_app.o(.data) for Socket_Descriptor
    adc12_app.o(.constdata) refers to socket_proximity.o(i.socket_proximity_update_event) for socket_proximity_update_event
    application.o(i.application_init) refers to system_status.o(i.system_status_module_init) for system_status_module_init
    application.o(i.application_init) refers to date_time.o(i.date_time_module_init) for date_time_module_init
    application.o(i.application_init) refers to spi_device.o(i.spi_device_module_init) for spi_device_module_init
    application.o(i.application_init) refers to ext_flash.o(i.ext_flash_module_init) for ext_flash_module_init
    application.o(i.application_init) refers to errors.o(i.errors_module_init) for errors_module_init
    application.o(i.application_init) refers to log.o(i.log_module_init) for log_module_init
    application.o(i.application_init) refers to i2c_device.o(i.i2c_device_module_init) for i2c_device_module_init
    application.o(i.application_init) refers to pwm.o(i.pwm_module_init) for pwm_module_init
    application.o(i.application_init) refers to adc12.o(i.adc12_module_init) for adc12_module_init
    application.o(i.application_init) refers to inputs.o(i.inputs_module_init) for inputs_module_init
    application.o(i.application_init) refers to leds.o(i.leds_module_init) for leds_module_init
    application.o(i.application_init) refers to parameters.o(i.parameters_module_init) for parameters_module_init
    application.o(i.application_init) refers to servo.o(i.servo_module_init) for servo_module_init
    application.o(i.application_init) refers to serial.o(i.serial_module_init) for serial_module_init
    application.o(i.application_init) refers to trace.o(i.trace_module_init) for trace_module_init
    application.o(i.application_init) refers to terminal.o(i.terminal_module_init) for terminal_module_init
    application.o(i.application_init) refers to socket.o(i.socket_module_init) for socket_module_init
    application.o(i.application_init) refers to evse.o(i.evse_module_init) for evse_module_init
    application.o(i.application_start) refers to pwm.o(i.pwm_start) for pwm_start
    evse.o(i.evse_get_current) refers to socket.o(i.socket_get_current) for socket_get_current
    evse.o(i.evse_get_current) refers to evse.o(.data) for Evse_Socket
    evse.o(i.evse_get_max_current) refers to socket.o(i.socket_get_max_current) for socket_get_max_current
    evse.o(i.evse_get_max_current) refers to evse.o(.data) for Evse_Socket
    evse.o(i.evse_get_status) refers to socket.o(i.socket_get_status) for socket_get_status
    evse.o(i.evse_get_status) refers to memmovea.o(.text) for __aeabi_memcpy4
    evse.o(i.evse_get_status) refers to evse.o(.data) for Evse_State
    evse.o(i.evse_get_status) refers to evse.o(.constdata) for Evse_State_Strings
    evse.o(i.evse_module_init) refers to rtx_thread.o(.text.osThreadNew) for osThreadNew
    evse.o(i.evse_module_init) refers to evse.o(.data) for Evse_Socket
    evse.o(i.evse_module_init) refers to evse.o(.constdata) for Evse_Thread_Attributes
    evse.o(i.evse_module_init) refers to evse.o(i.evse_task) for evse_task
    evse.o(i.evse_set_current) refers to socket.o(i.socket_set_current) for socket_set_current
    evse.o(i.evse_set_current) refers to evse.o(.data) for Evse_Socket
    evse.o(i.evse_start_event) refers to rtx_thread.o(.text.osThreadFlagsSet) for osThreadFlagsSet
    evse.o(i.evse_start_event) refers to evse.o(.data) for Evse_Thread_Id
    evse.o(i.evse_stop_event) refers to rtx_thread.o(.text.osThreadFlagsSet) for osThreadFlagsSet
    evse.o(i.evse_stop_event) refers to evse.o(.data) for Evse_Thread_Id
    evse.o(i.evse_task) refers to trace.o(i._trace_log_append) for _trace_log_append
    evse.o(i.evse_task) refers to rtx_delay.o(.text.osDelay) for osDelay
    evse.o(i.evse_task) refers to socket_app.o(i.socket_configure) for socket_configure
    evse.o(i.evse_task) refers to socket.o(i.socket_create) for socket_create
    evse.o(i.evse_task) refers to socket_control_pilot.o(i.socket_control_pilot_calibration) for socket_control_pilot_calibration
    evse.o(i.evse_task) refers to rtx_thread.o(.text.osThreadFlagsClear) for osThreadFlagsClear
    evse.o(i.evse_task) refers to rtx_thread.o(.text.osThreadFlagsWait) for osThreadFlagsWait
    evse.o(i.evse_task) refers to date_time.o(i.date_time_get_ticks) for date_time_get_ticks
    evse.o(i.evse_task) refers to socket.o(i.socket_plug_in) for socket_plug_in
    evse.o(i.evse_task) refers to socket.o(i.socket_init_max_current) for socket_init_max_current
[...]
    spi_device_module_init                   0x0800d489   Thumb Code    62  spi_device.o(i.spi_device_module_init)
    spi_device_rx                            0x0800d4cd   Thumb Code   116  spi_device.o(i.spi_device_rx)
    spi_device_tx                            0x0800d541   Thumb Code   116  spi_device.o(i.spi_device_tx)
    spi_device_unlock                        0x0800d5b5   Thumb Code    92  spi_device.o(i.spi_device_unlock)
    stm32_format_uid                         0x0800d611   Thumb Code    52  tools.o(i.stm32_format_uid)
    stm32_uid                                0x0800d645   Thumb Code    28  tools.o(i.stm32_uid)
    str_begin                                0x0800d665   Thumb Code    46  tools.o(i.str_begin)
    str_fill                                 0x0800d693   Thumb Code    36  tools.o(i.str_fill)
    str_left_trim                            0x0800d6b7   Thumb Code    50  tools.o(i.str_left_trim)
    str_right_trim                           0x0800d6e9   Thumb Code    40  tools.o(i.str_right_trim)
    system_get_status                        0x0800d711   Thumb Code     6  system_status.o(i.system_get_status)
    system_reset_status                      0x0800d71d   Thumb Code    56  system_status.o(i.system_reset_status)
    system_set_status                        0x0800d75d   Thumb Code    56  system_status.o(i.system_set_status)
    system_status_module_init                0x0800d79d   Thumb Code    96  system_status.o(i.system_status_module_init)
    system_test_status                       0x0800d815   Thumb Code    26  system_status.o(i.system_test_status)
    terminal_clear_rx_buffer                 0x0800d82f   Thumb Code    20  terminal.o(i.terminal_clear_rx_buffer)
    terminal_connected                       0x0800d843   Thumb Code     6  terminal.o(i.terminal_connected)
    terminal_data_ready                      0x0800d849   Thumb Code    22  terminal.o(i.terminal_data_ready)
    terminal_get_identifier                  0x0800dad1   Thumb Code   204  terminal.o(i.terminal_get_identifier)
    terminal_get_screen_size                 0x0800db9d   Thumb Code   286  terminal.o(i.terminal_get_screen_size)
    terminal_get_separator                   0x0800dcc1   Thumb Code    18  terminal.o(i.terminal_get_separator)
    terminal_module_init                     0x0800de5d   Thumb Code    32  terminal.o(i.terminal_module_init)
    terminal_print_cpu_load                  0x0800de89   Thumb Code   216  terminal_widget.o(i.terminal_print_cpu_load)
    terminal_read_byte                       0x0800df85   Thumb Code   162  terminal.o(i.terminal_read_byte)
    terminal_send_byte                       0x0800e0a9   Thumb Code    28  terminal.o(i.terminal_send_byte)
    terminal_send_string                     0x0800e0c5   Thumb Code    38  terminal.o(i.terminal_send_string)
    terminal_task                            0x0800e569   Thumb Code   446  terminal.o(i.terminal_task)
    trace_disable                            0x0800e885   Thumb Code    50  trace.o(i.trace_disable)
    trace_enable                             0x0800e8c1   Thumb Code    78  trace.o(i.trace_enable)
    trace_module_init                        0x0800e925   Thumb Code    48  trace.o(i.trace_module_init)
    trace_read                               0x0800e965   Thumb Code   126  trace.o(i.trace_read)
    uint8_to_hex                             0x0800ea11   Thumb Code    62  tools.o(i.uint8_to_hex)
    write_parameter_by_field                 0x0800ef2d   Thumb Code   284  parameters.o(i.write_parameter_by_field)
    Adc12_Table                              0x0800f050   Data         100  adc12_app.o(.constdata)
    Input_Table                              0x0800f0f8   Data         140  inputs_app.o(.constdata)
    Led_Table                                0x0800f184   Data          16  leds_app.o(.constdata)
    Parameters                               0x0800f198   Data        2016  parameters_app.o(.constdata)
    Parameters_Number                        0x0800f978   Data           4  parameters_app.o(.constdata)
    Serial_Handle                            0x0800f97c   Data          84  serial_app.o(.constdata)
    Socket_Type_2_Wire_Table                 0x0800f9d0   Data          48  socket_type_2.o(.constdata)
    Socket_Type_2_CP_PP_0                    0x0800fa00   Data         108  socket_type_2.o(.constdata)
    Socket_Type_2_CP_0                       0x0800fa6c   Data         108  socket_type_2.o(.constdata)
    Socket_Type_3_Wire_Table                 0x0800fad8   Data          12  socket_type_3.o(.constdata)
    Socket_Type_3_CP_0                       0x0800fae4   Data         108  socket_type_3.o(.constdata)
    Socket_Type_3_PP_0                       0x0800fb50   Data         108  socket_type_3.o(.constdata)
    Socket_Type_3_PS_0                       0x0800fbbc   Data         108  socket_type_3.o(.constdata)
    Application_Build                        0x0800fc28   Data           4  version.o(.constdata)
    Parameters_Version                       0x0800fc2c   Data          10  version.o(.constdata)
    Terminal_Command                         0x080106f4   Data          56  terminal.o(.constdata)
    Terminal_Command_Number                  0x0801072c   Data           4  terminal.o(.constdata)
    VT100_Delete_Left_Char                   0x08010730   Data           4  vt100.o(.constdata)
    VT100_Reset_Attributes                   0x08010734   Data           4  vt100.o(.constdata)
    VT100_Save_Attributes                    0x08010738   Data           4  vt100.o(.constdata)
    VT100_Restore_Attributes                 0x0801073c   Data           4  vt100.o(.constdata)
    VT100_Erase_Screen_Down                  0x08010740   Data           4  vt100.o(.constdata)
    VT100_Erase_Screen_Up                    0x08010744   Data           4  vt100.o(.constdata)
    VT100_Erase_Screen                       0x08010748   Data           4  vt100.o(.constdata)
    VT100_Erase_Line_From_Right              0x0801074c   Data           4  vt100.o(.constdata)
    VT100_Erase_Line_From_Left               0x08010750   Data           4  vt100.o(.constdata)
    VT100_Erase_Line                         0x08010754   Data           4  vt100.o(.constdata)
    VT100_Hide_Cursor                        0x08010758   Data           4  vt100.o(.constdata)
    VT100_Show_Cursor                        0x0801075c   Data           4  vt100.o(.constdata)
    VT100_Go_To_Begin                        0x08010760   Data           4  vt100.o(.constdata)
    VT100_Char_Attribute_Off                 0x08010764   Data           4  vt100.o(.constdata)
    VT100_Char_Bold                          0x08010768   Data           4  vt100.o(.constdata)
    VT100_Char_Low_Intensity                 0x0801076c   Data           4  vt100.o(.constdata)
    VT100_Char_Underline                     0x08010770   Data           4  vt100.o(.constdata)
    VT100_Char_Blink                         0x08010774   Data           4  vt100.o(.constdata)
    VT100_Char_Reverse                       0x08010778   Data           4  vt100.o(.constdata)
    VT100_Char_Hidden                        0x0801077c   Data           4  vt100.o(.constdata)
    VT100_Fore_Color_Black                   0x08010780   Data           4  vt100.o(.constdata)
    VT100_Fore_Color_Red                     0x08010784   Data           4  vt100.o(.constdata)
    VT100_Fore_Color_Green                   0x08010788   Data           4  vt100.o(.constdata)
    VT100_Fore_Color_Yellow                  0x0801078c   Data           4  vt100.o(.constdata)
    VT100_Fore_Color_Blue                    0x08010790   Data           4  vt100.o(.constdata)
    VT100_Fore_Color_Magenta                 0x08010794   Data           4  vt100.o(.constdata)
    VT100_Fore_Color_Cyan                    0x08010798   Data           4  vt100.o(.constdata)
    VT100_Fore_Color_White                   0x0801079c   Data           4  vt100.o(.constdata)
    VT100_Back_Color_Black                   0x080107a0   Data           4  vt100.o(.constdata)
    VT100_Back_Color_Red                     0x080107a4   Data           4  vt100.o(.constdata)
    VT100_Back_Color_Green                   0x080107a8   Data           4  vt100.o(.constdata)
    VT100_Back_Color_Yellow                  0x080107ac   Data           4  vt100.o(.constdata)
    VT100_Back_Color_Blue                    0x080107b0   Data           4  vt100.o(.constdata)
    VT100_Back_Color_Magenta                 0x080107b4   Data           4  vt100.o(.constdata)
    VT100_Back_Color_Cyan                    0x080107b8   Data           4  vt100.o(.constdata)
    VT100_Back_Color_White                   0x080107bc   Data           4  vt100.o(.constdata)
    VT100_Get_Screen_Size                    0x080107c0   Data           4  vt100.o(.constdata)
    AHBPrescTable                            0x080107e8   Data          64  system_stm32g0xx.o(.constdata)
    APBPrescTable                            0x08010828   Data          32  system_stm32g0xx.o(.constdata)
    osRtxUserSVC                             0x080108a8   Data           4  rtx_lib.o(.constdata)
    __ctype_table                            0x080108ac   Data         129  ctype_o.o(.constdata)
    osRtxConfig                              0x08011098   Data         104  rtx_lib.o(.rodata)
    os_cb_sections                           0x08011100   Data          56  rtx_lib.o(.rodata)
    Region$$Table$$Base                      0x08011144   Number         0  anon$$obj.o(Region$$Table)
    Region$$Table$$Limit                     0x08011164   Number         0  anon$$obj.o(Region$$Table)
    .bss.os.msgqueue.cb$$Base                0x200004a8   Number         0  rtx_lib.o(.bss.os.msgqueue.cb)
    .bss.os.msgqueue.cb$$Limit               0x200004dc   Number         0  rtx_lib.o(.bss.os.msgqueue.cb)
    .bss.os.thread.cb$$Base                  0x2000052c   Number         0  rtx_lib.o(.bss.os.thread.cb)
    .bss.os.thread.cb$$Limit                 0x200008e4   Number         0  rtx_lib.o(.bss.os.thread.cb)
    Evse_Socket                              0x200048dc   Data           4  evse.o(.data)
    Socket_Trace_Level                       0x200048e4   Data           1  parameters_app.o(.data)
    Evse_Trace_Level                         0x200048e5   Data           1  parameters_app.o(.data)
    I2C_Device_Trace_Level                   0x200048e6   Data           1  parameters_app.o(.data)
    Socket_Descriptor_Id                     0x200048e8   Data           4  parameters_app.o(.data)
    Socket_Type_2_Control_Pilot_Settling_Time 0x200048ec   Data           4  parameters_app.o(.data)
    Socket_Type_2_Control_Pilot_Short_Settling_Time 0x200048f0   Data           4  parameters_app.o(.data)
    Socket_Type_2_Control_Pilot_Wake_Up_Enable 0x200048f4   Data           1  parameters_app.o(.data)
    Socket_Type_2_Control_Pilot_Sleep_Detection_Time 0x200048f8   Data           4  parameters_app.o(.data)
    Socket_Type_2_Control_Pilot_Wake_Up_Gnd_Time 0x200048fc   Data           4  parameters_app.o(.data)
    Socket_Type_2_Control_Pilot_Wake_Up_High_Time 0x20004900   Data           4  parameters_app.o(.data)
    Socket_Type_2_Control_Pilot_Ventilation_Enable 0x20004904   Data           1  parameters_app.o(.data)
    Socket_Type_2_Control_Pilot_Stop_Timeout 0x20004908   Data           4  parameters_app.o(.data)
    Socket_Type_2_Control_Pilot_Simplified_Max_Current 0x2000490c   Data           4  parameters_app.o(.data)
    Socket_Type_2_Proximity_Connect_Filter_Time 0x20004910   Data           4  parameters_app.o(.data)
    Socket_Type_2_Proximity_Disconnect_Filter_Time 0x20004914   Data           4  parameters_app.o(.data)
    Socket_Type_2_Min_Current                0x20004918   Data           4  parameters_app.o(.data)
    Socket_Type_2_Max_Current                0x2000491c   Data           4  parameters_app.o(.data)
    Socket_Type_3_Control_Pilot_Settling_Time 0x20004920   Data           4  parameters_app.o(.data)
    Socket_Type_3_Control_Pilot_Short_Settling_Time 0x20004924   Data           4  parameters_app.o(.data)
    Socket_Type_3_Control_Pilot_Wake_Up_Enable 0x20004928   Data           1  parameters_app.o(.data)
    Socket_Type_3_Control_Pilot_Sleep_Detection_Time 0x2000492c   Data           4  parameters_app.o(.data)
    Socket_Type_3_Control_Pilot_Wake_Up_Gnd_Time 0x20004930   Data           4  parameters_app.o(.data)
    Socket_Type_3_Control_Pilot_Wake_Up_High_Time 0x20004934   Data           4  parameters_app.o(.data)
    Socket_Type_3_Control_Pilot_Ventilation_Enable 0x20004938   Data           1  parameters_app.o(.data)
    Socket_Type_3_Control_Pilot_Stop_Timeout 0x2000493c   Data           4  parameters_app.o(.data)
    Socket_Type_3_Control_Pilot_Simplified_Max_Current 0x20004940   Data           4  parameters_app.o(.data)
    Socket_Type_3_Proximity_Connect_Filter_Time 0x20004944   Data           4  parameters_app.o(.data)
    Socket_Type_3_Proximity_Disconnect_Filter_Time 0x20004948   Data           4  parameters_app.o(.data)
    Socket_Type_3_Plug_Switch_Connect_Filter_Time 0x2000494c   Data           4  parameters_app.o(.data)
    Socket_Type_3_Plug_Switch_Disconnect_Filter_Time 0x20004950   Data           4  parameters_app.o(.data)
    Socket_Type_3_Min_Current                0x20004954   Data           4  parameters_app.o(.data)
    Socket_Type_3_Max_Current                0x20004958   Data           4  parameters_app.o(.data)
    Evse_Plug_In_Timeout                     0x2000495c   Data           4  parameters_app.o(.data)
    Evse_Fault_Signal_Time                   0x20004960   Data           4  parameters_app.o(.data)
    Evse_Plug_Out_Timeout                    0x20004964   Data           4  parameters_app.o(.data)
    Evse_Max_Current                         0x20004968   Data           4  parameters_app.o(.data)
    Socket_Descriptor                        0x2000496c   Data           4  socket_app.o(.data)
    Socket_Descriptor_Table                  0x20004970   Data          24  socket_app.o(.data)
    Errors_Date_Time_Seconds                 0x2000499c   Data           4  errors.o(.data)
    Trace_Enable                             0x200049f4   Data           1  trace.o(.data)
    SystemCoreClock                          0x20004a28   Data           4  system_stm32g0xx.o(.data)
    uwTick                                   0x20004a2c   Data           4  stm32g0xx_hal.o(.data)
    uwTickPrio                               0x20004a30   Data           4  stm32g0xx_hal.o(.data)
    uwTickFreq                               0x20004a34   Data           4  stm32g0xx_hal.o(.data)
    osRtxInfo                                0x20004a3c   Data         164  rtx_kernel.o(.data.os)
    Socket_Data                              0x200063dc   Data          56  socket_app.o(.bss)
    hadc1                                    0x20007a80   Data          96  adc.o(.bss)
    hdma_adc1                                0x20007ae0   Data          92  adc.o(.bss)
    hi2c1                                    0x20007b3c   Data          76  i2c.o(.bss)
    hdma_i2c1_rx                             0x20007b88   Data          92  i2c.o(.bss)
    hdma_i2c1_tx                             0x20007be4   Data          92  i2c.o(.bss)
    hspi1                                    0x20007c40   Data         100  spi.o(.bss)
    hdma_spi1_rx                             0x20007ca4   Data          92  spi.o(.bss)
    hdma_spi1_tx                             0x20007d00   Data          92  spi.o(.bss)
    htim1                                    0x20007d5c   Data          64  tim.o(.bss)
    huart1                                   0x20007d9c   Data         136  usart.o(.bss)
    huart2                                   0x20007e24   Data         136  usart.o(.bss)
    huart3                                   0x20007eac   Data         136  usart.o(.bss)
    __initial_sp                             0x20008338   Data           0  startup_stm32g070xx.o(STACK)



==============================================================================

Memory Map of the image

  Image Entry point : 0x080000b9

  Load Region LR_IROM1 (Base: 0x08000000, Size: 0x00015c1c, Max: 0x00020000, ABSOLUTE, COMPRESSED[0x00011228])

    Execution Region ER_IROM1 (Exec base: 0x08000000, Load base: 0x08000000, Size: 0x00011164, Max: 0x00020000, ABSOLUTE)

    Exec Addr    Load Addr    Size         Type   Attr      Idx    E Section Name        Object

    0x08000000   0x08000000   0x000000b8   Data   RO         2775    RESET               startup_stm32g070xx.o
    0x080000b8   0x080000b8   0x00000000   Code   RO         7455  * .ARM.Collect$$$$00000000  mc_p.l(entry.o)
    0x080000b8   0x080000b8   0x00000004   Code   RO         7789    .ARM.Collect$$$$00000001  mc_p.l(entry2.o)
    0x080000bc   0x080000bc   0x00000004   Code   RO         7792    .ARM.Collect$$$$00000004  mc_p.l(entry5.o)
    0x080000c0   0x080000c0   0x00000000   Code   RO         7794    .ARM.Collect$$$$00000008  mc_p.l(entry7b.o)
    0x080000c0   0x080000c0   0x00000000   Code   RO         7796    .ARM.Collect$$$$0000000A  mc_p.l(entry8b.o)
    0x080000c0   0x080000c0   0x00000008   Code   RO         7797    .ARM.Collect$$$$0000000B  mc_p.l(entry9a.o)
    0x080000c8   0x080000c8   0x00000000   Code   RO         7799    .ARM.Collect$$$$0000000D  mc_p.l(entry10a.o)
    0x080000c8   0x080000c8   0x00000000   Code   RO         7801    .ARM.Collect$$$$0000000F  mc_p.l(entry11a.o)
    0x080000c8   0x080000c8   0x00000004   Code   RO         7790    .ARM.Collect$$$$00002712  mc_p.l(entry2.o)
    0x080000cc   0x080000cc   0x0000001c   Code   RO         2776    .text               startup_stm32g070xx.o
    0x080000e8   0x080000e8   0x000000a4   Code   RO         7238    .text               RTX_CM0.lib(irq_cm0.o)
    0x0800018c   0x0800018c   0x0000002c   Code   RO         7458    .text               mc_p.l(uidiv.o)
    0x080001b8   0x080001b8   0x00000028   Code   RO         7460    .text               mc_p.l(idiv.o)
    0x080001e0   0x080001e0   0x00000040   Code   RO         7464    .text               mc_p.l(memmovea.o)
    0x08000220   0x08000220   0x00000024   Code   RO         7466    .text               mc_p.l(memseta.o)
    0x08000244   0x08000244   0x00000018   Code   RO         7468    .text               mc_p.l(strcat.o)
    0x0800025c   0x0800025c   0x00000028   Code   RO         7470    .text               mc_p.l(strstr.o)
    0x08000284   0x08000284   0x0000001a   Code   RO         7472    .text               mc_p.l(strncpy.o)
    0x0800029e   0x0800029e   0x0000000e   Code   RO         7474    .text               mc_p.l(strlen.o)
    0x080002ac   0x080002ac   0x0000001c   Code   RO         7476    .text               mc_p.l(strcmp.o)
    0x080002c8   0x080002c8   0x0000001a   Code   RO         7478    .text               mc_p.l(memcmp.o)
    0x080002e2   0x080002e2   0x00000012   Code   RO         7480    .text               mc_p.l(strcpy.o)
    0x080002f4   0x080002f4   0x00000014   Code   RO         7747    .text               mc_p.l(uread4.o)
    0x08000308   0x08000308   0x00000012   Code   RO         7749    .text               mc_p.l(uwrite4.o)
    0x0800031a   0x0800031a   0x0000001a   Code   RO         7751    .text               mc_p.l(atoi.o)
    0x08000334   0x08000334   0x0000001a   Code   RO         7753    .text               mc_p.l(atol.o)
    0x0800034e   0x0800034e   0x0000001a   Code   RO         7755    .text               mc_p.l(atoll.o)
    0x08000368   0x08000368   0x000000b2   Code   RO         7757    .text               mf_p.l(fadd.o)
    0x0800041a   0x0800041a   0x0000007a   Code   RO         7759    .text               mf_p.l(fmul.o)
    0x08000494   0x08000494   0x0000007c   Code   RO         7761    .text               mf_p.l(fdiv.o)
    0x08000510   0x08000510   0x00000164   Code   RO         7763    .text               mf_p.l(dadd.o)
    0x08000674   0x08000674   0x000000d0   Code   RO         7765    .text               mf_p.l(dmul.o)
    0x08000744   0x08000744   0x000000f0   Code   RO         7767    .text               mf_p.l(ddiv.o)
    0x08000834   0x08000834   0x0000000e   Code   RO         7769    .text               mf_p.l(ffltui.o)
    0x08000842   0x08000842   0x00000028   Code   RO         7771    .text               mf_p.l(ffixui.o)
    0x0800086a   0x0800086a   0x00000002   PAD
    0x0800086c   0x0800086c   0x00000050   Code   RO         7773    .text               mf_p.l(dfixl.o)
    0x080008bc   0x080008bc   0x00000040   Code   RO         7775    .text               mf_p.l(dfixul.o)
    0x080008fc   0x080008fc   0x00000028   Code   RO         7777    .text               mf_p.l(f2d.o)
    0x08000924   0x08000924   0x00000028   Code   RO         7779    .text               mf_p.l(cdcmple.o)
    0x0800094c   0x0800094c   0x00000028   Code   RO         7781    .text               mf_p.l(cdrcmple.o)
    0x08000974   0x08000974   0x00000038   Code   RO         7783    .text               mf_p.l(d2f.o)
    0x080009ac   0x080009ac   0x00000014   Code   RO         7785    .text               mf_p.l(cfcmple.o)
    0x080009c0   0x080009c0   0x00000014   Code   RO         7787    .text               mf_p.l(cfrcmple.o)
    0x080009d4   0x080009d4   0x00000060   Code   RO         7806    .text               mc_p.l(uldiv.o)
    0x08000a34   0x08000a34   0x00000020   Code   RO         7808    .text               mc_p.l(llshl.o)
    0x08000a54   0x08000a54   0x00000022   Code   RO         7810    .text               mc_p.l(llushr.o)
    0x08000a76   0x08000a76   0x00000026   Code   RO         7812    .text               mc_p.l(llsshr.o)
    0x08000a9c   0x08000a9c   0x000000a4   Code   RO         7821    .text               mc_p.l(strtod.o)
    0x08000b40   0x08000b40   0x00000070   Code   RO         7823    .text               mc_p.l(strtol.o)
    0x08000bb0   0x08000bb0   0x0000008a   Code   RO         7825    .text               mc_p.l(__strtoll.o)
    0x08000c3a   0x08000c3a   0x00000000   Code   RO         7827    .text               mc_p.l(iusefp.o)
    0x08000c3a   0x08000c3a   0x00000082   Code   RO         7828    .text               mf_p.l(fepilogue.o)
    0x08000cbc   0x08000cbc   0x000000be   Code   RO         7830    .text               mf_p.l(depilogue.o)
    0x08000d7a   0x08000d7a   0x00000002   PAD
    0x08000d7c   0x08000d7c   0x00000024   Code   RO         7834    .text               mc_p.l(init.o)
    0x08000da0   0x08000da0   0x00000008   Code   RO         7839    .text               mc_p.l(ctype_o.o)
    0x08000da8   0x08000da8   0x00000012   Code   RO         7861    .text               mc_p.l(isspace_o.o)
    0x08000dba   0x08000dba   0x00000002   PAD
    0x08000dbc   0x08000dbc   0x00000374   Code   RO         7867    .text               mc_p.l(scanf_fp.o)
    0x08001130   0x08001130   0x00000044   Code   RO         7871    .text               mc_p.l(_sgetc.o)
    0x08001174   0x08001174   0x000000a6   Code   RO         7873    .text               mc_p.l(_strtoul.o)
    0x0800121a   0x0800121a   0x000000d6   Code   RO         7875    .text               mc_p.l(_strtoull.o)
    0x080012f0   0x080012f0   0x0000007a   Code   RO         7878    .text               mc_p.l(llmul.o)
    0x0800136a   0x0800136a   0x0000001e   Code   RO         7883    .text               mc_p.l(_chval.o)
    0x08001388   0x08001388   0x0000001c   Code   RO         7885    .text               mf_p.l(dfltul.o)
    0x080013a4   0x080013a4   0x0000003a   Code   RO         7895    .text               mc_p.l(__dczerorl.o)
    0x080013de   0x080013de   0x0000004a   Code   RO         7435    .text.MessageQueueGet  RTX_CM0.lib(rtx_msgqueue.o)
    0x08001428   0x08001428   0x00000062   Code   RO         7429    .text.MessageQueuePut  RTX_CM0.lib(rtx_msgqueue.o)
    0x0800148a   0x0800148a   0x0000001e   Code   RO         7427    .text.MessageQueueRemove  RTX_CM0.lib(rtx_msgqueue.o)
    0x080014a8   0x080014a8   0x0000000c   Code   RO         7373    .text.OS_Tick_AcknowledgeIRQ  RTX_CM0.lib(os_systick.o)
    0x080014b4   0x080014b4   0x0000002c   Code   RO         7369    .text.OS_Tick_Enable  RTX_CM0.lib(os_systick.o)
    0x080014e0   0x080014e0   0x00000006   Code   RO         7375    .text.OS_Tick_GetIRQn  RTX_CM0.lib(os_systick.o)
    0x080014e6   0x080014e6   0x00000002   PAD
    0x080014e8   0x080014e8   0x0000004c   Code   RO         7367    .text.OS_Tick_Setup  RTX_CM0.lib(os_systick.o)
    0x08001534   0x08001534   0x0000005c   Code   RO         7131    .text.ThreadFlagsCheck  RTX_CM0.lib(rtx_thread.o)
    0x08001590   0x08001590   0x0000004c   Code   RO         7259    .text.TimerInsert   RTX_CM0.lib(rtx_timer.o)
    0x080015dc   0x080015dc   0x00000028   Code   RO         7184    .text.osDelay       RTX_CM0.lib(rtx_delay.o)
    0x08001604   0x08001604   0x00000028   Code   RO         7186    .text.osDelayUntil  RTX_CM0.lib(rtx_delay.o)
    0x0800162c   0x0800162c   0x00000028   Code   RO         7008    .text.osKernelGetTickCount  RTX_CM0.lib(rtx_kernel.o)
    0x08001654   0x08001654   0x00000028   Code   RO         6986    .text.osKernelInitialize  RTX_CM0.lib(rtx_kernel.o)
    0x0800167c   0x0800167c   0x00000024   Code   RO         6996    .text.osKernelStart  RTX_CM0.lib(rtx_kernel.o)
    0x080016a0   0x080016a0   0x00000074   Code   RO         7401    .text.osMessageQueueGet  RTX_CM0.lib(rtx_msgqueue.o)
    0x08001714   0x08001714   0x00000024   Code   RO         7395    .text.osMessageQueueNew  RTX_CM0.lib(rtx_msgqueue.o)
    0x08001738   0x08001738   0x00000074   Code   RO         7399    .text.osMessageQueuePut  RTX_CM0.lib(rtx_msgqueue.o)
    0x080017ac   0x080017ac   0x00000028   Code   RO         7209    .text.osMutexAcquire  RTX_CM0.lib(rtx_mutex.o)
    0x080017d4   0x080017d4   0x00000024   Code   RO         7205    .text.osMutexNew    RTX_CM0.lib(rtx_mutex.o)
    0x080017f8   0x080017f8   0x00000028   Code   RO         7211    .text.osMutexRelease  RTX_CM0.lib(rtx_mutex.o)
    0x08001820   0x08001820   0x00000002   Code   RO         6984    .text.osRtxKernelPreInit  RTX_CM0.lib(rtx_kernel.o)
    0x08001822   0x08001822   0x0000007a   Code   RO         7286    .text.osRtxMemoryAlloc  RTX_CM0.lib(rtx_memory.o)
    0x0800189c   0x0800189c   0x0000004e   Code   RO         7288    .text.osRtxMemoryFree  RTX_CM0.lib(rtx_memory.o)
    0x080018ea   0x080018ea   0x00000030   Code   RO         7284    .text.osRtxMemoryInit  RTX_CM0.lib(rtx_memory.o)
    0x0800191a   0x0800191a   0x0000002e   Code   RO         7301    .text.osRtxMemoryPoolAlloc  RTX_CM0.lib(rtx_mempool.o)
    0x08001948   0x08001948   0x0000003a   Code   RO         7303    .text.osRtxMemoryPoolFree  RTX_CM0.lib(rtx_mempool.o)
    0x08001982   0x08001982   0x0000003c   Code   RO         7299    .text.osRtxMemoryPoolInit  RTX_CM0.lib(rtx_mempool.o)
    0x080019be   0x080019be   0x000000bc   Code   RO         7425    .text.osRtxMessageQueuePostProcess  RTX_CM0.lib(rtx_msgqueue.o)
    0x08001a7a   0x08001a7a   0x00000044   Code   RO         7201    .text.osRtxMutexOwnerRelease  RTX_CM0.lib(rtx_mutex.o)
    0x08001abe   0x08001abe   0x00000040   Code   RO         7203    .text.osRtxMutexOwnerRestore  RTX_CM0.lib(rtx_mutex.o)
    0x08001afe   0x08001afe   0x00000002   PAD
    0x08001b00   0x08001b00   0x00000084   Code   RO         7354    .text.osRtxPendSV_Handler  RTX_CM0.lib(rtx_system.o)
    0x08001b84   0x08001b84   0x00000070   Code   RO         7356    .text.osRtxPostProcess  RTX_CM0.lib(rtx_system.o)
    0x08001bf4   0x08001bf4   0x00000038   Code   RO         7071    .text.osRtxThreadBlock  RTX_CM0.lib(rtx_thread.o)
    0x08001c2c   0x08001c2c   0x0000007c   Code   RO         7079    .text.osRtxThreadDelayInsert  RTX_CM0.lib(rtx_thread.o)
    0x08001ca8   0x08001ca8   0x00000044   Code   RO         7075    .text.osRtxThreadDelayRemove  RTX_CM0.lib(rtx_thread.o)
    0x08001cec   0x08001cec   0x00000054   Code   RO         7059    .text.osRtxThreadDelayTick  RTX_CM0.lib(rtx_thread.o)
    0x08001d40   0x08001d40   0x00000050   Code   RO         7069    .text.osRtxThreadDispatch  RTX_CM0.lib(rtx_thread.o)
    0x08001d90   0x08001d90   0x00000054   Code   RO         7155    .text.osRtxThreadFree  RTX_CM0.lib(rtx_thread.o)
    0x08001de4   0x08001de4   0x00000014   Code   RO         7051    .text.osRtxThreadListGet  RTX_CM0.lib(rtx_thread.o)
    0x08001df8   0x08001df8   0x0000002c   Code   RO         7049    .text.osRtxThreadListPut  RTX_CM0.lib(rtx_thread.o)
    0x08001e24   0x08001e24   0x00000018   Code   RO         7055    .text.osRtxThreadListRemove  RTX_CM0.lib(rtx_thread.o)
    0x08001e3c   0x08001e3c   0x0000000c   Code   RO         7061    .text.osRtxThreadListRoot  RTX_CM0.lib(rtx_thread.o)
    0x08001e48   0x08001e48   0x00000024   Code   RO         7053    .text.osRtxThreadListSort  RTX_CM0.lib(rtx_thread.o)
    0x08001e6c   0x08001e6c   0x00000026   Code   RO         7129    .text.osRtxThreadPostProcess  RTX_CM0.lib(rtx_thread.o)
    0x08001e92   0x08001e92   0x00000002   PAD
    0x08001e94   0x08001e94   0x00000018   Code   RO         7057    .text.osRtxThreadReadyPut  RTX_CM0.lib(rtx_thread.o)
    0x08001eac   0x08001eac   0x00000006   Code   RO         7063    .text.osRtxThreadRegPtr  RTX_CM0.lib(rtx_thread.o)
    0x08001eb2   0x08001eb2   0x00000002   PAD
    0x08001eb4   0x08001eb4   0x0000002c   Code   RO         7067    .text.osRtxThreadStackCheck  RTX_CM0.lib(rtx_thread.o)
    0x08001ee0   0x08001ee0   0x00000040   Code   RO         7081    .text.osRtxThreadStartup  RTX_CM0.lib(rtx_thread.o)
    0x08001f20   0x08001f20   0x00000014   Code   RO         7065    .text.osRtxThreadSwitch  RTX_CM0.lib(rtx_thread.o)
    0x08001f34   0x08001f34   0x0000003c   Code   RO         7077    .text.osRtxThreadWaitEnter  RTX_CM0.lib(rtx_thread.o)
    0x08001f70   0x08001f70   0x00000022   Code   RO         7073    .text.osRtxThreadWaitExit  RTX_CM0.lib(rtx_thread.o)
    0x08001f92   0x08001f92   0x00000002   PAD
    0x08001f94   0x08001f94   0x00000074   Code   RO         7352    .text.osRtxTick_Handler  RTX_CM0.lib(rtx_system.o)
    0x08002008   0x08002008   0x0000003c   Code   RO         7243    .text.osRtxTimerThread  RTX_CM0.lib(rtx_timer.o)
    0x08002044   0x08002044   0x00000060   Code   RO         7245    .text.osRtxTimerTick  RTX_CM0.lib(rtx_timer.o)
    0x080020a4   0x080020a4   0x0000000c   Code   RO         7113    .text.osThreadExit  RTX_CM0.lib(rtx_thread.o)
    0x080020b0   0x080020b0   0x00000028   Code   RO         7123    .text.osThreadFlagsClear  RTX_CM0.lib(rtx_thread.o)
    0x080020d8   0x080020d8   0x00000058   Code   RO         7121    .text.osThreadFlagsSet  RTX_CM0.lib(rtx_thread.o)
    0x08002130   0x08002130   0x00000028   Code   RO         7127    .text.osThreadFlagsWait  RTX_CM0.lib(rtx_thread.o)
    0x08002158   0x08002158   0x00000028   Code   RO         7089    .text.osThreadGetId  RTX_CM0.lib(rtx_thread.o)
    0x08002180   0x08002180   0x00000024   Code   RO         7085    .text.osThreadNew   RTX_CM0.lib(rtx_thread.o)
    0x080021a4   0x080021a4   0x00000028   Code   RO         7099    .text.osThreadSetPriority  RTX_CM0.lib(rtx_thread.o)
    0x080021cc   0x080021cc   0x00000024   Code   RO         7103    .text.osThreadYield  RTX_CM0.lib(rtx_thread.o)
    0x080021f0   0x080021f0   0x00000012   Code   RO         7188    .text.svcRtxDelay   RTX_CM0.lib(rtx_delay.o)
    0x08002202   0x08002202   0x00000002   PAD
    0x08002204   0x08002204   0x00000020   Code   RO         7190    .text.svcRtxDelayUntil  RTX_CM0.lib(rtx_delay.o)
    0x08002224   0x08002224   0x0000000c   Code   RO         7010    .text.svcRtxKernelGetTickCount  RTX_CM0.lib(rtx_kernel.o)
    0x08002230   0x08002230   0x0000014c   Code   RO         7024    .text.svcRtxKernelInitialize  RTX_CM0.lib(rtx_kernel.o)
    0x0800237c   0x0800237c   0x00000080   Code   RO         7026    .text.svcRtxKernelStart  RTX_CM0.lib(rtx_kernel.o)
    0x080023fc   0x080023fc   0x000000e4   Code   RO         7437    .text.svcRtxMessageQueueGet  RTX_CM0.lib(rtx_msgqueue.o)
    0x080024e0   0x080024e0   0x000001e4   Code   RO         7423    .text.svcRtxMessageQueueNew  RTX_CM0.lib(rtx_msgqueue.o)
    0x080026c4   0x080026c4   0x000000b8   Code   RO         7433    .text.svcRtxMessageQueuePut  RTX_CM0.lib(rtx_msgqueue.o)
    0x0800277c   0x0800277c   0x00000098   Code   RO         7221    .text.svcRtxMutexAcquire  RTX_CM0.lib(rtx_mutex.o)
    0x08002814   0x08002814   0x00000070   Code   RO         7217    .text.svcRtxMutexNew  RTX_CM0.lib(rtx_mutex.o)
    0x08002884   0x08002884   0x000000bc   Code   RO         7223    .text.svcRtxMutexRelease  RTX_CM0.lib(rtx_mutex.o)
    0x08002940   0x08002940   0x0000006c   Code   RO         7159    .text.svcRtxThreadExit  RTX_CM0.lib(rtx_thread.o)
    0x080029ac   0x080029ac   0x00000038   Code   RO         7169    .text.svcRtxThreadFlagsClear  RTX_CM0.lib(rtx_thread.o)
    0x080029e4   0x080029e4   0x0000006c   Code   RO         7167    .text.svcRtxThreadFlagsSet  RTX_CM0.lib(rtx_thread.o)
    0x08002a50   0x08002a50   0x00000050   Code   RO         7173    .text.svcRtxThreadFlagsWait  RTX_CM0.lib(rtx_thread.o)
    0x08002aa0   0x08002aa0   0x0000000c   Code   RO         7091    .text.svcRtxThreadGetId  RTX_CM0.lib(rtx_thread.o)
    0x08002aac   0x08002aac   0x00000204   Code   RO         7083    .text.svcRtxThreadNew  RTX_CM0.lib(rtx_thread.o)
    0x08002cb0   0x08002cb0   0x00000046   Code   RO         7141    .text.svcRtxThreadSetPriority  RTX_CM0.lib(rtx_thread.o)
    0x08002cf6   0x08002cf6   0x00000002   PAD
    0x08002cf8   0x08002cf8   0x00000038   Code   RO         7145    .text.svcRtxThreadYield  RTX_CM0.lib(rtx_thread.o)
    0x08002d30   0x08002d30   0x00000090   Code   RO         2884    i.ADC_DMAConvCplt   stm32g0xx_hal_adc.o
    0x08002dc0   0x08002dc0   0x0000001e   Code   RO         2885    i.ADC_DMAError      stm32g0xx_hal_adc.o
    0x08002dde   0x08002dde   0x0000000e   Code   RO         2886    i.ADC_DMAHalfConvCplt  stm32g0xx_hal_adc.o
    0x08002dec   0x08002dec   0x0000007e   Code   RO         2887    i.ADC_Disable       stm32g0xx_hal_adc.o
    0x08002e6a   0x08002e6a   0x00000002   PAD
    0x08002e6c   0x08002e6c   0x0000008c   Code   RO         2888    i.ADC_Enable        stm32g0xx_hal_adc.o
    0x08002ef8   0x08002ef8   0x00000018   Code   RO         6846    i.DMA1_Ch4_7_DMAMUX1_OVR_IRQHandler  stm32g0xx_it.o
    0x08002f10   0x08002f10   0x00000010   Code   RO         6847    i.DMA1_Channel1_IRQHandler  stm32g0xx_it.o
    0x08002f20   0x08002f20   0x00000018   Code   RO         6848    i.DMA1_Channel2_3_IRQHandler  stm32g0xx_it.o
    0x08002f38   0x08002f38   0x00000034   Code   RO         3549    i.DMA_CalcDMAMUXChannelBaseAndMask  stm32g0xx_hal_dma.o
    0x08002f6c   0x08002f6c   0x00000024   Code   RO         3550    i.DMA_CalcDMAMUXRequestGenBaseAndMask  stm32g0xx_hal_dma.o
    0x08002f90   0x08002f90   0x0000004c   Code   RO         3551    i.DMA_SetConfig     stm32g0xx_hal_dma.o
    0x08002fdc   0x08002fdc   0x0000009c   Code   RO         3127    i.HAL_ADCEx_Calibration_Start  stm32g0xx_hal_adc_ex.o
    0x08003078   0x08003078   0x00000468   Code   RO         2889    i.HAL_ADC_AnalogWDGConfig  stm32g0xx_hal_adc.o
    0x080034e0   0x080034e0   0x0000033c   Code   RO         2890    i.HAL_ADC_ConfigChannel  stm32g0xx_hal_adc.o
    0x0800381c   0x0800381c   0x00000018   Code   RO          611    i.HAL_ADC_ConvCpltCallback  adc12.o
    0x08003834   0x08003834   0x00000002   Code   RO         2892    i.HAL_ADC_ConvHalfCpltCallback  stm32g0xx_hal_adc.o
    0x08003836   0x08003836   0x00000002   Code   RO         2894    i.HAL_ADC_ErrorCallback  stm32g0xx_hal_adc.o
    0x08003838   0x08003838   0x000002b4   Code   RO         2899    i.HAL_ADC_Init      stm32g0xx_hal_adc.o
    0x08003aec   0x08003aec   0x000000c0   Code   RO         6619    i.HAL_ADC_MspInit   adc.o
    0x08003bac   0x08003bac   0x000000ac   Code   RO         2906    i.HAL_ADC_Start_DMA  stm32g0xx_hal_adc.o
    0x08003c58   0x08003c58   0x0000010c   Code   RO         3557    i.HAL_DMA_IRQHandler  stm32g0xx_hal_dma.o
    0x08003d64   0x08003d64   0x000000b0   Code   RO         3558    i.HAL_DMA_Init      stm32g0xx_hal_dma.o
    0x08003e14   0x08003e14   0x000000a8   Code   RO         3562    i.HAL_DMA_Start_IT  stm32g0xx_hal_dma.o
    0x08003ebc   0x08003ebc   0x0000010c   Code   RO         2815    i.HAL_GPIO_DeInit   stm32g0xx_hal_gpio.o
    0x08003fc8   0x08003fc8   0x000001d0   Code   RO         2819    i.HAL_GPIO_Init     stm32g0xx_hal_gpio.o
    0x08004198   0x08004198   0x0000000c   Code   RO         2823    i.HAL_GPIO_WritePin  stm32g0xx_hal_gpio.o
    0x080041a4   0x080041a4   0x0000004c   Code   RO         1032    i.HAL_GetTick       kernel.o
    0x080041f0   0x080041f0   0x0000004e   Code   RO         4711    i.HAL_I2CEx_ConfigAnalogFilter  stm32g0xx_hal_i2c_ex.o
    0x0800423e   0x0800423e   0x00000050   Code   RO         4712    i.HAL_I2CEx_ConfigDigitalFilter  stm32g0xx_hal_i2c_ex.o
    0x0800428e   0x0800428e   0x00000002   PAD
    0x08004290   0x08004290   0x000000d0   Code   RO         4269    i.HAL_I2C_Init      stm32g0xx_hal_i2c.o
    0x08004360   0x08004360   0x00000100   Code   RO         6677    i.HAL_I2C_MspInit   i2c.o
    0x08004460   0x08004460   0x0000002c   Code   RO         4018    i.HAL_Init          stm32g0xx_hal.o
    0x0800448c   0x0800448c   0x00000060   Code   RO         4019    i.HAL_InitTick      stm32g0xx_hal.o
    0x080044ec   0x080044ec   0x00000044   Code   RO         6906    i.HAL_MspInit       stm32g0xx_hal_msp.o
    0x08004530   0x08004530   0x0000003c   Code   RO         3894    i.HAL_NVIC_DisableIRQ  stm32g0xx_hal_cortex.o
    0x0800456c   0x0800456c   0x0000001c   Code   RO         3895    i.HAL_NVIC_EnableIRQ  stm32g0xx_hal_cortex.o
    0x08004588   0x08004588   0x00000012   Code   RO         3899    i.HAL_NVIC_SetPriority  stm32g0xx_hal_cortex.o
    0x0800459a   0x0800459a   0x00000002   PAD
    0x0800459c   0x0800459c   0x00000058   Code   RO         3780    i.HAL_PWREx_ControlVoltageScaling  stm32g0xx_hal_pwr_ex.o
    0x080045f4   0x080045f4   0x00000204   Code   RO         3309    i.HAL_RCCEx_PeriphCLKConfig  stm32g0xx_hal_rcc_ex.o
    0x080047f8   0x080047f8   0x000001d4   Code   RO         3199    i.HAL_RCC_ClockConfig  stm32g0xx_hal_rcc.o
    0x080049cc   0x080049cc   0x0000000c   Code   RO         3205    i.HAL_RCC_GetHCLKFreq  stm32g0xx_hal_rcc.o
    0x080049d8   0x080049d8   0x00000028   Code   RO         3207    i.HAL_RCC_GetPCLK1Freq  stm32g0xx_hal_rcc.o
    0x08004a00   0x08004a00   0x000000e4   Code   RO         3208    i.HAL_RCC_GetSysClockFreq  stm32g0xx_hal_rcc.o
    0x08004ae4   0x08004ae4   0x000005b4   Code   RO         3212    i.HAL_RCC_OscConfig  stm32g0xx_hal_rcc.o
    0x08005098   0x08005098   0x00000020   Code   RO         2008    i.HAL_SPI_ErrorCallback  spi_device.o
    0x080050b8   0x080050b8   0x000000d8   Code   RO         4772    i.HAL_SPI_Init      stm32g0xx_hal_spi.o
    0x08005190   0x08005190   0x00000138   Code   RO         6715    i.HAL_SPI_MspInit   spi.o
    0x080052c8   0x080052c8   0x00000190   Code   RO         4776    i.HAL_SPI_Receive_DMA  stm32g0xx_hal_spi.o
    0x08005458   0x08005458   0x00000020   Code   RO         2009    i.HAL_SPI_RxCpltCallback  spi_device.o
    0x08005478   0x08005478   0x00000002   Code   RO         4779    i.HAL_SPI_RxHalfCpltCallback  stm32g0xx_hal_spi.o
    0x0800547a   0x0800547a   0x00000002   PAD
    0x0800547c   0x0800547c   0x00000230   Code   RO         4782    i.HAL_SPI_TransmitReceive_DMA  stm32g0xx_hal_spi.o
    0x080056ac   0x080056ac   0x00000138   Code   RO         4784    i.HAL_SPI_Transmit_DMA  stm32g0xx_hal_spi.o
    0x080057e4   0x080057e4   0x00000020   Code   RO         2010    i.HAL_SPI_TxCpltCallback  spi_device.o
    0x08005804   0x08005804   0x00000002   Code   RO         4787    i.HAL_SPI_TxHalfCpltCallback  stm32g0xx_hal_spi.o
    0x08005806   0x08005806   0x00000002   PAD
    0x08005808   0x08005808   0x00000020   Code   RO         2011    i.HAL_SPI_TxRxCpltCallback  spi_device.o
    0x08005828   0x08005828   0x00000002   Code   RO         4789    i.HAL_SPI_TxRxHalfCpltCallback  stm32g0xx_hal_spi.o
    0x0800582a   0x0800582a   0x00000002   PAD
    0x0800582c   0x0800582c   0x00000038   Code   RO         3903    i.HAL_SYSTICK_Config  stm32g0xx_hal_cortex.o
    0x08005864   0x08005864   0x000000dc   Code   RO         5802    i.HAL_TIMEx_ConfigBreakDeadTime  stm32g0xx_hal_tim_ex.o
    0x08005940   0x08005940   0x00000058   Code   RO         5820    i.HAL_TIMEx_MasterConfigSynchronization  stm32g0xx_hal_tim_ex.o
    0x08005998   0x08005998   0x00000032   Code   RO         5106    i.HAL_TIM_Base_Init  stm32g0xx_hal_tim.o
    0x080059ca   0x080059ca   0x00000002   PAD
    0x080059cc   0x080059cc   0x00000030   Code   RO         6753    i.HAL_TIM_Base_MspInit  tim.o
    0x080059fc   0x080059fc   0x00000038   Code   RO         5111    i.HAL_TIM_Base_Start_IT  stm32g0xx_hal_tim.o
    0x08005a34   0x08005a34   0x000000f0   Code   RO         5115    i.HAL_TIM_ConfigClockSource  stm32g0xx_hal_tim.o
    0x08005b24   0x08005b24   0x0000005c   Code   RO         6754    i.HAL_TIM_MspPostInit  tim.o
    0x08005b80   0x08005b80   0x00000164   Code   RO         5173    i.HAL_TIM_PWM_ConfigChannel  stm32g0xx_hal_tim.o
    0x08005ce4   0x08005ce4   0x00000032   Code   RO         5176    i.HAL_TIM_PWM_Init  stm32g0xx_hal_tim.o
    0x08005d16   0x08005d16   0x00000002   Code   RO         5178    i.HAL_TIM_PWM_MspInit  stm32g0xx_hal_tim.o
    0x08005d18   0x08005d18   0x00000080   Code   RO         5181    i.HAL_TIM_PWM_Start  stm32g0xx_hal_tim.o
    0x08005d98   0x08005d98   0x00000030   Code   RO         6460    i.HAL_UARTEx_DisableFifoMode  stm32g0xx_hal_uart_ex.o
    0x08005dc8   0x08005dc8   0x0000003c   Code   RO         6465    i.HAL_UARTEx_SetRxFifoThreshold  stm32g0xx_hal_uart_ex.o
    0x08005e04   0x08005e04   0x0000003a   Code   RO         6466    i.HAL_UARTEx_SetTxFifoThreshold  stm32g0xx_hal_uart_ex.o
    0x08005e3e   0x08005e3e   0x00000042   Code   RO         6102    i.HAL_UART_DeInit   stm32g0xx_hal_uart.o
    0x08005e80   0x08005e80   0x00000078   Code   RO         6107    i.HAL_UART_Init     stm32g0xx_hal_uart.o
    0x08005ef8   0x08005ef8   0x000000a0   Code   RO         6796    i.HAL_UART_MspDeInit  usart.o
    0x08005f98   0x08005f98   0x00000008   Code   RO          780    i.HardFault_Handler  errors.o
    0x08005fa0   0x08005fa0   0x00000010   Code   RO         2911    i.LL_ADC_Disable    stm32g0xx_hal_adc.o
    0x08005fb0   0x08005fb0   0x00000010   Code   RO         2912    i.LL_ADC_Enable     stm32g0xx_hal_adc.o
    0x08005fc0   0x08005fc0   0x0000000c   Code   RO         2913    i.LL_ADC_GetCommonPathInternalCh  stm32g0xx_hal_adc.o
    0x08005fcc   0x08005fcc   0x0000000c   Code   RO         2914    i.LL_ADC_IsDisableOngoing  stm32g0xx_hal_adc.o
    0x08005fd8   0x08005fd8   0x00000010   Code   RO         2915    i.LL_ADC_IsEnabled  stm32g0xx_hal_adc.o
    0x08005fe8   0x08005fe8   0x00000010   Code   RO         3133    i.LL_ADC_IsEnabled  stm32g0xx_hal_adc_ex.o
    0x08005ff8   0x08005ff8   0x00000002   Code   RO         6849    i.NMI_Handler       stm32g0xx_it.o
    0x08005ffa   0x08005ffa   0x00000002   Code   RO         7890    i.__scatterload_null  mc_p.l(handlers.o)
    0x08005ffc   0x08005ffc   0x00000002   Code   RO         1631    i.servo_module_init  servo.o
    0x08005ffe   0x08005ffe   0x00000002   Code   RO         1840    i.socket_control_pilot_module_init  socket_control_pilot.o
    0x08006000   0x08006000   0x00000004   Data   RO          587    .ARM.__AT_0x08006000  version.o
    0x08006004   0x08006004   0x00000010   Data   RO          588    .ARM.__AT_0x08006004  version.o
    0x08006014   0x08006014   0x0000000a   Data   RO          589    .ARM.__AT_0x08006014  version.o
    0x0800601e   0x0800601e   0x00000002   PAD
    0x08006020   0x08006020   0x000001c4   Code   RO         6797    i.HAL_UART_MspInit  usart.o
    0x080061e4   0x080061e4   0x0000000e   Code   RO         2916    i.LL_ADC_IsInternalRegulatorEnabled  stm32g0xx_hal_adc.o
    0x080061f2   0x080061f2   0x0000000c   Code   RO         2917    i.LL_ADC_REG_IsConversionOngoing  stm32g0xx_hal_adc.o
    0x080061fe   0x080061fe   0x00000016   Code   RO         2918    i.LL_ADC_REG_IsTriggerSourceSWStart  stm32g0xx_hal_adc.o
    0x08006214   0x08006214   0x00000010   Code   RO         2919    i.LL_ADC_REG_StartConversion  stm32g0xx_hal_adc.o
    0x08006224   0x08006224   0x0000003c   Code   RO         2920    i.LL_ADC_SetAnalogWDMonitChannels  stm32g0xx_hal_adc.o
    0x08006260   0x08006260   0x0000000e   Code   RO         2921    i.LL_ADC_SetCommonPathInternalCh  stm32g0xx_hal_adc.o
    0x0800626e   0x0800626e   0x0000001e   Code   RO         2922    i.LL_ADC_SetSamplingTimeCommonChannels  stm32g0xx_hal_adc.o
    0x0800628c   0x0800628c   0x00000144   Code   RO         6620    i.MX_ADC1_Init      adc.o
    0x080063d0   0x080063d0   0x00000054   Code   RO         6656    i.MX_DMA_Init       dma.o
    0x08006424   0x08006424   0x00000118   Code   RO         6598    i.MX_GPIO_Init      gpio.o
    0x0800653c   0x0800653c   0x00000064   Code   RO         6678    i.MX_I2C1_Init      i2c.o
    0x080065a0   0x080065a0   0x00000054   Code   RO         6716    i.MX_SPI1_Init      spi.o
    0x080065f4   0x080065f4   0x00000114   Code   RO         6755    i.MX_TIM1_Init      tim.o
    0x08006708   0x08006708   0x0000007c   Code   RO         6798    i.MX_USART1_UART_Init  usart.o
    0x08006784   0x08006784   0x0000007c   Code   RO         6799    i.MX_USART2_UART_Init  usart.o
    0x08006800   0x08006800   0x00000048   Code   RO         6800    i.MX_USART3_UART_Init  usart.o
    0x08006848   0x08006848   0x00000028   Code   RO         4800    i.SPI_DMAError      stm32g0xx_hal_spi.o
    0x08006870   0x08006870   0x0000000e   Code   RO         4801    i.SPI_DMAHalfReceiveCplt  stm32g0xx_hal_spi.o
    0x0800687e   0x0800687e   0x0000000e   Code   RO         4802    i.SPI_DMAHalfTransmitCplt  stm32g0xx_hal_spi.o
    0x0800688c   0x0800688c   0x0000000e   Code   RO         4803    i.SPI_DMAHalfTransmitReceiveCplt  stm32g0xx_hal_spi.o
    0x0800689a   0x0800689a   0x00000064   Code   RO         4804    i.SPI_DMAReceiveCplt  stm32g0xx_hal_spi.o
    0x080068fe   0x080068fe   0x00000080   Code   RO         4806    i.SPI_DMATransmitCplt  stm32g0xx_hal_spi.o
    0x0800697e   0x0800697e   0x0000006c   Code   RO         4807    i.SPI_DMATransmitReceiveCplt  stm32g0xx_hal_spi.o
    0x080069ea   0x080069ea   0x0000008e   Code   RO         4809    i.SPI_EndRxTransaction  stm32g0xx_hal_spi.o
    0x08006a78   0x08006a78   0x0000006a   Code   RO         4810    i.SPI_EndRxTxTransaction  stm32g0xx_hal_spi.o
    0x08006ae2   0x08006ae2   0x000000a4   Code   RO         4815    i.SPI_WaitFifoStateUntilTimeout  stm32g0xx_hal_spi.o
    0x08006b86   0x08006b86   0x0000009e   Code   RO         4816    i.SPI_WaitFlagStateUntilTimeout  stm32g0xx_hal_spi.o
    0x08006c24   0x08006c24   0x0000009c   Code   RO         6554    i.SystemClock_Config  main.o
    0x08006cc0   0x08006cc0   0x000000ec   Code   RO         2782    i.SystemCoreClockUpdate  system_stm32g0xx.o
    0x08006dac   0x08006dac   0x00000010   Code   RO         2783    i.SystemInit        system_stm32g0xx.o
    0x08006dbc   0x08006dbc   0x0000003c   Code   RO         1033    i.TIM14_IRQHandler  kernel.o
    0x08006df8   0x08006df8   0x000000a0   Code   RO         5194    i.TIM_Base_SetConfig  stm32g0xx_hal_tim.o
    0x08006e98   0x08006e98   0x00000022   Code   RO         5195    i.TIM_CCxChannelCmd  stm32g0xx_hal_tim.o
    0x08006eba   0x08006eba   0x0000001c   Code   RO         5205    i.TIM_ETR_SetConfig  stm32g0xx_hal_tim.o
    0x08006ed6   0x08006ed6   0x00000002   PAD
    0x08006ed8   0x08006ed8   0x00000018   Code   RO         5206    i.TIM_ITRx_SetConfig  stm32g0xx_hal_tim.o
    0x08006ef0   0x08006ef0   0x000000b0   Code   RO         5207    i.TIM_OC1_SetConfig  stm32g0xx_hal_tim.o
    0x08006fa0   0x08006fa0   0x000000c0   Code   RO         5208    i.TIM_OC2_SetConfig  stm32g0xx_hal_tim.o
    0x08007060   0x08007060   0x000000bc   Code   RO         5209    i.TIM_OC3_SetConfig  stm32g0xx_hal_tim.o
    0x0800711c   0x0800711c   0x00000080   Code   RO         5210    i.TIM_OC4_SetConfig  stm32g0xx_hal_tim.o
    0x0800719c   0x0800719c   0x00000070   Code   RO         5211    i.TIM_OC5_SetConfig  stm32g0xx_hal_tim.o
    0x0800720c   0x0800720c   0x00000074   Code   RO         5212    i.TIM_OC6_SetConfig  stm32g0xx_hal_tim.o
    0x08007280   0x08007280   0x00000032   Code   RO         5214    i.TIM_TI1_ConfigInputStage  stm32g0xx_hal_tim.o
    0x080072b2   0x080072b2   0x00000032   Code   RO         5216    i.TIM_TI2_ConfigInputStage  stm32g0xx_hal_tim.o
    0x080072e4   0x080072e4   0x00000084   Code   RO         6470    i.UARTEx_SetNbDataToProcess  stm32g0xx_hal_uart_ex.o
    0x08007368   0x08007368   0x000000f0   Code   RO         6120    i.UART_AdvFeatureConfig  stm32g0xx_hal_uart.o
    0x08007458   0x08007458   0x0000006c   Code   RO         6121    i.UART_CheckIdleState  stm32g0xx_hal_uart.o
    0x080074c4   0x080074c4   0x000006a0   Code   RO         6139    i.UART_SetConfig    stm32g0xx_hal_uart.o
    0x08007b64   0x08007b64   0x00000066   Code   RO         6144    i.UART_WaitOnFlagUntilTimeout  stm32g0xx_hal_uart.o
    0x08007bca   0x08007bca   0x00000002   PAD
    0x08007bcc   0x08007bcc   0x00000010   Code   RO         6850    i.USART1_IRQHandler  stm32g0xx_it.o
    0x08007bdc   0x08007bdc   0x00000010   Code   RO         6851    i.USART2_IRQHandler  stm32g0xx_it.o
    0x08007bec   0x08007bec   0x00000010   Code   RO         6852    i.USART3_4_IRQHandler  stm32g0xx_it.o
    0x08007bfc   0x08007bfc   0x00000034   Code   RO         7720    i.__0snprintf       mc_p.l(printfa.o)
    0x08007c30   0x08007c30   0x00000028   Code   RO         7721    i.__0sprintf        mc_p.l(printfa.o)
    0x08007c58   0x08007c58   0x0000002c   Code   RO         7724    i.__0vsnprintf      mc_p.l(printfa.o)
    0x08007c84   0x08007c84   0x0000002e   Code   RO         7832    i.__ARM_clz         mf_p.l(depilogue.o)
    0x08007cb2   0x08007cb2   0x0000001c   Code   RO         1024    i.__ARM_common_switch8  inputs.o
    0x08007cce   0x08007cce   0x00000002   PAD
    0x08007cd0   0x08007cd0   0x00000078   Code   RO         3905    i.__NVIC_SetPriority  stm32g0xx_hal_cortex.o
    0x08007d48   0x08007d48   0x00000008   Code   RO         7814    i.__aeabi_errno_addr  mc_p.l(errno.o)
    0x08007d50   0x08007d50   0x0000000c   Code   RO         7815    i.__read_errno      mc_p.l(errno.o)
    0x08007d5c   0x08007d5c   0x0000000e   Code   RO         7889    i.__scatterload_copy  mc_p.l(handlers.o)
    0x08007d6a   0x08007d6a   0x0000000e   Code   RO         7891    i.__scatterload_zeroinit  mc_p.l(handlers.o)
    0x08007d78   0x08007d78   0x0000000c   Code   RO         7816    i.__set_errno       mc_p.l(errno.o)
    0x08007d84   0x08007d84   0x00000174   Code   RO         7726    i._fp_digits        mc_p.l(printfa.o)
    0x08007ef8   0x08007ef8   0x0000000e   Code   RO         7869    i._is_digit         mc_p.l(scanf_fp.o)
    0x08007f06   0x08007f06   0x00000002   PAD
    0x08007f08   0x08007f08   0x000006ec   Code   RO         7727    i._printf_core      mc_p.l(printfa.o)
    0x080085f4   0x080085f4   0x00000020   Code   RO         7728    i._printf_post_padding  mc_p.l(printfa.o)
    0x08008614   0x08008614   0x0000002c   Code   RO         7729    i._printf_pre_padding  mc_p.l(printfa.o)
    0x08008640   0x08008640   0x00000016   Code   RO         7730    i._snputc           mc_p.l(printfa.o)
    0x08008656   0x08008656   0x0000000a   Code   RO         7731    i._sputc            mc_p.l(printfa.o)
    0x08008660   0x08008660   0x000000d8   Code   RO         2548    i._trace_log_append  trace.o
    0x08008738   0x08008738   0x00000006   Code   RO            3    i.adc12_app_module_init  adc12_app.o
    0x0800873e   0x0800873e   0x00000002   PAD
    0x08008740   0x08008740   0x00000094   Code   RO          612    i.adc12_module_init  adc12.o
    0x080087d4   0x080087d4   0x0000001c   Code   RO          613    i.adc12_read        adc12.o
    0x080087f0   0x080087f0   0x000000c0   Code   RO          614    i.adc12_task        adc12.o
    0x080088b0   0x080088b0   0x0000004c   Code   RO          230    i.application_init  application.o
    0x080088fc   0x080088fc   0x00000008   Code   RO          231    i.application_start  application.o
    0x08008904   0x08008904   0x00000210   Code   RO         1299    i.assign_parameter  parameters.o
    0x08008b14   0x08008b14   0x0000002a   Code   RO         7452    i.atof              m_ps.l(atof.o)
    0x08008b3e   0x08008b3e   0x00000002   PAD
    0x08008b40   0x08008b40   0x0000002c   Code   RO          742    i.crc_16_1021       crc_16.o
    0x08008b6c   0x08008b6c   0x00000028   Code   RO          744    i.crc_16_c0c1       crc_16.o
    0x08008b94   0x08008b94   0x000001a4   Code   RO          654    i.date_time_from_seconds  date_time.o
    0x08008d38   0x08008d38   0x0000002c   Code   RO          655    i.date_time_get     date_time.o
    0x08008d64   0x08008d64   0x0000000c   Code   RO          656    i.date_time_get_active_time  date_time.o
    0x08008d70   0x08008d70   0x0000000c   Code   RO          657    i.date_time_get_ticks  date_time.o
    0x08008d7c   0x08008d7c   0x00000024   Code   RO          658    i.date_time_module_init  date_time.o
    0x08008da0   0x08008da0   0x0000003c   Code   RO          659    i.date_time_set     date_time.o
    0x08008ddc   0x08008ddc   0x00000018   Code   RO          660    i.date_time_set_active_time  date_time.o
    0x08008df4   0x08008df4   0x00000050   Code   RO          661    i.date_time_tick    date_time.o
    0x08008e44   0x08008e44   0x00000060   Code   RO          785    i.errors_module_init  errors.o
    0x08008ea4   0x08008ea4   0x00000058   Code   RO          321    i.evse_get_status   evse.o
    0x08008efc   0x08008efc   0x0000003c   Code   RO          322    i.evse_module_init  evse.o
    0x08008f38   0x08008f38   0x0000002c   Code   RO          324    i.evse_start_event  evse.o
    0x08008f64   0x08008f64   0x0000002c   Code   RO          325    i.evse_stop_event   evse.o
    0x08008f90   0x08008f90   0x00000418   Code   RO          326    i.evse_task         evse.o
    0x080093a8   0x080093a8   0x000000ac   Code   RO         2204    i.execute           terminal.o
    0x08009454   0x08009454   0x000000b0   Code   RO          849    i.ext_flash_module_init  ext_flash.o
    0x08009504   0x08009504   0x000000b8   Code   RO          853    i.ext_flash_program  ext_flash.o
    0x080095bc   0x080095bc   0x00000070   Code   RO          854    i.ext_flash_read    ext_flash.o
    0x0800962c   0x0800962c   0x00000088   Code   RO          856    i.ext_flash_sector_64k_erase  ext_flash.o
    0x080096b4   0x080096b4   0x0000003c   Code   RO         1300    i.get_field_by_name  parameters.o
    0x080096f0   0x080096f0   0x00000042   Code   RO         1381    i.get_ticks         pwm.o
    0x08009732   0x08009732   0x00000002   PAD
    0x08009734   0x08009734   0x00000048   Code   RO         1128    i.i2c_device_module_init  i2c_device.o
    0x0800977c   0x0800977c   0x0000002c   Code   RO          993    i.input_read        inputs.o
    0x080097a8   0x080097a8   0x00000006   Code   RO          393    i.inputs_app_module_init  inputs_app.o
    0x080097ae   0x080097ae   0x00000002   PAD
    0x080097b0   0x080097b0   0x00000088   Code   RO          994    i.inputs_module_init  inputs.o
    0x08009838   0x08009838   0x000000e0   Code   RO          995    i.inputs_task       inputs.o
    0x08009918   0x08009918   0x000000d4   Code   RO         2395    i.is_numeric        tools.o
    0x080099ec   0x080099ec   0x000000e8   Code   RO         1034    i.kernel            kernel.o
    0x08009ad4   0x08009ad4   0x00000030   Code   RO         1035    i.kernel_cpu_load   kernel.o
    0x08009b04   0x08009b04   0x0000002c   Code   RO         1036    i.kernel_disable_statistics  kernel.o
    0x08009b30   0x08009b30   0x00000014   Code   RO         1037    i.kernel_disable_timer_interrupt  kernel.o
    0x08009b44   0x08009b44   0x0000002c   Code   RO         1038    i.kernel_enable_statistics  kernel.o
    0x08009b70   0x08009b70   0x00000014   Code   RO         1039    i.kernel_enable_timer_interrupt  kernel.o
    0x08009b84   0x08009b84   0x000000f8   Code   RO         1040    i.kernel_task       kernel.o
    0x08009c7c   0x08009c7c   0x00000006   Code   RO          416    i.leds_app_module_init  leds_app.o
    0x08009c82   0x08009c82   0x00000002   PAD
    0x08009c84   0x08009c84   0x00000084   Code   RO         1238    i.leds_module_init  leds.o
    0x08009d08   0x08009d08   0x00000280   Code   RO         1239    i.leds_task         leds.o
    0x08009f88   0x08009f88   0x00000048   Code   RO         2630    i.log_append        log.o
    0x08009fd0   0x08009fd0   0x00000224   Code   RO         2633    i.log_module_init   log.o
    0x0800a1f4   0x0800a1f4   0x0000017c   Code   RO         2637    i.log_task          log.o
    0x0800a370   0x0800a370   0x00000028   Code   RO         6555    i.main              main.o
    0x0800a398   0x0800a398   0x00000022   Code   RO         2399    i.mem_filled        tools.o
    0x0800a3ba   0x0800a3ba   0x00000022   Code   RO         1041    i.osRtxErrorNotify  kernel.o
    0x0800a3dc   0x0800a3dc   0x0000003c   Code   RO         1042    i.osRtxIdleThread   kernel.o
    0x0800a418   0x0800a418   0x000000d8   Code   RO         2205    i.parameter         terminal.o
    0x0800a4f0   0x0800a4f0   0x00000448   Code   RO         1302    i.parameters_module_init  parameters.o
    0x0800a938   0x0800a938   0x000000ac   Code   RO         2206    i.print_cursor      terminal.o
    0x0800a9e4   0x0800a9e4   0x000000d4   Code   RO         2207    i.print_welcome_message  terminal.o
    0x0800aab8   0x0800aab8   0x00000900   Code   RO         1710    i.pwm_charge        socket.o
    0x0800b3b8   0x0800b3b8   0x00000280   Code   RO         1711    i.pwm_charge_stop   socket.o
    0x0800b638   0x0800b638   0x00000014   Code   RO         1382    i.pwm_get_state     pwm.o
    0x0800b64c   0x0800b64c   0x00000040   Code   RO         1383    i.pwm_gnd           pwm.o
    0x0800b68c   0x0800b68c   0x00000040   Code   RO         1384    i.pwm_high          pwm.o
    0x0800b6cc   0x0800b6cc   0x0000003c   Code   RO         1385    i.pwm_low           pwm.o
    0x0800b708   0x0800b708   0x00000034   Code   RO         1386    i.pwm_module_init   pwm.o
    0x0800b73c   0x0800b73c   0x00000048   Code   RO         1387    i.pwm_pulse         pwm.o
    0x0800b784   0x0800b784   0x00000068   Code   RO         1388    i.pwm_set_duty_cycle  pwm.o
    0x0800b7ec   0x0800b7ec   0x0000006c   Code   RO         1390    i.pwm_start         pwm.o
    0x0800b858   0x0800b858   0x00000008   Code   RO         1466    i.queue_flush       queue.o
    0x0800b860   0x0800b860   0x00000024   Code   RO         1467    i.queue_length      queue.o
    0x0800b884   0x0800b884   0x00000022   Code   RO         1468    i.queue_os_setup    queue.o
    0x0800b8a6   0x0800b8a6   0x000000fc   Code   RO         1469    i.queue_pop         queue.o
    0x0800b9a2   0x0800b9a2   0x00000002   PAD
    0x0800b9a4   0x0800b9a4   0x00000114   Code   RO         1470    i.queue_push        queue.o
    0x0800bab8   0x0800bab8   0x00000016   Code   RO         1472    i.queue_setup       queue.o
    0x0800bace   0x0800bace   0x00000002   PAD
    0x0800bad0   0x0800bad0   0x000001b8   Code   RO         1304    i.read_parameter_by_field  parameters.o
    0x0800bc88   0x0800bc88   0x00000054   Code   RO         2640    i.record_empty      log.o
    0x0800bcdc   0x0800bcdc   0x00000050   Code   RO          458    i.serial_app_module_init  serial_app.o
    0x0800bd2c   0x0800bd2c   0x00000034   Code   RO         1525    i.serial_clear_rx_buffer  serial.o
    0x0800bd60   0x0800bd60   0x00000396   Code   RO         1527    i.serial_irq_handle  serial.o
    0x0800c0f6   0x0800c0f6   0x00000002   PAD
    0x0800c0f8   0x0800c0f8   0x0000003c   Code   RO         1528    i.serial_module_init  serial.o
    0x0800c134   0x0800c134   0x00000120   Code   RO         1529    i.serial_open       serial.o
    0x0800c254   0x0800c254   0x00000040   Code   RO         1530    i.serial_rx_buffer_length  serial.o
    0x0800c294   0x0800c294   0x00000090   Code   RO         1531    i.serial_rx_byte    serial.o
    0x0800c324   0x0800c324   0x0000010e   Code   RO         1535    i.serial_tx_byte    serial.o
    0x0800c432   0x0800c432   0x00000002   PAD
    0x0800c434   0x0800c434   0x00000174   Code   RO         1536    i.serial_tx_data    serial.o
    0x0800c5a8   0x0800c5a8   0x00000120   Code   RO         1307    i.set_parameters_to_default  parameters.o
    0x0800c6c8   0x0800c6c8   0x000000c8   Code   RO         1712    i.simple_charge     socket.o
    0x0800c790   0x0800c790   0x00000170   Code   RO         1713    i.simple_charge_stop  socket.o
    0x0800c900   0x0800c900   0x00000094   Code   RO          502    i.socket_app_module_init  socket_app.o
    0x0800c994   0x0800c994   0x00000008   Code   RO         1714    i.socket_charge_in_progress  socket.o
    0x0800c99c   0x0800c99c   0x00000064   Code   RO         1715    i.socket_charge_task  socket.o
    0x0800ca00   0x0800ca00   0x0000006c   Code   RO          503    i.socket_configure  socket_app.o
    0x0800ca6c   0x0800ca6c   0x00000064   Code   RO         1837    i.socket_control_pilot  socket_control_pilot.o
    0x0800cad0   0x0800cad0   0x00000044   Code   RO         1838    i.socket_control_pilot_calibration  socket_control_pilot.o
    0x0800cb14   0x0800cb14   0x00000038   Code   RO         1839    i.socket_control_pilot_create_task  socket_control_pilot.o
    0x0800cb4c   0x0800cb4c   0x0000004c   Code   RO         1841    i.socket_control_pilot_set  socket_control_pilot.o
    0x0800cb98   0x0800cb98   0x00000032   Code   RO         1842    i.socket_control_pilot_task  socket_control_pilot.o
    0x0800cbca   0x0800cbca   0x00000002   PAD
    0x0800cbcc   0x0800cbcc   0x00000064   Code   RO         1843    i.socket_control_pilot_update_event  socket_control_pilot.o
    0x0800cc30   0x0800cc30   0x00000060   Code   RO         1716    i.socket_create     socket.o
    0x0800cc90   0x0800cc90   0x00000088   Code   RO         1719    i.socket_get_status  socket.o
    0x0800cd18   0x0800cd18   0x00000110   Code   RO         1720    i.socket_init_max_current  socket.o
    0x0800ce28   0x0800ce28   0x00000018   Code   RO         1721    i.socket_module_init  socket.o
    0x0800ce40   0x0800ce40   0x0000003c   Code   RO         1722    i.socket_plug_in    socket.o
    0x0800ce7c   0x0800ce7c   0x0000003c   Code   RO         1723    i.socket_plug_out   socket.o
    0x0800ceb8   0x0800ceb8   0x00000038   Code   RO         1906    i.socket_plug_switch_create_task  socket_plug_switch.o
    0x0800cef0   0x0800cef0   0x00000002   Code   RO         1907    i.socket_plug_switch_module_init  socket_plug_switch.o
    0x0800cef2   0x0800cef2   0x0000003a   Code   RO         1908    i.socket_plug_switch_task  socket_plug_switch.o
    0x0800cf2c   0x0800cf2c   0x00000018   Code   RO         1951    i.socket_proximity  socket_proximity.o
    0x0800cf44   0x0800cf44   0x00000038   Code   RO         1952    i.socket_proximity_create_task  socket_proximity.o
    0x0800cf7c   0x0800cf7c   0x00000002   Code   RO         1953    i.socket_proximity_module_init  socket_proximity.o
    0x0800cf7e   0x0800cf7e   0x00000034   Code   RO         1954    i.socket_proximity_task  socket_proximity.o
    0x0800cfb2   0x0800cfb2   0x00000002   PAD
    0x0800cfb4   0x0800cfb4   0x00000094   Code   RO         1955    i.socket_proximity_update_event  socket_proximity.o
    0x0800d048   0x0800d048   0x000000d4   Code   RO         1724    i.socket_set_current  socket.o
    0x0800d11c   0x0800d11c   0x0000001e   Code   RO         1725    i.socket_start      socket.o
    0x0800d13a   0x0800d13a   0x0000001e   Code   RO         1726    i.socket_stop       socket.o
    0x0800d158   0x0800d158   0x0000020a   Code   RO         1727    i.socket_test_descriptor  socket.o
    0x0800d362   0x0800d362   0x00000002   PAD
    0x0800d364   0x0800d364   0x00000018   Code   RO          539    i.socket_type_2_module_init  socket_type_2.o
    0x0800d37c   0x0800d37c   0x00000024   Code   RO          563    i.socket_type_3_module_init  socket_type_3.o
    0x0800d3a0   0x0800d3a0   0x00000038   Code   RO         2092    i.spi_device_done   spi_device.o
    0x0800d3d8   0x0800d3d8   0x00000038   Code   RO         2098    i.spi_device_error  spi_device.o
    0x0800d410   0x0800d410   0x00000028   Code   RO         2013    i.spi_device_handle_init  spi_device.o
    0x0800d438   0x0800d438   0x00000050   Code   RO         2014    i.spi_device_lock   spi_device.o
    0x0800d488   0x0800d488   0x00000044   Code   RO         2015    i.spi_device_module_init  spi_device.o
    0x0800d4cc   0x0800d4cc   0x00000074   Code   RO         2016    i.spi_device_rx     spi_device.o
    0x0800d540   0x0800d540   0x00000074   Code   RO         2017    i.spi_device_tx     spi_device.o
    0x0800d5b4   0x0800d5b4   0x0000005c   Code   RO         2019    i.spi_device_unlock  spi_device.o
    0x0800d610   0x0800d610   0x00000034   Code   RO         2402    i.stm32_format_uid  tools.o
    0x0800d644   0x0800d644   0x00000020   Code   RO         2403    i.stm32_uid         tools.o
    0x0800d664   0x0800d664   0x0000002e   Code   RO         2404    i.str_begin         tools.o
    0x0800d692   0x0800d692   0x00000024   Code   RO         2407    i.str_fill          tools.o
    0x0800d6b6   0x0800d6b6   0x00000032   Code   RO         2408    i.str_left_trim     tools.o
    0x0800d6e8   0x0800d6e8   0x00000028   Code   RO         2409    i.str_right_trim    tools.o
    0x0800d710   0x0800d710   0x0000000c   Code   RO         2111    i.system_get_status  system_status.o
    0x0800d71c   0x0800d71c   0x00000040   Code   RO         2114    i.system_reset_status  system_status.o
    0x0800d75c   0x0800d75c   0x00000040   Code   RO         2117    i.system_set_status  system_status.o
    0x0800d79c   0x0800d79c   0x00000078   Code   RO         2119    i.system_status_module_init  system_status.o
    0x0800d814   0x0800d814   0x0000001a   Code   RO         2121    i.system_test_status  system_status.o
    0x0800d82e   0x0800d82e   0x00000014   Code   RO         2208    i.terminal_clear_rx_buffer  terminal.o
    0x0800d842   0x0800d842   0x00000006   Code   RO         2209    i.terminal_connected  terminal.o
    0x0800d848   0x0800d848   0x00000016   Code   RO         2210    i.terminal_data_ready  terminal.o
    0x0800d85e   0x0800d85e   0x00000002   PAD
    0x0800d860   0x0800d860   0x00000148   Code   RO         2211    i.terminal_date_time  terminal.o
    0x0800d9a8   0x0800d9a8   0x00000074   Code   RO         2212    i.terminal_default  terminal.o
    0x0800da1c   0x0800da1c   0x000000b4   Code   RO         2213    i.terminal_find_pattern  terminal.o
    0x0800dad0   0x0800dad0   0x000000cc   Code   RO         2214    i.terminal_get_identifier  terminal.o
    0x0800db9c   0x0800db9c   0x00000124   Code   RO         2215    i.terminal_get_screen_size  terminal.o
    0x0800dcc0   0x0800dcc0   0x00000012   Code   RO         2216    i.terminal_get_separator  terminal.o
    0x0800dcd2   0x0800dcd2   0x00000002   PAD
    0x0800dcd4   0x0800dcd4   0x0000007c   Code   RO         2217    i.terminal_help     terminal.o
    0x0800dd50   0x0800dd50   0x0000010c   Code   RO         2218    i.terminal_list     terminal.o
    0x0800de5c   0x0800de5c   0x0000002c   Code   RO         2219    i.terminal_module_init  terminal.o
    0x0800de88   0x0800de88   0x000000fc   Code   RO         2367    i.terminal_print_cpu_load  terminal_widget.o
    0x0800df84   0x0800df84   0x000000a2   Code   RO         2220    i.terminal_read_byte  terminal.o
    0x0800e026   0x0800e026   0x00000002   PAD
    0x0800e028   0x0800e028   0x00000080   Code   RO         2221    i.terminal_reset    terminal.o
    0x0800e0a8   0x0800e0a8   0x0000001c   Code   RO         2222    i.terminal_send_byte  terminal.o
    0x0800e0c4   0x0800e0c4   0x00000026   Code   RO         2224    i.terminal_send_string  terminal.o
    0x0800e0ea   0x0800e0ea   0x00000002   PAD
    0x0800e0ec   0x0800e0ec   0x0000047c   Code   RO         2225    i.terminal_status   terminal.o
    0x0800e568   0x0800e568   0x000001c8   Code   RO         2226    i.terminal_task     terminal.o
    0x0800e730   0x0800e730   0x000000b0   Code   RO         2227    i.terminal_trace    terminal.o
    0x0800e7e0   0x0800e7e0   0x000000a4   Code   RO         1728    i.test_diode        socket.o
    0x0800e884   0x0800e884   0x0000003c   Code   RO         2549    i.trace_disable     trace.o
    0x0800e8c0   0x0800e8c0   0x00000064   Code   RO         2550    i.trace_enable      trace.o
    0x0800e924   0x0800e924   0x00000040   Code   RO         2551    i.trace_module_init  trace.o
    0x0800e964   0x0800e964   0x000000ac   Code   RO         2552    i.trace_read        trace.o
    0x0800ea10   0x0800ea10   0x0000003e   Code   RO         2412    i.uint8_to_hex      tools.o
    0x0800ea4e   0x0800ea4e   0x00000002   PAD
    0x0800ea50   0x0800ea50   0x00000048   Code   RO          786    i.verify_record     errors.o
    0x0800ea98   0x0800ea98   0x00000114   Code   RO         1844    i.wait_control_pilot_connected  socket_control_pilot.o
    0x0800ebac   0x0800ebac   0x000000c4   Code   RO         1845    i.wait_control_pilot_disconnected  socket_control_pilot.o
    0x0800ec70   0x0800ec70   0x00000088   Code   RO         1909    i.wait_plug_switch_connected  socket_plug_switch.o
    0x0800ecf8   0x0800ecf8   0x0000008c   Code   RO         1910    i.wait_plug_switch_disconnected  socket_plug_switch.o
    0x0800ed84   0x0800ed84   0x00000088   Code   RO         1956    i.wait_proximity_connected  socket_proximity.o
    0x0800ee0c   0x0800ee0c   0x00000078   Code   RO         1957    i.wait_proximity_disconnected  socket_proximity.o
    0x0800ee84   0x0800ee84   0x00000084   Code   RO          857    i.write_disable     ext_flash.o
    0x0800ef08   0x0800ef08   0x00000024   Code   RO          858    i.write_enable      ext_flash.o
    0x0800ef2c   0x0800ef2c   0x00000124   Code   RO         1308    i.write_parameter_by_field  parameters.o
    0x0800f050   0x0800f050   0x00000064   Data   RO            4    .constdata          adc12_app.o
    0x0800f0b4   0x0800f0b4   0x00000044   Data   RO          327    .constdata          evse.o
    0x0800f0f8   0x0800f0f8   0x0000008c   Data   RO          394    .constdata          inputs_app.o
    0x0800f184   0x0800f184   0x00000010   Data   RO          417    .constdata          leds_app.o
    0x0800f194   0x0800f194   0x00000004   PAD
    0x0800f198   0x0800f198   0x000007e4   Data   RO          439    .constdata          parameters_app.o
    0x0800f97c   0x0800f97c   0x00000054   Data   RO          460    .constdata          serial_app.o
    0x0800f9d0   0x0800f9d0   0x00000108   Data   RO          540    .constdata          socket_type_2.o
    0x0800fad8   0x0800fad8   0x00000150   Data   RO          564    .constdata          socket_type_3.o
    0x0800fc28   0x0800fc28   0x0000000e   Data   RO          590    .constdata          version.o
    0x0800fc36   0x0800fc36   0x00000002   PAD
    0x0800fc38   0x0800fc38   0x00000024   Data   RO          616    .constdata          adc12.o
    0x0800fc5c   0x0800fc5c   0x000002f8   Data   RO          665    .constdata          date_time.o
    0x0800ff54   0x0800ff54   0x00000600   Data   RO          745    .constdata          crc_16.o
    0x08010554   0x08010554   0x0000002c   Data   RO          860    .constdata          ext_flash.o
    0x08010580   0x08010580   0x00000024   Data   RO          997    .constdata          inputs.o
    0x080105a4   0x080105a4   0x00000024   Data   RO         1043    .constdata          kernel.o
    0x080105c8   0x080105c8   0x00000018   Data   RO         1134    .constdata          i2c_device.o
    0x080105e0   0x080105e0   0x00000024   Data   RO         1241    .constdata          leds.o
    0x08010604   0x08010604   0x00000048   Data   RO         1729    .constdata          socket.o
    0x0801064c   0x0801064c   0x00000024   Data   RO         1846    .constdata          socket_control_pilot.o
    0x08010670   0x08010670   0x00000024   Data   RO         1911    .constdata          socket_plug_switch.o
    0x08010694   0x08010694   0x00000024   Data   RO         1958    .constdata          socket_proximity.o
    0x080106b8   0x080106b8   0x00000010   Data   RO         2021    .constdata          spi_device.o
    0x080106c8   0x080106c8   0x00000068   Data   RO         2228    .constdata          terminal.o
    0x08010730   0x08010730   0x00000094   Data   RO         2608    .constdata          vt100.o
    0x080107c4   0x080107c4   0x00000024   Data   RO         2642    .constdata          log.o
    0x080107e8   0x080107e8   0x00000060   Data   RO         2784    .constdata          system_stm32g0xx.o
    0x08010848   0x08010848   0x00000064   Data   RO         6931    .constdata          rtx_lib.o
    0x080108ac   0x080108ac   0x00000081   Data   RO         7840    .constdata          mc_p.l(ctype_o.o)
    0x0801092d   0x0801092d   0x00000003   PAD
    0x08010930   0x08010930   0x00000004   Data   RO         7841    .constdata          mc_p.l(ctype_o.o)
    0x08010934   0x08010934   0x00000083   Data   RO          328    .conststring        evse.o
    0x080109b7   0x080109b7   0x00000001   PAD
    0x080109b8   0x080109b8   0x00000218   Data   RO          440    .conststring        parameters_app.o
    0x08010bd0   0x08010bd0   0x00000015   Data   RO          591    .conststring        version.o
    0x08010be5   0x08010be5   0x00000003   PAD
    0x08010be8   0x08010be8   0x00000072   Data   RO         1730    .conststring        socket.o
    0x08010c5a   0x08010c5a   0x00000002   PAD
    0x08010c5c   0x08010c5c   0x00000321   Data   RO         2229    .conststring        terminal.o
    0x08010f7d   0x08010f7d   0x00000003   PAD
    0x08010f80   0x08010f80   0x00000115   Data   RO         2609    .conststring        vt100.o
    0x08011095   0x08011095   0x00000003   PAD
    0x08011098   0x08011098   0x000000a0   Data   RO         6934    .rodata             rtx_lib.o
    0x08011138   0x08011138   0x0000000b   Data   RO         7038    .rodata.str1.4      RTX_CM0.lib(rtx_kernel.o)
    0x08011143   0x08011143   0x00000001   PAD
    0x08011144   0x08011144   0x00000020   Data   RO         7887    Region$$Table       anon$$obj.o


    Execution Region RW_IRAM1 (Exec base: 0x20000000, Load base: 0x08011164, Size: 0x00000040, Max: 0x00000040, ABSOLUTE, UNINIT)

    Exec Addr    Load Addr    Size         Type   Attr      Idx    E Section Name        Object

    0x20000000        -       0x00000040   Zero   RW          788    Error               errors.o


    Execution Region RW_IRAM2 (Exec base: 0x20000040, Load base: 0x08011164, Size: 0x000082f8, Max: 0x00008fc0, ABSOLUTE, COMPRESSED[0x000000c4])

    Exec Addr    Load Addr    Size         Type   Attr      Idx    E Section Name        Object

    0x20000040   COMPRESSED   0x00000468   Data   RW         6926    .bss.os             rtx_lib.o
    0x200004a8   COMPRESSED   0x00000034   Data   RW         6927    .bss.os.msgqueue.cb  rtx_lib.o
    0x200004dc   COMPRESSED   0x00000050   Data   RW         6928    .bss.os.msgqueue.mem  rtx_lib.o
    0x2000052c   COMPRESSED   0x000003b8   Data   RW         6929    .bss.os.thread.cb   rtx_lib.o
    0x200008e4   COMPRESSED   0x00000004   PAD
    0x200008e8   COMPRESSED   0x00003ff0   Data   RW         6930    .bss.os.thread.stack  rtx_lib.o
    0x200048d8   COMPRESSED   0x00000009   Data   RW          329    .data               evse.o
    0x200048e1   COMPRESSED   0x00000003   PAD
    0x200048e4   COMPRESSED   0x00000088   Data   RW          441    .data               parameters_app.o
    0x2000496c   COMPRESSED   0x0000001c   Data   RW          505    .data               socket_app.o
    0x20004988   COMPRESSED   0x00000004   Data   RW          617    .data               adc12.o
    0x2000498c   COMPRESSED   0x00000010   Data   RW          666    .data               date_time.o
    0x2000499c   COMPRESSED   0x00000004   Data   RW          787    .data               errors.o
    0x200049a0   COMPRESSED   0x00000008   Data   RW          861    .data               ext_flash.o
    0x200049a8   COMPRESSED   0x00000004   Data   RW          998    .data               inputs.o
    0x200049ac   COMPRESSED   0x00000020   Data   RW         1044    .data               kernel.o
    0x200049cc   COMPRESSED   0x00000008   Data   RW         1242    .data               leds.o
    0x200049d4   COMPRESSED   0x00000002   Data   RW         1311    .data               parameters.o
    0x200049d6   COMPRESSED   0x00000002   PAD
    0x200049d8   COMPRESSED   0x00000018   Data   RW         2123    .data               system_status.o
    0x200049f0   COMPRESSED   0x00000004   Data   RW         2230    .data               terminal.o
    0x200049f4   COMPRESSED   0x00000020   Data   RW         2554    .data               trace.o
    0x20004a14   COMPRESSED   0x00000014   Data   RW         2643    .data               log.o
    0x20004a28   COMPRESSED   0x00000004   Data   RW         2785    .data               system_stm32g0xx.o
    0x20004a2c   COMPRESSED   0x0000000c   Data   RW         4030    .data               stm32g0xx_hal.o
    0x20004a38   COMPRESSED   0x00000004   Data   RW         7817    .data               mc_p.l(errno.o)
    0x20004a3c   COMPRESSED   0x000000a4   Data   RW         7039    .data.os            RTX_CM0.lib(rtx_kernel.o)
    0x20004ae0   COMPRESSED   0x00000018   Data   RW         6933    .data.os.thread.mpi  rtx_lib.o
    0x20004af8        -       0x000018e4   Zero   RW          459    .bss                serial_app.o
    0x200063dc        -       0x00000038   Zero   RW          504    .bss                socket_app.o
    0x20006414        -       0x00000064   Zero   RW          615    .bss                adc12.o
    0x20006478        -       0x0000000c   Zero   RW          859    .bss                ext_flash.o
    0x20006484        -       0x00000028   Zero   RW          996    .bss                inputs.o
    0x200064ac        -       0x00000010   Zero   RW         1133    .bss                i2c_device.o
    0x200064bc        -       0x00000040   Zero   RW         1240    .bss                leds.o
    0x200064fc        -       0x000000ee   Zero   RW         1310    .bss                parameters.o
    0x200065ea   COMPRESSED   0x00000002   PAD
    0x200065ec        -       0x0000000c   Zero   RW         1392    .bss                pwm.o
    0x200065f8        -       0x0000000c   Zero   RW         2020    .bss                spi_device.o
    0x20006604        -       0x0000105d   Zero   RW         2553    .bss                trace.o
    0x20007661   COMPRESSED   0x00000003   PAD
    0x20007664        -       0x0000041c   Zero   RW         2641    .bss                log.o
    0x20007a80        -       0x000000bc   Zero   RW         6621    .bss                adc.o
    0x20007b3c        -       0x00000104   Zero   RW         6679    .bss                i2c.o
    0x20007c40        -       0x0000011c   Zero   RW         6717    .bss                spi.o
    0x20007d5c        -       0x00000040   Zero   RW         6756    .bss                tim.o
    0x20007d9c        -       0x00000198   Zero   RW         6801    .bss                usart.o
    0x20007f34        -       0x00000001   Zero   RW         7385    .bss.PendST         RTX_CM0.lib(os_systick.o)
    0x20007f35   COMPRESSED   0x00000003   PAD
    0x20007f38        -       0x00000400   Zero   RW         2773    STACK               startup_stm32g070xx.o


==============================================================================

Image component sizes


      Code (inc. data)   RO Data    RW Data    ZI Data      Debug   Object Name

       516         46          0          0        188       1827   adc.o
       392         54         36          4        100       2965   adc12.o
         6          0        100          0          0     439582   adc12_app.o
        84          0          0          0          0      15271   application.o
        84          8       1536          0          0       1760   crc_16.o
       688        100        760         16          0       5628   date_time.o
        84          4          0          0          0        694   dma.o
       176         14          0          4         64      11704   errors.o
      1284        386        199          9          0       5428   evse.o
       776         74         44          8         12       4886   ext_flash.o
       280         22          0          0          0        951   gpio.o
       356         38          0          0        260       1691   i2c.o
        72          4         24          0         16       1284   i2c_device.o
       432         42         36          4         40       2710   inputs.o
         6          0        140          0          0        927   inputs_app.o
       886        136         36         32          0       6463   kernel.o
       772         36         36          8         64       2639   leds.o
         6          0         16          0          0        883   leds_app.o
      1084         96         36         20       1052       4082   log.o
       196          4          0          0          0       1060   main.o
      2704        218          0          2        238       7096   parameters.o
         0          0       2556        136          0       3927   parameters_app.o
       610        100          0          0         12       4682   pwm.o
       628          6          0          0          0       4589   queue.o
         0          0        260      18604          0       8990   rtx_lib.o
      2168         18          0          0          0       6157   serial.o
        80          4         84          0       6372       1465   serial_app.o
         2          0          0          0          0        384   servo.o
      5226       1400        186          0          0      11743   socket.o
       256         30          0         28         56       2297   socket_app.o
       924        142         36          0          0       6368   socket_control_pilot.o
       392         96         36          0          0       3261   socket_plug_switch.o
       538         92         36          0          0       4614   socket_proximity.o
        24          8        264          0          0       2429   socket_type_2.o
        36         14        336          0          0       2696   socket_type_3.o
       396         34          0          0        284       1747   spi.o
       752         40         16          0         12       7242   spi_device.o
        28          8        184          0       1024        580   startup_stm32g070xx.o
       140         18          0         12          0       2145   stm32g0xx_hal.o
      3518        122          0          0          0      47947   stm32g0xx_hal_adc.o
       172          4          0          0          0      33210   stm32g0xx_hal_adc_ex.o
       282         32          0          0          0      12683   stm32g0xx_hal_cortex.o
       776         28          0          0          0       4343   stm32g0xx_hal_dma.o
       744         32          0          0          0       2886   stm32g0xx_hal_gpio.o
       208          6          0          0          0       2579   stm32g0xx_hal_i2c.o
       158          0          0          0          0       1803   stm32g0xx_hal_i2c_ex.o
        68          4          0          0          0        762   stm32g0xx_hal_msp.o
        88         12          0          0          0        726   stm32g0xx_hal_pwr_ex.o
      2208         96          0          0          0      20377   stm32g0xx_hal_rcc.o
       516         12          0          0          0       1560   stm32g0xx_hal_rcc_ex.o
      2482         48          0          0          0      12947   stm32g0xx_hal_spi.o
      2140        194          0          0          0      13098   stm32g0xx_hal_tim.o
       308         10          0          0          0       1956   stm32g0xx_hal_tim_ex.o
      2332         52          0          0          0       6131   stm32g0xx_hal_uart.o
       298         18          0          0          0       3273   stm32g0xx_hal_uart_ex.o
       114         40          0          0          0       3032   stm32g0xx_it.o
       286         46          0         24          0       2803   system_status.o
       252         28         96          4          0       1815   system_stm32g0xx.o
      4530        972        905          4          0      17974   terminal.o
       252         36          0          0          0       1470   terminal_widget.o
       416         28          0          0         64       2248   tim.o
       564         12          0          0          0       5852   tools.o
       612        128          0         32       4189       4691   trace.o
       932         74          0          0        408       3397   usart.o
         0          0         65          0          0        760   version.o
         0          0        425          0          0       2367   vt100.o

    ----------------------------------------------------------------------
     47392       5326       8536      18960      14460     807537   Object Totals
         0          0         32          0          0          0   (incl. Generated)
        52          0         20          9          5          0   (incl. Padding)

    ----------------------------------------------------------------------

      Code (inc. data)   RO Data    RW Data    ZI Data      Debug   Library Member Name

       164          8          0          0          0        500   irq_cm0.o
       138         32          0          0          1       2769   os_systick.o
       130         12          0          0          0       2723   rtx_delay.o
       590         48         11        164          0      16196   rtx_kernel.o
       248          0          0          0          0       2674   rtx_memory.o
       164          0          0          0          0      14367   rtx_mempool.o
      1554         44          0          0          0      18006   rtx_msgqueue.o
       700         24          0          0          0       9526   rtx_mutex.o
       360         26          0          0          0       4670   rtx_system.o
      2352        140          0          0          0      31262   rtx_thread.o
       232         20          0          0          0      10004   rtx_timer.o
        42          0          0          0          0         76   atof.o
        58          0          0          0          0          0   __dczerorl.o
       138          0          0          0          0         80   __strtoll.o
        30          0          0          0          0         60   _chval.o
        68          0          0          0          0         76   _sgetc.o
       166          0          0          0          0         84   _strtoul.o
       214          0          0          0          0         84   _strtoull.o
        26          0          0          0          0         72   atoi.o
        26          0          0          0          0         72   atol.o
        26          0          0          0          0         72   atoll.o
         8          4        133          0          0         60   ctype_o.o
         0          0          0          0          0          0   entry.o
         0          0          0          0          0          0   entry10a.o
         0          0          0          0          0          0   entry11a.o
         8          4          0          0          0          0   entry2.o
         4          0          0          0          0          0   entry5.o
         0          0          0          0          0          0   entry7b.o
         0          0          0          0          0          0   entry8b.o
         8          4          0          0          0          0   entry9a.o
        32         16          0          4          0        180   errno.o
        30          0          0          0          0          0   handlers.o
        40          0          0          0          0         72   idiv.o
        36          8          0          0          0         68   init.o
        18          0          0          0          0         68   isspace_o.o
         0          0          0          0          0          0   iusefp.o
       122          0          0          0          0         84   llmul.o
        32          0          0          0          0         68   llshl.o
        38          0          0          0          0         68   llsshr.o
        34          0          0          0          0         68   llushr.o
        26          0          0          0          0         72   memcmp.o
        64          0          0          0          0         68   memmovea.o
        36          0          0          0          0        100   memseta.o
      2388        104          0          0          0        688   printfa.o
       898         12          0          0          0        184   scanf_fp.o
        24          0          0          0          0         60   strcat.o
        28          0          0          0          0         68   strcmp.o
        18          0          0          0          0         60   strcpy.o
        14          0          0          0          0         60   strlen.o
        26          0          0          0          0         68   strncpy.o
        40          0          0          0          0         72   strstr.o
       164         16          0          0          0        120   strtod.o
       112          4          0          0          0         76   strtol.o
        44          0          0          0          0         72   uidiv.o
        96          0          0          0          0         84   uldiv.o
        20          0          0          0          0         60   uread4.o
        18          0          0          0          0         60   uwrite4.o
        40          2          0          0          0         68   cdcmple.o
        40          2          0          0          0         68   cdrcmple.o
        20          0          0          0          0         68   cfcmple.o
        20          0          0          0          0         68   cfrcmple.o
        56          0          0          0          0         68   d2f.o
       356          4          0          0          0        140   dadd.o
       240          6          0          0          0         84   ddiv.o
       236          0          0          0          0        216   depilogue.o
        80          8          0          0          0         72   dfixl.o
        64         10          0          0          0         68   dfixul.o
        28          6          0          0          0         68   dfltul.o
       208          6          0          0          0         88   dmul.o
        40          0          0          0          0         60   f2d.o
       178          0          0          0          0        108   fadd.o
       124          0          0          0          0         72   fdiv.o
       130          0          0          0          0        144   fepilogue.o
        40          0          0          0          0         60   ffixui.o
        14          0          0          0          0         68   ffltui.o
       122          0          0          0          0         72   fmul.o

    ----------------------------------------------------------------------
     13912        570        148        168          4     117741   Library Totals
        24          0          4          0          3          0   (incl. Padding)

    ----------------------------------------------------------------------

      Code (inc. data)   RO Data    RW Data    ZI Data      Debug   Library Name

      6632        354         11        164          1     112697   RTX_CM0.lib
        42          0          0          0          0         76   m_ps.l
      5178        172        133          4          0       3308   mc_p.l
      2036         44          0          0          0       1660   mf_p.l

    ----------------------------------------------------------------------
     13912        570        148        168          4     117741   Library Totals

    ----------------------------------------------------------------------

==============================================================================


      Code (inc. data)   RO Data    RW Data    ZI Data      Debug   

     61304       5896       8684      19128      14464     909126   Grand Totals
     61304       5896       8684        196      14464     909126   ELF Image Totals (compressed)
     61304       5896       8684        196          0          0   ROM Totals

==============================================================================

    Total RO  Size (Code + RO Data)                69988 (  68.35kB)
    Total RW  Size (RW Data + ZI Data)             33592 (  32.80kB)
    Total ROM Size (Code + RO Data + RW Data)      70184 (  68.54kB)

==============================================================================

